Archive member included because of file (symbol)

c:/gccarm/bin/../lib/gcc/arm-none-eabi/4.8.4/../../../../arm-none-eabi/lib/armv7e-m/fpu\libm.a(lib_a-sf_cos.o)
                              obj/VRBRAIN/gps.o (cosf)
c:/gccarm/bin/../lib/gcc/arm-none-eabi/4.8.4/../../../../arm-none-eabi/lib/armv7e-m/fpu\libm.a(lib_a-sf_lrint.o)
                              obj/VRBRAIN/imu.o (lrintf)
c:/gccarm/bin/../lib/gcc/arm-none-eabi/4.8.4/../../../../arm-none-eabi/lib/armv7e-m/fpu\libm.a(lib_a-sf_sin.o)
                              obj/VRBRAIN/gps.o (sinf)
c:/gccarm/bin/../lib/gcc/arm-none-eabi/4.8.4/../../../../arm-none-eabi/lib/armv7e-m/fpu\libm.a(lib_a-wf_acos.o)
                              obj/VRBRAIN/imu.o (acosf)
c:/gccarm/bin/../lib/gcc/arm-none-eabi/4.8.4/../../../../arm-none-eabi/lib/armv7e-m/fpu\libm.a(lib_a-wf_atan2.o)
                              obj/VRBRAIN/gps.o (atan2f)
c:/gccarm/bin/../lib/gcc/arm-none-eabi/4.8.4/../../../../arm-none-eabi/lib/armv7e-m/fpu\libm.a(lib_a-wf_pow.o)
                              obj/VRBRAIN/imu.o (powf)
c:/gccarm/bin/../lib/gcc/arm-none-eabi/4.8.4/../../../../arm-none-eabi/lib/armv7e-m/fpu\libm.a(lib_a-wf_sqrt.o)
                              obj/VRBRAIN/gps.o (sqrtf)
c:/gccarm/bin/../lib/gcc/arm-none-eabi/4.8.4/../../../../arm-none-eabi/lib/armv7e-m/fpu\libm.a(lib_a-ef_acos.o)
                              c:/gccarm/bin/../lib/gcc/arm-none-eabi/4.8.4/../../../../arm-none-eabi/lib/armv7e-m/fpu\libm.a(lib_a-wf_acos.o) (__ieee754_acosf)
c:/gccarm/bin/../lib/gcc/arm-none-eabi/4.8.4/../../../../arm-none-eabi/lib/armv7e-m/fpu\libm.a(lib_a-ef_atan2.o)
                              c:/gccarm/bin/../lib/gcc/arm-none-eabi/4.8.4/../../../../arm-none-eabi/lib/armv7e-m/fpu\libm.a(lib_a-wf_atan2.o) (__ieee754_atan2f)
c:/gccarm/bin/../lib/gcc/arm-none-eabi/4.8.4/../../../../arm-none-eabi/lib/armv7e-m/fpu\libm.a(lib_a-ef_pow.o)
                              c:/gccarm/bin/../lib/gcc/arm-none-eabi/4.8.4/../../../../arm-none-eabi/lib/armv7e-m/fpu\libm.a(lib_a-wf_pow.o) (__ieee754_powf)
c:/gccarm/bin/../lib/gcc/arm-none-eabi/4.8.4/../../../../arm-none-eabi/lib/armv7e-m/fpu\libm.a(lib_a-ef_rem_pio2.o)
                              c:/gccarm/bin/../lib/gcc/arm-none-eabi/4.8.4/../../../../arm-none-eabi/lib/armv7e-m/fpu\libm.a(lib_a-sf_cos.o) (__ieee754_rem_pio2f)
c:/gccarm/bin/../lib/gcc/arm-none-eabi/4.8.4/../../../../arm-none-eabi/lib/armv7e-m/fpu\libm.a(lib_a-ef_sqrt.o)
                              c:/gccarm/bin/../lib/gcc/arm-none-eabi/4.8.4/../../../../arm-none-eabi/lib/armv7e-m/fpu\libm.a(lib_a-wf_sqrt.o) (__ieee754_sqrtf)
c:/gccarm/bin/../lib/gcc/arm-none-eabi/4.8.4/../../../../arm-none-eabi/lib/armv7e-m/fpu\libm.a(lib_a-kf_cos.o)
                              c:/gccarm/bin/../lib/gcc/arm-none-eabi/4.8.4/../../../../arm-none-eabi/lib/armv7e-m/fpu\libm.a(lib_a-sf_cos.o) (__kernel_cosf)
c:/gccarm/bin/../lib/gcc/arm-none-eabi/4.8.4/../../../../arm-none-eabi/lib/armv7e-m/fpu\libm.a(lib_a-kf_rem_pio2.o)
                              c:/gccarm/bin/../lib/gcc/arm-none-eabi/4.8.4/../../../../arm-none-eabi/lib/armv7e-m/fpu\libm.a(lib_a-ef_rem_pio2.o) (__kernel_rem_pio2f)
c:/gccarm/bin/../lib/gcc/arm-none-eabi/4.8.4/../../../../arm-none-eabi/lib/armv7e-m/fpu\libm.a(lib_a-kf_sin.o)
                              c:/gccarm/bin/../lib/gcc/arm-none-eabi/4.8.4/../../../../arm-none-eabi/lib/armv7e-m/fpu\libm.a(lib_a-sf_cos.o) (__kernel_sinf)
c:/gccarm/bin/../lib/gcc/arm-none-eabi/4.8.4/../../../../arm-none-eabi/lib/armv7e-m/fpu\libm.a(lib_a-s_lib_ver.o)
                              c:/gccarm/bin/../lib/gcc/arm-none-eabi/4.8.4/../../../../arm-none-eabi/lib/armv7e-m/fpu\libm.a(lib_a-wf_acos.o) (__fdlib_version)
c:/gccarm/bin/../lib/gcc/arm-none-eabi/4.8.4/../../../../arm-none-eabi/lib/armv7e-m/fpu\libm.a(lib_a-s_matherr.o)
                              c:/gccarm/bin/../lib/gcc/arm-none-eabi/4.8.4/../../../../arm-none-eabi/lib/armv7e-m/fpu\libm.a(lib_a-wf_acos.o) (matherr)
c:/gccarm/bin/../lib/gcc/arm-none-eabi/4.8.4/../../../../arm-none-eabi/lib/armv7e-m/fpu\libm.a(lib_a-s_nan.o)
                              c:/gccarm/bin/../lib/gcc/arm-none-eabi/4.8.4/../../../../arm-none-eabi/lib/armv7e-m/fpu\libm.a(lib_a-wf_acos.o) (nan)
c:/gccarm/bin/../lib/gcc/arm-none-eabi/4.8.4/../../../../arm-none-eabi/lib/armv7e-m/fpu\libm.a(lib_a-s_rint.o)
                              c:/gccarm/bin/../lib/gcc/arm-none-eabi/4.8.4/../../../../arm-none-eabi/lib/armv7e-m/fpu\libm.a(lib_a-wf_pow.o) (rint)
c:/gccarm/bin/../lib/gcc/arm-none-eabi/4.8.4/../../../../arm-none-eabi/lib/armv7e-m/fpu\libm.a(lib_a-sf_atan.o)
                              c:/gccarm/bin/../lib/gcc/arm-none-eabi/4.8.4/../../../../arm-none-eabi/lib/armv7e-m/fpu\libm.a(lib_a-ef_atan2.o) (atanf)
c:/gccarm/bin/../lib/gcc/arm-none-eabi/4.8.4/../../../../arm-none-eabi/lib/armv7e-m/fpu\libm.a(lib_a-sf_fabs.o)
                              c:/gccarm/bin/../lib/gcc/arm-none-eabi/4.8.4/../../../../arm-none-eabi/lib/armv7e-m/fpu\libm.a(lib_a-wf_acos.o) (fabsf)
[...]
Memory Configuration

Name             Origin             Length             Attributes
rom              0x08000000         0x00100000         xr
ram              0x20000000         0x00020000         xrw
ram1             0x10000000         0x00010000         xrw
*default*        0x00000000         0xffffffff

Linker script and memory map

LOAD obj/VRBRAIN/buzzer.o
LOAD obj/VRBRAIN/cli.o
LOAD obj/VRBRAIN/config.o
LOAD obj/VRBRAIN/gps.o
LOAD obj/VRBRAIN/imu.o
LOAD obj/VRBRAIN/main.o
LOAD obj/VRBRAIN/mw.o
LOAD obj/VRBRAIN/mixer.o
LOAD obj/VRBRAIN/printf.o
LOAD obj/VRBRAIN/rxmsp.o
LOAD obj/VRBRAIN/rxsbus.o
LOAD obj/VRBRAIN/rxspektrum.o
LOAD obj/VRBRAIN/rxsumd.o
LOAD obj/VRBRAIN/sensors.o
LOAD obj/VRBRAIN/serial.o
LOAD obj/VRBRAIN/utils.o
LOAD obj/VRBRAIN/telemetry_common.o
LOAD obj/VRBRAIN/telemetry_frsky.o
LOAD obj/VRBRAIN/telemetry_hott.o
LOAD obj/VRBRAIN/system_stm32f4xx.o
LOAD obj/VRBRAIN/usbd_core.o
LOAD obj/VRBRAIN/usbd_ioreq.o
LOAD obj/VRBRAIN/usbd_req.o
LOAD obj/VRBRAIN/misc.o
LOAD obj/VRBRAIN/stm32f4xx_dma.o
LOAD obj/VRBRAIN/stm32f4xx_exti.o
LOAD obj/VRBRAIN/stm32f4xx_flash.o
LOAD obj/VRBRAIN/stm32f4xx_gpio.o
LOAD obj/VRBRAIN/stm32f4xx_i2c.o
LOAD obj/VRBRAIN/stm32f4xx_rcc.o
LOAD obj/VRBRAIN/stm32f4xx_spi.o
LOAD obj/VRBRAIN/stm32f4xx_tim.o
LOAD obj/VRBRAIN/stm32f4xx_usart.o
LOAD obj/VRBRAIN/usb_core.o
LOAD obj/VRBRAIN/usb_dcd.o
LOAD obj/VRBRAIN/usb_dcd_int.o
LOAD obj/VRBRAIN/usbd_cdc_core.o
LOAD obj/VRBRAIN/lib/cmsis_boot/startup/startup_stm32f4xx.o
LOAD obj/VRBRAIN/drivers/spi1.o
LOAD obj/VRBRAIN/drivers/spi2.o
LOAD obj/VRBRAIN/drivers/crc.o
LOAD obj/VRBRAIN/drivers/pwm.o
LOAD obj/VRBRAIN/drivers/serial.o
LOAD obj/VRBRAIN/drivers/softserial.o
LOAD obj/VRBRAIN/drivers/timer.o
LOAD obj/VRBRAIN/sensors/i2c_hmc5883l.o
LOAD obj/VRBRAIN/sensors/spi_mpu6000.o
LOAD obj/VRBRAIN/sensors/spi_ms5611.o
LOAD obj/VRBRAIN/drivers/adc_stm32f4xx.o
LOAD obj/VRBRAIN/drivers/gpio_stm32f4xx.o
LOAD obj/VRBRAIN/drivers/i2c_stm32f4xx.o
LOAD obj/VRBRAIN/drivers/uart_stm32f4xx.o
LOAD obj/VRBRAIN/drivers/usb_stm32f4xx.o
LOAD obj/VRBRAIN/drivers/vcp_stm32f4xx/stm32f4xx_it.o
LOAD obj/VRBRAIN/drivers/vcp_stm32f4xx/usb_bsp.o
LOAD obj/VRBRAIN/drivers/vcp_stm32f4xx/usbd_cdc_vcp.o
LOAD obj/VRBRAIN/drivers/vcp_stm32f4xx/usbd_desc.o
LOAD obj/VRBRAIN/drivers/vcp_stm32f4xx/usbd_usr.o
LOAD c:/gccarm/bin/../lib/gcc/arm-none-eabi/4.8.4/../../../../arm-none-eabi/lib/armv7e-m/fpu\libm.a
LOAD c:/gccarm/bin/../lib/gcc/arm-none-eabi/4.8.4/../../../../arm-none-eabi/lib/armv7e-m/fpu\libc_s.a
LOAD c:/gccarm/bin/../lib/gcc/arm-none-eabi/4.8.4/../../../../arm-none-eabi/lib/armv7e-m/fpu\libnosys.a
START GROUP
LOAD c:/gccarm/bin/../lib/gcc/arm-none-eabi/4.8.4/armv7e-m/fpu\libgcc.a
LOAD c:/gccarm/bin/../lib/gcc/arm-none-eabi/4.8.4/../../../../arm-none-eabi/lib/armv7e-m/fpu\libc_s.a
END GROUP
START GROUP
LOAD c:/gccarm/bin/../lib/gcc/arm-none-eabi/4.8.4/armv7e-m/fpu\libgcc.a
LOAD c:/gccarm/bin/../lib/gcc/arm-none-eabi/4.8.4/../../../../arm-none-eabi/lib/armv7e-m/fpu\libc_s.a
END GROUP
                0x20020000                _eram = 0x20020000

.text           0x08000000    0x12151
 *(.isr_vector)
 .isr_vector    0x08000000      0x188 obj/VRBRAIN/lib/cmsis_boot/startup/startup_stm32f4xx.o
                0x08000000                g_pfnVectors
 *(.text*)
 .text.i2a      0x08000188       0x28 obj/VRBRAIN/cli.o
 .text._atof    0x080001b0      0x110 obj/VRBRAIN/cli.o
 .text.cliPrint
                0x080002c0       0x1c obj/VRBRAIN/cli.o
 .text.cliVersion
                0x080002dc        0xc obj/VRBRAIN/cli.o
 .text.cliHelp  0x080002e8       0x2c obj/VRBRAIN/cli.o
 .text.cliStatus
                0x08000314       0xf4 obj/VRBRAIN/cli.o
 .text.cliCompare
                0x08000408       0x1a obj/VRBRAIN/cli.o
 *fill*         0x08000422        0x2 
 .text.cliSave  0x08000424       0x30 obj/VRBRAIN/cli.o
 .text.cliMap   0x08000454       0xa4 obj/VRBRAIN/cli.o
 .text.cliGpsPassthrough
                0x080004f8       0x20 obj/VRBRAIN/cli.o
 .text.cliFeature
                0x08000518       0xe8 obj/VRBRAIN/cli.o
 .text.cliExit  0x08000600       0x38 obj/VRBRAIN/cli.o
 .text.cliDefaults
                0x08000638       0x2c obj/VRBRAIN/cli.o
 .text.cliMixer
                0x08000664       0xa0 obj/VRBRAIN/cli.o
 .text.cliProfile
                0x08000704       0x4c obj/VRBRAIN/cli.o
 .text.cliMotor
                0x08000750       0xa8 obj/VRBRAIN/cli.o
 .text.cliAux   0x080007f8       0x64 obj/VRBRAIN/cli.o
 .text.itoa     0x0800085c       0x24 obj/VRBRAIN/cli.o
                0x0800085c                itoa
 .text.ftoa     0x08000880       0xd8 obj/VRBRAIN/cli.o
 .text.cliPrintVar
                0x08000958       0xa4 obj/VRBRAIN/cli.o
 .text.cliSet   0x080009fc      0x168 obj/VRBRAIN/cli.o
 .text.cliDump  0x08000b64      0x1d0 obj/VRBRAIN/cli.o
 .text.cliCMix  0x08000d34      0x264 obj/VRBRAIN/cli.o
 .text.cliProcess
                0x08000f98      0x1dc obj/VRBRAIN/cli.o
                0x08000f98                cliProcess
 .text.validEEPROM
                0x08001174       0x48 obj/VRBRAIN/config.o
 .text.parseRcChannels
                0x080011bc       0x30 obj/VRBRAIN/config.o
                0x080011bc                parseRcChannels
 .text.configRead
                0x080011ec       0x50 obj/VRBRAIN/config.o
                0x080011ec                configRead
 .text.activateConfig
                0x0800123c       0xd0 obj/VRBRAIN/config.o
                0x0800123c                activateConfig
 .text.loadAndActivateConfig
                0x0800130c        0xe obj/VRBRAIN/config.o
                0x0800130c                loadAndActivateConfig
 *fill*         0x0800131a        0x2 
 .text.writeEEPROM
                0x0800131c       0xd0 obj/VRBRAIN/config.o
                0x0800131c                writeEEPROM
 .text.writeConfig
                0x080013ec       0x1a obj/VRBRAIN/config.o
                0x080013ec                writeConfig
 *fill*         0x08001406        0x2 
 .text.sensors  0x08001408       0x14 obj/VRBRAIN/config.o
                0x08001408                sensors
 .text.sensorsSet
                0x0800141c       0x10 obj/VRBRAIN/config.o
                0x0800141c                sensorsSet
 .text.sensorsClear
                0x0800142c       0x10 obj/VRBRAIN/config.o
                0x0800142c                sensorsClear
 .text.sensorsMask
                0x0800143c        0xc obj/VRBRAIN/config.o
                0x0800143c                sensorsMask
 .text.feature  0x08001448       0x14 obj/VRBRAIN/config.o
                0x08001448                feature
 .text.featureSet
                0x0800145c       0x10 obj/VRBRAIN/config.o
                0x0800145c                featureSet
 .text.checkFirstTime
                0x0800146c      0x3ac obj/VRBRAIN/config.o
                0x0800146c                checkFirstTime
 .text.featureClear
                0x08001818       0x10 obj/VRBRAIN/config.o
                0x08001818                featureClear
 .text.featureClearAll
                0x08001828        0xc obj/VRBRAIN/config.o
                0x08001828                featureClearAll
 .text.featureMask
                0x08001834        0xc obj/VRBRAIN/config.o
                0x08001834                featureMask
 .text.gpsSetState
                0x08001840       0x18 obj/VRBRAIN/gps.o
 .text.GPS_calc_longitude_scaling
                0x08001858       0x40 obj/VRBRAIN/gps.o
 .text.GPS_distance_cm_bearing.isra.3
                0x08001898       0x88 obj/VRBRAIN/gps.o
 .text.get_I.isra.4
                0x08001920       0x5a obj/VRBRAIN/gps.o
 *fill*         0x0800197a        0x2 
 .text.grab_fields.constprop.8
                0x0800197c       0x44 obj/VRBRAIN/gps.o
 .text.GPS_reset_home_position
                0x080019c0       0x50 obj/VRBRAIN/gps.o
                0x080019c0                GPS_reset_home_position
 .text.GPS_reset_nav
                0x08001a10       0x58 obj/VRBRAIN/gps.o
                0x08001a10                GPS_reset_nav
 .text.gpsSetPIDs
                0x08001a68      0x110 obj/VRBRAIN/gps.o
                0x08001a68                gpsSetPIDs
 .text.gpsInit  0x08001b78       0xb8 obj/VRBRAIN/gps.o
                0x08001b78                gpsInit
 .text.gpsSetPassthrough
                0x08001c30       0x7c obj/VRBRAIN/gps.o
                0x08001c30                gpsSetPassthrough
 .text.GPS_set_next_wp
                0x08001cac       0x94 obj/VRBRAIN/gps.o
                0x08001cac                GPS_set_next_wp
 .text.wrap_18000
                0x08001d40       0x24 obj/VRBRAIN/gps.o
                0x08001d40                wrap_18000
 .text.GPS_coord_to_degrees
                0x08001d64       0xa8 obj/VRBRAIN/gps.o
                0x08001d64                GPS_coord_to_degrees
 .text.gpsThread
                0x08001e0c      0xe04 obj/VRBRAIN/gps.o
                0x08001e0c                gpsThread
 .text.calculateHeading
                0x08002c10       0xb8 obj/VRBRAIN/imu.o
 .text.imuInit  0x08002cc8       0xd4 obj/VRBRAIN/imu.o
                0x08002cc8                imuInit
 .text.normalizeV
                0x08002d9c       0x52 obj/VRBRAIN/imu.o
                0x08002d9c                normalizeV
 .text.rotateV  0x08002dee       0xd4 obj/VRBRAIN/imu.o
                0x08002dee                rotateV
 .text.applyDeadband
                0x08002ec2       0x1e obj/VRBRAIN/imu.o
                0x08002ec2                applyDeadband
 .text.acc_calc
                0x08002ee0      0x19c obj/VRBRAIN/imu.o
                0x08002ee0                acc_calc
 .text.computeIMU
                0x0800307c      0x32c obj/VRBRAIN/imu.o
                0x0800307c                computeIMU
 .text.accSum_reset
                0x080033a8       0x20 obj/VRBRAIN/imu.o
                0x080033a8                accSum_reset
 .text.getEstimatedAltitude
                0x080033c8      0x424 obj/VRBRAIN/imu.o
                0x080033c8                getEstimatedAltitude
 .text.startup.main
                0x080037ec      0x2a0 obj/VRBRAIN/main.o
                0x080037ec                main
 .text.HardFault_Handler
                0x08003a8c       0x1c obj/VRBRAIN/main.o
                0x08003a8c                HardFault_Handler
 .text.mwDisarm
                0x08003aa8       0x10 obj/VRBRAIN/mw.o
 .text.pidMultiWii
                0x08003ab8      0x260 obj/VRBRAIN/mw.o
 .text.pidRewrite
                0x08003d18      0x160 obj/VRBRAIN/mw.o
 .text.gpsLED.part.1
                0x08003e78       0x30 obj/VRBRAIN/mw.o
 .text.blinkLED
                0x08003ea8       0x4c obj/VRBRAIN/mw.o
                0x08003ea8                blinkLED
 .text.mwArm    0x08003ef4       0x40 obj/VRBRAIN/mw.o
 .text.annexCode
                0x08003f34      0x328 obj/VRBRAIN/mw.o
                0x08003f34                annexCode
 .text.pwmReadRawRC
                0x0800425c       0x10 obj/VRBRAIN/mw.o
                0x0800425c                pwmReadRawRC
 .text.computeRC
                0x0800426c       0xb4 obj/VRBRAIN/mw.o
                0x0800426c                computeRC
 .text.setPIDController
                0x08004320       0x1c obj/VRBRAIN/mw.o
                0x08004320                setPIDController
 .text.loop     0x0800433c      0xaa4 obj/VRBRAIN/mw.o
                0x0800433c                loop
 .text.servoMiddle
                0x08004de0       0x28 obj/VRBRAIN/mixer.o
                0x08004de0                servoMiddle
 .text.servoDirection
                0x08004e08       0x24 obj/VRBRAIN/mixer.o
                0x08004e08                servoDirection
 .text.mixerResetMotors
                0x08004e2c       0x30 obj/VRBRAIN/mixer.o
                0x08004e2c                mixerResetMotors
 .text.mixerInit
                0x08004e5c      0x190 obj/VRBRAIN/mixer.o
                0x08004e5c                mixerInit
 .text.mixerLoadMix
                0x08004fec       0x50 obj/VRBRAIN/mixer.o
                0x08004fec                mixerLoadMix
 .text.writeMotors
                0x0800503c       0x28 obj/VRBRAIN/mixer.o
                0x0800503c                writeMotors
 .text.mixTable
                0x08005064      0x534 obj/VRBRAIN/mixer.o
                0x08005064                mixTable
 .text.uli2a    0x08005598       0x50 obj/VRBRAIN/printf.o
 .text.ui2a     0x080055e8       0x50 obj/VRBRAIN/printf.o
 .text.putchw   0x08005638       0x48 obj/VRBRAIN/printf.o
 .text.tfp_format
                0x08005680      0x18a obj/VRBRAIN/printf.o
                0x08005680                tfp_format
 *fill*         0x0800580a        0x2 
 .text.init_printf
                0x0800580c       0x14 obj/VRBRAIN/printf.o
                0x0800580c                init_printf
 .text.tfp_printf
                0x08005820       0x2c obj/VRBRAIN/printf.o
                0x08005820                tfp_printf
 .text.mspReadRawRC
                0x0800584c        0xc obj/VRBRAIN/rxmsp.o
 .text.mspFrameRecieve
                0x08005858        0xc obj/VRBRAIN/rxmsp.o
                0x08005858                mspFrameRecieve
 .text.mspFrameComplete
                0x08005864       0x1c obj/VRBRAIN/rxmsp.o
                0x08005864                mspFrameComplete
 .text.mspRxInit
                0x08005880        0xc obj/VRBRAIN/rxmsp.o
                0x08005880                mspRxInit
 .text.sbusReadRawRC
                0x0800588c       0x20 obj/VRBRAIN/rxsbus.o
 .text.sbusDataReceive
                0x080058ac       0x58 obj/VRBRAIN/rxsbus.o
 .text.sbusInit
                0x08005904       0x5c obj/VRBRAIN/rxsbus.o
                0x08005904                sbusInit
 .text.sbusFrameComplete
                0x08005960       0xb8 obj/VRBRAIN/rxsbus.o
                0x08005960                sbusFrameComplete
 .text.spektrumParser
                0x08005a18       0x68 obj/VRBRAIN/rxspektrum.o
 .text.spektrumRead
                0x08005a80       0x90 obj/VRBRAIN/rxspektrum.o
                0x08005a80                spektrumRead
 .text.spektrumFrameComplete
                0x08005b10        0xc obj/VRBRAIN/rxspektrum.o
                0x08005b10                spektrumFrameComplete
 .text.spektrumInit
                0x08005b1c       0x68 obj/VRBRAIN/rxspektrum.o
                0x08005b1c                spektrumInit
 .text.sumdReadRawRC
                0x08005b84       0x1c obj/VRBRAIN/rxsumd.o
 .text.sumdDataReceive
                0x08005ba0       0x74 obj/VRBRAIN/rxsumd.o
 .text.sumdInit
                0x08005c14       0x34 obj/VRBRAIN/rxsumd.o
                0x08005c14                sumdInit
 .text.sumdFrameComplete
                0x08005c48       0x6c obj/VRBRAIN/rxsumd.o
                0x08005c48                sumdFrameComplete
 .text.sensorsAutodetect
                0x08005cb4       0xd4 obj/VRBRAIN/sensors.o
                0x08005cb4                sensorsAutodetect
 .text.Baro_Common
                0x08005d88       0x44 obj/VRBRAIN/sensors.o
                0x08005d88                Baro_Common
 .text.Baro_update
                0x08005dcc       0x70 obj/VRBRAIN/sensors.o
                0x08005dcc                Baro_update
 .text.IMU_getADC
                0x08005e3c      0x334 obj/VRBRAIN/sensors.o
                0x08005e3c                IMU_getADC
 .text.Mag_init
                0x08006170       0x30 obj/VRBRAIN/sensors.o
                0x08006170                Mag_init
 .text.Mag_getADC
                0x080061a0      0x11c obj/VRBRAIN/sensors.o
                0x080061a0                Mag_getADC
 .text.storeOldServoConfig
                0x080062bc       0x34 obj/VRBRAIN/serial.o
 .text.serialize8
                0x080062f0       0x20 obj/VRBRAIN/serial.o
                0x080062f0                serialize8
 .text.serialize32
                0x08006310       0x24 obj/VRBRAIN/serial.o
                0x08006310                serialize32
 .text.serialize16
                0x08006334       0x16 obj/VRBRAIN/serial.o
                0x08006334                serialize16
 *fill*         0x0800634a        0x2 
 .text.read8    0x0800634c       0x14 obj/VRBRAIN/serial.o
                0x0800634c                read8
 .text.read16   0x08006360       0x14 obj/VRBRAIN/serial.o
                0x08006360                read16
 .text.read32   0x08006374       0x12 obj/VRBRAIN/serial.o
                0x08006374                read32
 *fill*         0x08006386        0x2 
 .text.headSerialResponse
                0x08006388       0x40 obj/VRBRAIN/serial.o
                0x08006388                headSerialResponse
 .text.headSerialReply
                0x080063c8        0x8 obj/VRBRAIN/serial.o
                0x080063c8                headSerialReply
 .text.headSerialError
                0x080063d0        0x8 obj/VRBRAIN/serial.o
                0x080063d0                headSerialError
 .text.tailSerialReply
                0x080063d8       0x10 obj/VRBRAIN/serial.o
                0x080063d8                tailSerialReply
 .text.s_struct
                0x080063e8       0x20 obj/VRBRAIN/serial.o
                0x080063e8                s_struct
 .text.serializeNames
                0x08006408       0x12 obj/VRBRAIN/serial.o
                0x08006408                serializeNames
 *fill*         0x0800641a        0x2 
 .text.serializeBoxNamesReply
                0x0800641c       0x64 obj/VRBRAIN/serial.o
                0x0800641c                serializeBoxNamesReply
 .text.mspInit  0x08006480      0x138 obj/VRBRAIN/serial.o
                0x08006480                mspInit
 .text.serialCom
                0x080065b8      0xeb4 obj/VRBRAIN/serial.o
                0x080065b8                serialCom
 .text.constrain
                0x0800746c       0x10 obj/VRBRAIN/utils.o
                0x0800746c                constrain
 .text.initBoardAlignment
                0x0800747c      0x11c obj/VRBRAIN/utils.o
                0x0800747c                initBoardAlignment
 .text.alignBoard
                0x08007598       0x94 obj/VRBRAIN/utils.o
                0x08007598                alignBoard
 .text.alignSensors
                0x0800762c       0x7c obj/VRBRAIN/utils.o
                0x0800762c                alignSensors
 .text.initTelemetry
                0x080076a8       0x24 obj/VRBRAIN/telemetry_common.o
                0x080076a8                initTelemetry
 .text.checkTelemetryState
                0x080076cc        0x2 obj/VRBRAIN/telemetry_common.o
                0x080076cc                checkTelemetryState
 .text.handleTelemetry
                0x080076ce        0x2 obj/VRBRAIN/telemetry_common.o
                0x080076ce                handleTelemetry
 .text.SysTick_Handler
                0x080076d0       0x10 obj/VRBRAIN/system_stm32f4xx.o
                0x080076d0                SysTick_Handler
 .text.micros   0x080076e0       0x34 obj/VRBRAIN/system_stm32f4xx.o
                0x080076e0                micros
 .text.millis   0x08007714        0xc obj/VRBRAIN/system_stm32f4xx.o
                0x08007714                millis
 .text.delayMicroseconds
                0x08007720       0x16 obj/VRBRAIN/system_stm32f4xx.o
                0x08007720                delayMicroseconds
 .text.delay    0x08007736       0x14 obj/VRBRAIN/system_stm32f4xx.o
                0x08007736                delay
 *fill*         0x0800774a        0x2 
 .text.failureMode
                0x0800774c       0x38 obj/VRBRAIN/system_stm32f4xx.o
                0x0800774c                failureMode
 .text.systemReset
                0x08007784       0x20 obj/VRBRAIN/system_stm32f4xx.o
                0x08007784                systemReset
 .text.systemUnPause
                0x080077a4        0x6 obj/VRBRAIN/system_stm32f4xx.o
                0x080077a4                systemUnPause
 .text.systemPause
                0x080077aa        0x6 obj/VRBRAIN/system_stm32f4xx.o
                0x080077aa                systemPause
 .text.SystemCoreClockUpdate
                0x080077b0       0x74 obj/VRBRAIN/system_stm32f4xx.o
                0x080077b0                SystemCoreClockUpdate
 .text.SystemInit
                0x08007824      0x16c obj/VRBRAIN/system_stm32f4xx.o
                0x08007824                SystemInit
 .text.USBD_Resume
                0x08007990       0x16 obj/VRBRAIN/usbd_core.o
 .text.USBD_Suspend
                0x080079a6       0x14 obj/VRBRAIN/usbd_core.o
 .text.USBD_SOF
                0x080079ba       0x10 obj/VRBRAIN/usbd_core.o
 .text.USBD_IsoINIncomplete
                0x080079ca        0xe obj/VRBRAIN/usbd_core.o
 .text.USBD_IsoOUTIncomplete
                0x080079d8        0xe obj/VRBRAIN/usbd_core.o
 .text.USBD_Reset
                0x080079e6       0x2e obj/VRBRAIN/usbd_core.o
 .text.USBD_SetupStage
                0x08007a14       0x4a obj/VRBRAIN/usbd_core.o
 .text.USBD_DataInStage
                0x08007a5e       0x98 obj/VRBRAIN/usbd_core.o
 .text.USBD_DataOutStage
                0x08007af6       0x74 obj/VRBRAIN/usbd_core.o
 .text.USBD_Init
                0x08007b6a       0x38 obj/VRBRAIN/usbd_core.o
                0x08007b6a                USBD_Init
 .text.USBD_SetCfg
                0x08007ba2       0x18 obj/VRBRAIN/usbd_core.o
                0x08007ba2                USBD_SetCfg
 .text.USBD_ClrCfg
                0x08007bba        0xe obj/VRBRAIN/usbd_core.o
                0x08007bba                USBD_ClrCfg
 .text.USBD_CtlSendData
                0x08007bc8       0x22 obj/VRBRAIN/usbd_ioreq.o
                0x08007bc8                USBD_CtlSendData
 .text.USBD_CtlContinueSendData
                0x08007bea       0x12 obj/VRBRAIN/usbd_ioreq.o
                0x08007bea                USBD_CtlContinueSendData
 .text.USBD_CtlPrepareRx
                0x08007bfc       0x22 obj/VRBRAIN/usbd_ioreq.o
                0x08007bfc                USBD_CtlPrepareRx
 .text.USBD_CtlContinueRx
                0x08007c1e       0x12 obj/VRBRAIN/usbd_ioreq.o
                0x08007c1e                USBD_CtlContinueRx
 .text.USBD_CtlSendStatus
                0x08007c30       0x1e obj/VRBRAIN/usbd_ioreq.o
                0x08007c30                USBD_CtlSendStatus
 .text.USBD_CtlReceiveStatus
                0x08007c4e       0x1e obj/VRBRAIN/usbd_ioreq.o
                0x08007c4e                USBD_CtlReceiveStatus
 .text.USBD_ParseSetupRequest
                0x08007c6c       0x44 obj/VRBRAIN/usbd_req.o
                0x08007c6c                USBD_ParseSetupRequest
 .text.USBD_CtlError
                0x08007cb0       0x28 obj/VRBRAIN/usbd_req.o
                0x08007cb0                USBD_CtlError
 .text.USBD_StdDevReq
                0x08007cd8      0x254 obj/VRBRAIN/usbd_req.o
                0x08007cd8                USBD_StdDevReq
 .text.USBD_StdItfReq
                0x08007f2c       0x30 obj/VRBRAIN/usbd_req.o
                0x08007f2c                USBD_StdItfReq
 .text.USBD_StdEPReq
                0x08007f5c       0xc0 obj/VRBRAIN/usbd_req.o
                0x08007f5c                USBD_StdEPReq
 .text.USBD_GetString
                0x0800801c       0x3c obj/VRBRAIN/usbd_req.o
                0x0800801c                USBD_GetString
 .text.NVIC_PriorityGroupConfig
                0x08008058       0x14 obj/VRBRAIN/misc.o
                0x08008058                NVIC_PriorityGroupConfig
 .text.NVIC_Init
                0x0800806c       0x6c obj/VRBRAIN/misc.o
                0x0800806c                NVIC_Init
 .text.EXTI_ClearITPendingBit
                0x080080d8        0xc obj/VRBRAIN/stm32f4xx_exti.o
                0x080080d8                EXTI_ClearITPendingBit
 .text.FLASH_Unlock
                0x080080e4       0x1c obj/VRBRAIN/stm32f4xx_flash.o
                0x080080e4                FLASH_Unlock
 .text.FLASH_Lock
                0x08008100       0x10 obj/VRBRAIN/stm32f4xx_flash.o
                0x08008100                FLASH_Lock
 .text.FLASH_ClearFlag
                0x08008110        0xc obj/VRBRAIN/stm32f4xx_flash.o
                0x08008110                FLASH_ClearFlag
 .text.FLASH_GetStatus
                0x0800811c       0x34 obj/VRBRAIN/stm32f4xx_flash.o
                0x0800811c                FLASH_GetStatus
 .text.FLASH_WaitForLastOperation
                0x08008150       0x22 obj/VRBRAIN/stm32f4xx_flash.o
                0x08008150                FLASH_WaitForLastOperation
 *fill*         0x08008172        0x2 
 .text.FLASH_EraseSector
                0x08008174       0x6c obj/VRBRAIN/stm32f4xx_flash.o
                0x08008174                FLASH_EraseSector
 .text.FLASH_ProgramWord
                0x080081e0       0x3c obj/VRBRAIN/stm32f4xx_flash.o
                0x080081e0                FLASH_ProgramWord
 .text.GPIO_Init
                0x0800821c       0x80 obj/VRBRAIN/stm32f4xx_gpio.o
                0x0800821c                GPIO_Init
 .text.GPIO_StructInit
                0x0800829c       0x12 obj/VRBRAIN/stm32f4xx_gpio.o
                0x0800829c                GPIO_StructInit
 .text.GPIO_SetBits
                0x080082ae        0x4 obj/VRBRAIN/stm32f4xx_gpio.o
                0x080082ae                GPIO_SetBits
 .text.GPIO_ResetBits
                0x080082b2        0x4 obj/VRBRAIN/stm32f4xx_gpio.o
                0x080082b2                GPIO_ResetBits
 .text.GPIO_PinAFConfig
                0x080082b6       0x24 obj/VRBRAIN/stm32f4xx_gpio.o
                0x080082b6                GPIO_PinAFConfig
 *fill*         0x080082da        0x2 
 .text.I2C_DeInit
                0x080082dc       0x5c obj/VRBRAIN/stm32f4xx_i2c.o
                0x080082dc                I2C_DeInit
 .text.I2C_Init
                0x08008338       0xdc obj/VRBRAIN/stm32f4xx_i2c.o
                0x08008338                I2C_Init
 .text.I2C_StructInit
                0x08008414       0x1c obj/VRBRAIN/stm32f4xx_i2c.o
                0x08008414                I2C_StructInit
 .text.I2C_Cmd  0x08008430       0x18 obj/VRBRAIN/stm32f4xx_i2c.o
                0x08008430                I2C_Cmd
 .text.I2C_GenerateSTART
                0x08008448       0x18 obj/VRBRAIN/stm32f4xx_i2c.o
                0x08008448                I2C_GenerateSTART
 .text.I2C_GenerateSTOP
                0x08008460       0x18 obj/VRBRAIN/stm32f4xx_i2c.o
                0x08008460                I2C_GenerateSTOP
 .text.I2C_Send7bitAddress
                0x08008478       0x10 obj/VRBRAIN/stm32f4xx_i2c.o
                0x08008478                I2C_Send7bitAddress
 .text.I2C_AcknowledgeConfig
                0x08008488       0x18 obj/VRBRAIN/stm32f4xx_i2c.o
                0x08008488                I2C_AcknowledgeConfig
 .text.I2C_ITConfig
                0x080084a0       0x12 obj/VRBRAIN/stm32f4xx_i2c.o
                0x080084a0                I2C_ITConfig
 *fill*         0x080084b2        0x2 
 .text.RCC_HSEConfig
                0x080084b4       0x10 obj/VRBRAIN/stm32f4xx_rcc.o
                0x080084b4                RCC_HSEConfig
 .text.RCC_GetClocksFreq
                0x080084c4       0x88 obj/VRBRAIN/stm32f4xx_rcc.o
                0x080084c4                RCC_GetClocksFreq
 .text.RCC_AHB1PeriphClockCmd
                0x0800854c       0x18 obj/VRBRAIN/stm32f4xx_rcc.o
                0x0800854c                RCC_AHB1PeriphClockCmd
 .text.RCC_AHB2PeriphClockCmd
                0x08008564       0x18 obj/VRBRAIN/stm32f4xx_rcc.o
                0x08008564                RCC_AHB2PeriphClockCmd
 .text.RCC_APB1PeriphClockCmd
                0x0800857c       0x18 obj/VRBRAIN/stm32f4xx_rcc.o
                0x0800857c                RCC_APB1PeriphClockCmd
 .text.RCC_APB2PeriphClockCmd
                0x08008594       0x18 obj/VRBRAIN/stm32f4xx_rcc.o
                0x08008594                RCC_APB2PeriphClockCmd
 .text.RCC_APB1PeriphResetCmd
                0x080085ac       0x18 obj/VRBRAIN/stm32f4xx_rcc.o
                0x080085ac                RCC_APB1PeriphResetCmd
 .text.RCC_APB2PeriphResetCmd
                0x080085c4       0x18 obj/VRBRAIN/stm32f4xx_rcc.o
                0x080085c4                RCC_APB2PeriphResetCmd
 .text.RCC_GetFlagStatus
                0x080085dc       0x28 obj/VRBRAIN/stm32f4xx_rcc.o
                0x080085dc                RCC_GetFlagStatus
 .text.RCC_WaitForHSEStartUp
                0x08008604       0x30 obj/VRBRAIN/stm32f4xx_rcc.o
                0x08008604                RCC_WaitForHSEStartUp
 .text.RCC_ClearFlag
                0x08008634       0x10 obj/VRBRAIN/stm32f4xx_rcc.o
                0x08008634                RCC_ClearFlag
 .text.SPI_I2S_DeInit
                0x08008644       0x64 obj/VRBRAIN/stm32f4xx_spi.o
                0x08008644                SPI_I2S_DeInit
 .text.SPI_Init
                0x080086a8       0x3e obj/VRBRAIN/stm32f4xx_spi.o
                0x080086a8                SPI_Init
 .text.SPI_Cmd  0x080086e6       0x18 obj/VRBRAIN/stm32f4xx_spi.o
                0x080086e6                SPI_Cmd
 .text.SPI_I2S_ReceiveData
                0x080086fe        0x6 obj/VRBRAIN/stm32f4xx_spi.o
                0x080086fe                SPI_I2S_ReceiveData
 .text.SPI_I2S_SendData
                0x08008704        0x4 obj/VRBRAIN/stm32f4xx_spi.o
                0x08008704                SPI_I2S_SendData
 .text.SPI_CalculateCRC
                0x08008708       0x18 obj/VRBRAIN/stm32f4xx_spi.o
                0x08008708                SPI_CalculateCRC
 .text.SPI_I2S_GetFlagStatus
                0x08008720        0xc obj/VRBRAIN/stm32f4xx_spi.o
                0x08008720                SPI_I2S_GetFlagStatus
 .text.TI1_Config
                0x0800872c       0x32 obj/VRBRAIN/stm32f4xx_tim.o
 .text.TI2_Config
                0x0800875e       0x3a obj/VRBRAIN/stm32f4xx_tim.o
 .text.TIM_TimeBaseInit
                0x08008798       0x7c obj/VRBRAIN/stm32f4xx_tim.o
                0x08008798                TIM_TimeBaseInit
 .text.TIM_TimeBaseStructInit
                0x08008814       0x12 obj/VRBRAIN/stm32f4xx_tim.o
                0x08008814                TIM_TimeBaseStructInit
 .text.TIM_Cmd  0x08008826       0x18 obj/VRBRAIN/stm32f4xx_tim.o
                0x08008826                TIM_Cmd
 *fill*         0x0800883e        0x2 
 .text.TIM_OC1Init
                0x08008840       0x70 obj/VRBRAIN/stm32f4xx_tim.o
                0x08008840                TIM_OC1Init
 .text.TIM_OC2Init
                0x080088b0       0x88 obj/VRBRAIN/stm32f4xx_tim.o
                0x080088b0                TIM_OC2Init
 .text.TIM_OC3Init
                0x08008938       0x84 obj/VRBRAIN/stm32f4xx_tim.o
                0x08008938                TIM_OC3Init
 .text.TIM_OC4Init
                0x080089bc       0x68 obj/VRBRAIN/stm32f4xx_tim.o
                0x080089bc                TIM_OC4Init
 .text.TIM_OC1PreloadConfig
                0x08008a24       0x10 obj/VRBRAIN/stm32f4xx_tim.o
                0x08008a24                TIM_OC1PreloadConfig
 .text.TIM_OC2PreloadConfig
                0x08008a34       0x14 obj/VRBRAIN/stm32f4xx_tim.o
                0x08008a34                TIM_OC2PreloadConfig
 .text.TIM_OC3PreloadConfig
                0x08008a48       0x10 obj/VRBRAIN/stm32f4xx_tim.o
                0x08008a48                TIM_OC3PreloadConfig
 .text.TIM_OC4PreloadConfig
                0x08008a58       0x14 obj/VRBRAIN/stm32f4xx_tim.o
                0x08008a58                TIM_OC4PreloadConfig
 .text.TIM_ICStructInit
                0x08008a6c       0x10 obj/VRBRAIN/stm32f4xx_tim.o
                0x08008a6c                TIM_ICStructInit
 .text.TIM_GetCapture1
                0x08008a7c        0x4 obj/VRBRAIN/stm32f4xx_tim.o
                0x08008a7c                TIM_GetCapture1
 .text.TIM_GetCapture2
                0x08008a80        0x4 obj/VRBRAIN/stm32f4xx_tim.o
                0x08008a80                TIM_GetCapture2
 .text.TIM_GetCapture3
                0x08008a84        0x4 obj/VRBRAIN/stm32f4xx_tim.o
                0x08008a84                TIM_GetCapture3
 .text.TIM_GetCapture4
                0x08008a88        0x4 obj/VRBRAIN/stm32f4xx_tim.o
                0x08008a88                TIM_GetCapture4
 .text.TIM_SetIC1Prescaler
                0x08008a8c       0x16 obj/VRBRAIN/stm32f4xx_tim.o
                0x08008a8c                TIM_SetIC1Prescaler
 .text.TIM_SetIC2Prescaler
                0x08008aa2       0x1a obj/VRBRAIN/stm32f4xx_tim.o
                0x08008aa2                TIM_SetIC2Prescaler
 .text.TIM_SetIC3Prescaler
                0x08008abc       0x16 obj/VRBRAIN/stm32f4xx_tim.o
                0x08008abc                TIM_SetIC3Prescaler
 .text.TIM_SetIC4Prescaler
                0x08008ad2       0x1a obj/VRBRAIN/stm32f4xx_tim.o
                0x08008ad2                TIM_SetIC4Prescaler
 .text.TIM_ICInit
                0x08008aec       0xb8 obj/VRBRAIN/stm32f4xx_tim.o
                0x08008aec                TIM_ICInit
 .text.TIM_CtrlPWMOutputs
                0x08008ba4       0x1c obj/VRBRAIN/stm32f4xx_tim.o
                0x08008ba4                TIM_CtrlPWMOutputs
 .text.TIM_ITConfig
                0x08008bc0       0x12 obj/VRBRAIN/stm32f4xx_tim.o
                0x08008bc0                TIM_ITConfig
 .text.TIM_GetITStatus
                0x08008bd2       0x16 obj/VRBRAIN/stm32f4xx_tim.o
                0x08008bd2                TIM_GetITStatus
 .text.TIM_ClearITPendingBit
                0x08008be8        0x8 obj/VRBRAIN/stm32f4xx_tim.o
                0x08008be8                TIM_ClearITPendingBit
 .text.USART_Init
                0x08008bf0       0xb0 obj/VRBRAIN/stm32f4xx_usart.o
                0x08008bf0                USART_Init
 .text.USART_Cmd
                0x08008ca0       0x18 obj/VRBRAIN/stm32f4xx_usart.o
                0x08008ca0                USART_Cmd
 .text.USART_SendData
                0x08008cb8        0x8 obj/VRBRAIN/stm32f4xx_usart.o
                0x08008cb8                USART_SendData
 .text.USART_ITConfig
                0x08008cc0       0x30 obj/VRBRAIN/stm32f4xx_usart.o
                0x08008cc0                USART_ITConfig
 .text.USART_GetFlagStatus
                0x08008cf0        0xc obj/VRBRAIN/stm32f4xx_usart.o
                0x08008cf0                USART_GetFlagStatus
 .text.USART_ClearITPendingBit
                0x08008cfc        0xe obj/VRBRAIN/stm32f4xx_usart.o
                0x08008cfc                USART_ClearITPendingBit
 *fill*         0x08008d0a        0x2 
 .text.USB_OTG_CoreReset.isra.1
                0x08008d0c       0x4c obj/VRBRAIN/usb_core.o
 .text.USB_OTG_WritePacket
                0x08008d58       0x26 obj/VRBRAIN/usb_core.o
                0x08008d58                USB_OTG_WritePacket
 .text.USB_OTG_ReadPacket
                0x08008d7e       0x22 obj/VRBRAIN/usb_core.o
                0x08008d7e                USB_OTG_ReadPacket
 .text.USB_OTG_SelectCore
                0x08008da0       0xd0 obj/VRBRAIN/usb_core.o
                0x08008da0                USB_OTG_SelectCore
 .text.USB_OTG_CoreInit
                0x08008e70       0xe4 obj/VRBRAIN/usb_core.o
                0x08008e70                USB_OTG_CoreInit
 .text.USB_OTG_EnableGlobalInt
                0x08008f54        0xe obj/VRBRAIN/usb_core.o
                0x08008f54                USB_OTG_EnableGlobalInt
 .text.USB_OTG_DisableGlobalInt
                0x08008f62        0xe obj/VRBRAIN/usb_core.o
                0x08008f62                USB_OTG_DisableGlobalInt
 .text.USB_OTG_FlushTxFifo
                0x08008f70       0x40 obj/VRBRAIN/usb_core.o
                0x08008f70                USB_OTG_FlushTxFifo
 .text.USB_OTG_FlushRxFifo
                0x08008fb0       0x38 obj/VRBRAIN/usb_core.o
                0x08008fb0                USB_OTG_FlushRxFifo
 .text.USB_OTG_SetCurrentMode
                0x08008fe8       0x2a obj/VRBRAIN/usb_core.o
                0x08008fe8                USB_OTG_SetCurrentMode
 .text.USB_OTG_IsDeviceMode
                0x08009012        0xe obj/VRBRAIN/usb_core.o
                0x08009012                USB_OTG_IsDeviceMode
 .text.USB_OTG_ReadCoreItr
                0x08009020        0xa obj/VRBRAIN/usb_core.o
                0x08009020                USB_OTG_ReadCoreItr
 .text.USB_OTG_InitDevSpeed
                0x0800902a        0xc obj/VRBRAIN/usb_core.o
                0x0800902a                USB_OTG_InitDevSpeed
 *fill*         0x08009036        0x2 
 .text.USB_OTG_EnableDevInt
                0x08009038       0x38 obj/VRBRAIN/usb_core.o
                0x08009038                USB_OTG_EnableDevInt
 .text.USB_OTG_CoreInitDev
                0x08009070       0xec obj/VRBRAIN/usb_core.o
                0x08009070                USB_OTG_CoreInitDev
 .text.USB_OTG_GetDeviceSpeed
                0x0800915c       0x20 obj/VRBRAIN/usb_core.o
                0x0800915c                USB_OTG_GetDeviceSpeed
 .text.USB_OTG_EP0Activate
                0x0800917c       0x2a obj/VRBRAIN/usb_core.o
                0x0800917c                USB_OTG_EP0Activate
 .text.USB_OTG_EPActivate
                0x080091a6       0x58 obj/VRBRAIN/usb_core.o
                0x080091a6                USB_OTG_EPActivate
 .text.USB_OTG_EPDeactivate
                0x080091fe       0x3e obj/VRBRAIN/usb_core.o
                0x080091fe                USB_OTG_EPDeactivate
 .text.USB_OTG_EPStartXfer
                0x0800923c      0x104 obj/VRBRAIN/usb_core.o
                0x0800923c                USB_OTG_EPStartXfer
 .text.USB_OTG_EP0StartXfer
                0x08009340       0xf8 obj/VRBRAIN/usb_core.o
                0x08009340                USB_OTG_EP0StartXfer
 .text.USB_OTG_EPSetStall
                0x08009438       0x2e obj/VRBRAIN/usb_core.o
                0x08009438                USB_OTG_EPSetStall
 .text.USB_OTG_EPClearStall
                0x08009466       0x2a obj/VRBRAIN/usb_core.o
                0x08009466                USB_OTG_EPClearStall
 .text.USB_OTG_ReadDevAllOutEp_itr
                0x08009490        0xc obj/VRBRAIN/usb_core.o
                0x08009490                USB_OTG_ReadDevAllOutEp_itr
 .text.USB_OTG_ReadDevOutEP_itr
                0x0800949c       0x10 obj/VRBRAIN/usb_core.o
                0x0800949c                USB_OTG_ReadDevOutEP_itr
 .text.USB_OTG_ReadDevAllInEPItr
                0x080094ac        0xc obj/VRBRAIN/usb_core.o
                0x080094ac                USB_OTG_ReadDevAllInEPItr
 .text.USB_OTG_EP0_OutStart
                0x080094b8       0x3e obj/VRBRAIN/usb_core.o
                0x080094b8                USB_OTG_EP0_OutStart
 .text.USB_OTG_UngateClock
                0x080094f6       0x20 obj/VRBRAIN/usb_core.o
                0x080094f6                USB_OTG_UngateClock
 .text.DCD_Init
                0x08009516       0x9c obj/VRBRAIN/usb_dcd.o
                0x08009516                DCD_Init
 .text.DCD_EP_Open
                0x080095b2       0x42 obj/VRBRAIN/usb_dcd.o
                0x080095b2                DCD_EP_Open
 .text.DCD_EP_Close
                0x080095f4       0x30 obj/VRBRAIN/usb_dcd.o
                0x080095f4                DCD_EP_Close
 .text.DCD_EP_PrepareRx
                0x08009624       0x34 obj/VRBRAIN/usb_dcd.o
                0x08009624                DCD_EP_PrepareRx
 .text.DCD_EP_Tx
                0x08009658       0x30 obj/VRBRAIN/usb_dcd.o
                0x08009658                DCD_EP_Tx
 .text.DCD_EP_Stall
                0x08009688       0x34 obj/VRBRAIN/usb_dcd.o
                0x08009688                DCD_EP_Stall
 .text.DCD_EP_ClrStall
                0x080096bc       0x34 obj/VRBRAIN/usb_dcd.o
                0x080096bc                DCD_EP_ClrStall
 .text.DCD_EP_SetAddress
                0x080096f0       0x10 obj/VRBRAIN/usb_dcd.o
                0x080096f0                DCD_EP_SetAddress
 .text.USBD_OTG_ISR_Handler
                0x08009700      0x42c obj/VRBRAIN/usb_dcd_int.o
                0x08009700                USBD_OTG_ISR_Handler
 .text.usbd_cdc_EP0_RxReady
                0x08009b2c       0x30 obj/VRBRAIN/usbd_cdc_core.o
 .text.USBD_cdc_GetCfgDesc
                0x08009b5c        0xc obj/VRBRAIN/usbd_cdc_core.o
 .text.usbd_cdc_SOF
                0x08009b68       0x98 obj/VRBRAIN/usbd_cdc_core.o
 .text.usbd_cdc_DataOut
                0x08009c00       0x38 obj/VRBRAIN/usbd_cdc_core.o
 .text.usbd_cdc_Setup
                0x08009c38       0xb8 obj/VRBRAIN/usbd_cdc_core.o
 .text.usbd_cdc_DeInit
                0x08009cf0       0x28 obj/VRBRAIN/usbd_cdc_core.o
 .text.usbd_cdc_Init
                0x08009d18       0x64 obj/VRBRAIN/usbd_cdc_core.o
 .text.usbd_cdc_DataIn
                0x08009d7c       0x58 obj/VRBRAIN/usbd_cdc_core.o
 .text.Default_Handler
                0x08009dd4        0x2 obj/VRBRAIN/lib/cmsis_boot/startup/startup_stm32f4xx.o
                0x08009dd4                RTC_Alarm_IRQHandler
                0x08009dd4                HASH_RNG_IRQHandler
                0x08009dd4                EXTI2_IRQHandler
                0x08009dd4                DMA2_Stream5_IRQHandler
                0x08009dd4                DMA1_Stream5_IRQHandler
                0x08009dd4                PVD_IRQHandler
                0x08009dd4                SDIO_IRQHandler
                0x08009dd4                TAMP_STAMP_IRQHandler
                0x08009dd4                CAN2_RX1_IRQHandler
                0x08009dd4                EXTI3_IRQHandler
                0x08009dd4                TIM8_TRG_COM_TIM14_IRQHandler
                0x08009dd4                TIM1_UP_TIM10_IRQHandler
                0x08009dd4                TIM8_UP_TIM13_IRQHandler
                0x08009dd4                I2C3_ER_IRQHandler
                0x08009dd4                EXTI0_IRQHandler
                0x08009dd4                I2C2_EV_IRQHandler
                0x08009dd4                DMA1_Stream2_IRQHandler
                0x08009dd4                CAN1_RX0_IRQHandler
                0x08009dd4                FPU_IRQHandler
                0x08009dd4                OTG_HS_WKUP_IRQHandler
                0x08009dd4                CAN2_SCE_IRQHandler
                0x08009dd4                DMA2_Stream2_IRQHandler
                0x08009dd4                SPI1_IRQHandler
                0x08009dd4                TIM6_DAC_IRQHandler
                0x08009dd4                DCMI_IRQHandler
                0x08009dd4                CAN2_RX0_IRQHandler
                0x08009dd4                DMA2_Stream3_IRQHandler
                0x08009dd4                CRYP_IRQHandler
                0x08009dd4                CAN1_RX1_IRQHandler
                0x08009dd4                UART5_IRQHandler
                0x08009dd4                DMA2_Stream0_IRQHandler
                0x08009dd4                TIM4_IRQHandler
                0x08009dd4                DMA1_Stream6_IRQHandler
                0x08009dd4                DMA1_Stream1_IRQHandler
                0x08009dd4                UART4_IRQHandler
                0x08009dd4                RCC_IRQHandler
                0x08009dd4                TIM8_BRK_TIM12_IRQHandler
                0x08009dd4                EXTI15_10_IRQHandler
                0x08009dd4                ADC_IRQHandler
                0x08009dd4                DMA1_Stream7_IRQHandler
                0x08009dd4                TIM7_IRQHandler
                0x08009dd4                CAN2_TX_IRQHandler
                0x08009dd4                TIM5_IRQHandler
                0x08009dd4                DMA2_Stream7_IRQHandler
                0x08009dd4                I2C3_EV_IRQHandler
                0x08009dd4                EXTI9_5_IRQHandler
                0x08009dd4                RTC_WKUP_IRQHandler
                0x08009dd4                ETH_WKUP_IRQHandler
                0x08009dd4                SPI2_IRQHandler
                0x08009dd4                OTG_HS_EP1_IN_IRQHandler
                0x08009dd4                DMA1_Stream0_IRQHandler
                0x08009dd4                CAN1_TX_IRQHandler
                0x08009dd4                EXTI4_IRQHandler
                0x08009dd4                FSMC_IRQHandler
                0x08009dd4                ETH_IRQHandler
                0x08009dd4                OTG_HS_EP1_OUT_IRQHandler
                0x08009dd4                WWDG_IRQHandler
                0x08009dd4                TIM1_TRG_COM_TIM11_IRQHandler
                0x08009dd4                OTG_HS_IRQHandler
                0x08009dd4                EXTI1_IRQHandler
                0x08009dd4                I2C2_ER_IRQHandler
                0x08009dd4                DMA2_Stream1_IRQHandler
                0x08009dd4                CAN1_SCE_IRQHandler
                0x08009dd4                FLASH_IRQHandler
                0x08009dd4                DMA2_Stream4_IRQHandler
                0x08009dd4                SPI3_IRQHandler
                0x08009dd4                DMA1_Stream4_IRQHandler
                0x08009dd4                DMA2_Stream6_IRQHandler
                0x08009dd4                DMA1_Stream3_IRQHandler
 *fill*         0x08009dd6        0x2 
 .text.Default_Reset_Handler
                0x08009dd8       0x4c obj/VRBRAIN/lib/cmsis_boot/startup/startup_stm32f4xx.o
                0x08009dd8                Default_Reset_Handler
                0x08009dd8                Reset_Handler
 .text.spiInit  0x08009e24       0xf8 obj/VRBRAIN/drivers/spi1.o
                0x08009e24                spiInit
 .text.setSPIdivisor
                0x08009f1c       0xa4 obj/VRBRAIN/drivers/spi1.o
                0x08009f1c                setSPIdivisor
 .text.spiTimeoutUserCallback
                0x08009fc0       0x14 obj/VRBRAIN/drivers/spi1.o
                0x08009fc0                spiTimeoutUserCallback
 .text.spiTransferByte
                0x08009fd4       0x50 obj/VRBRAIN/drivers/spi1.o
                0x08009fd4                spiTransferByte
 .text.spiGetErrorCounter
                0x0800a024        0xc obj/VRBRAIN/drivers/spi1.o
                0x0800a024                spiGetErrorCounter
 .text.spiResetErrorCounter
                0x0800a030        0xc obj/VRBRAIN/drivers/spi1.o
                0x0800a030                spiResetErrorCounter
 .text.spiInit2
                0x0800a03c      0x180 obj/VRBRAIN/drivers/spi2.o
                0x0800a03c                spiInit2
 .text.setSPIdivisor2
                0x0800a1bc       0xa4 obj/VRBRAIN/drivers/spi2.o
                0x0800a1bc                setSPIdivisor2
 .text.spiTimeoutUserCallback2
                0x0800a260       0x14 obj/VRBRAIN/drivers/spi2.o
                0x0800a260                spiTimeoutUserCallback2
 .text.spiTransferByte2
                0x0800a274       0x50 obj/VRBRAIN/drivers/spi2.o
                0x0800a274                spiTransferByte2
 .text.spiTransfer2
                0x0800a2c4       0x78 obj/VRBRAIN/drivers/spi2.o
                0x0800a2c4                spiTransfer2
 .text.spiGetErrorCounter2
                0x0800a33c        0xc obj/VRBRAIN/drivers/spi2.o
                0x0800a33c                spiGetErrorCounter2
 .text.spiResetErrorCounter2
                0x0800a348        0xc obj/VRBRAIN/drivers/spi2.o
                0x0800a348                spiResetErrorCounter2
 .text.pwmWriteBrushed
                0x0800a354       0x20 obj/VRBRAIN/drivers/pwm.o
 .text.pwmWriteStandard
                0x0800a374       0x10 obj/VRBRAIN/drivers/pwm.o
 .text.failsafeCheck
                0x0800a384       0x48 obj/VRBRAIN/drivers/pwm.o
 .text.ppmCallback
                0x0800a3cc       0x54 obj/VRBRAIN/drivers/pwm.o
 .text.pwmOutConfig
                0x0800a420      0x13c obj/VRBRAIN/drivers/pwm.o
 .text.pwmWriteMotor
                0x0800a55c       0x1c obj/VRBRAIN/drivers/pwm.o
                0x0800a55c                pwmWriteMotor
 .text.pwmWriteServo
                0x0800a578       0x1c obj/VRBRAIN/drivers/pwm.o
                0x0800a578                pwmWriteServo
 .text.pwmRead  0x0800a594        0xc obj/VRBRAIN/drivers/pwm.o
                0x0800a594                pwmRead
 .text.pwmICConfig
                0x0800a5a0       0x32 obj/VRBRAIN/drivers/pwm.o
                0x0800a5a0                pwmICConfig
 *fill*         0x0800a5d2        0x2 
 .text.pwmCallback
                0x0800a5d4       0x64 obj/VRBRAIN/drivers/pwm.o
 .text.pwmInConfig
                0x0800a638       0x74 obj/VRBRAIN/drivers/pwm.o
 .text.pwmInit  0x0800a6ac      0x1f4 obj/VRBRAIN/drivers/pwm.o
                0x0800a6ac                pwmInit
 .text.serialWrite
                0x0800a8a0        0xa obj/VRBRAIN/drivers/serial.o
                0x0800a8a0                serialWrite
 .text.serialPrint
                0x0800a8aa       0x16 obj/VRBRAIN/drivers/serial.o
                0x0800a8aa                serialPrint
 .text.serialTotalBytesWaiting
                0x0800a8c0        0xa obj/VRBRAIN/drivers/serial.o
                0x0800a8c0                serialTotalBytesWaiting
 .text.serialRead
                0x0800a8ca        0xa obj/VRBRAIN/drivers/serial.o
                0x0800a8ca                serialRead
 .text.serialSetBaudRate
                0x0800a8d4        0xa obj/VRBRAIN/drivers/serial.o
                0x0800a8d4                serialSetBaudRate
 .text.isSerialTransmitBufferEmpty
                0x0800a8de        0xa obj/VRBRAIN/drivers/serial.o
                0x0800a8de                isSerialTransmitBufferEmpty
 .text.lookupTimerConfigIndex
                0x0800a8e8       0x38 obj/VRBRAIN/drivers/timer.o
 .text.timCCxHandler
                0x0800a920       0xd8 obj/VRBRAIN/drivers/timer.o
 .text.configureTimerChannelCallback
                0x0800a9f8       0x24 obj/VRBRAIN/drivers/timer.o
                0x0800a9f8                configureTimerChannelCallback
 .text.configureTimerInputCaptureCompareChannel
                0x0800aa1c       0x2c obj/VRBRAIN/drivers/timer.o
                0x0800aa1c                configureTimerInputCaptureCompareChannel
 .text.configureTimerCaptureCompareInterrupt
                0x0800aa48       0x1e obj/VRBRAIN/drivers/timer.o
                0x0800aa48                configureTimerCaptureCompareInterrupt
 .text.timerNVICConfigure
                0x0800aa66       0x20 obj/VRBRAIN/drivers/timer.o
                0x0800aa66                timerNVICConfigure
 *fill*         0x0800aa86        0x2 
 .text.configTimeBase
                0x0800aa88       0x6c obj/VRBRAIN/drivers/timer.o
                0x0800aa88                configTimeBase
 .text.timerConfigure
                0x0800aaf4       0x1c obj/VRBRAIN/drivers/timer.o
                0x0800aaf4                timerConfigure
 .text.TIM1_CC_IRQHandler
                0x0800ab10        0xc obj/VRBRAIN/drivers/timer.o
                0x0800ab10                TIM1_CC_IRQHandler
 .text.TIM2_IRQHandler
                0x0800ab1c        0x8 obj/VRBRAIN/drivers/timer.o
                0x0800ab1c                TIM2_IRQHandler
 .text.TIM3_IRQHandler
                0x0800ab24        0xc obj/VRBRAIN/drivers/timer.o
                0x0800ab24                TIM3_IRQHandler
 .text.TIM8_CC_IRQHandler
                0x0800ab30        0xc obj/VRBRAIN/drivers/timer.o
                0x0800ab30                TIM8_CC_IRQHandler
 .text.TIM1_BRK_TIM9_IRQHandler
                0x0800ab3c        0xc obj/VRBRAIN/drivers/timer.o
                0x0800ab3c                TIM1_BRK_TIM9_IRQHandler
 .text.hmc5883lRead
                0x0800ab48       0xc0 obj/VRBRAIN/sensors/i2c_hmc5883l.o
                0x0800ab48                hmc5883lRead
 .text.hmc5883lInit
                0x0800ac08      0x198 obj/VRBRAIN/sensors/i2c_hmc5883l.o
                0x0800ac08                hmc5883lInit
 .text.hmc5883lDetect
                0x0800ada0       0x3c obj/VRBRAIN/sensors/i2c_hmc5883l.o
                0x0800ada0                hmc5883lDetect
 .text.mpu6000GyroInit
                0x0800addc        0xc obj/VRBRAIN/sensors/spi_mpu6000.o
                0x0800addc                mpu6000GyroInit
 .text.mpu6000AccInit
                0x0800ade8       0x18 obj/VRBRAIN/sensors/spi_mpu6000.o
                0x0800ade8                mpu6000AccInit
 .text.mpu6000Read
                0x0800ae00       0xd0 obj/VRBRAIN/sensors/spi_mpu6000.o
                0x0800ae00                mpu6000Read
 .text.mpu6000DetectSpi
                0x0800aed0      0x1cc obj/VRBRAIN/sensors/spi_mpu6000.o
                0x0800aed0                mpu6000DetectSpi
 .text.calculatePressureAltitude
                0x0800b09c      0x16c obj/VRBRAIN/sensors/spi_ms5611.o
                0x0800b09c                calculatePressureAltitude
 .text.readPressure
                0x0800b208       0x40 obj/VRBRAIN/sensors/spi_ms5611.o
                0x0800b208                readPressure
 .text.requestTemperature
                0x0800b248       0x24 obj/VRBRAIN/sensors/spi_ms5611.o
                0x0800b248                requestTemperature
 .text.requestPressure
                0x0800b26c       0x24 obj/VRBRAIN/sensors/spi_ms5611.o
                0x0800b26c                requestPressure
 .text.calculateTemperature
                0x0800b290       0x3c obj/VRBRAIN/sensors/spi_ms5611.o
                0x0800b290                calculateTemperature
 .text.readTemperature
                0x0800b2cc       0x44 obj/VRBRAIN/sensors/spi_ms5611.o
                0x0800b2cc                readTemperature
 .text.ms5611DetectSpi
                0x0800b310      0x1bc obj/VRBRAIN/sensors/spi_ms5611.o
                0x0800b310                ms5611DetectSpi
 .text.gpioInit
                0x0800b4cc       0x52 obj/VRBRAIN/drivers/gpio_stm32f4xx.o
                0x0800b4cc                gpioInit
 *fill*         0x0800b51e        0x2 
 .text.gpioStart
                0x0800b520       0xac obj/VRBRAIN/drivers/gpio_stm32f4xx.o
                0x0800b520                gpioStart
 .text.i2cInit  0x0800b5cc       0xfc obj/VRBRAIN/drivers/i2c_stm32f4xx.o
                0x0800b5cc                i2cInit
 .text.i2cHandleHardwareFailure
                0x0800b6c8       0x18 obj/VRBRAIN/drivers/i2c_stm32f4xx.o
 .text.i2cWriteBuffer
                0x0800b6e0       0xb0 obj/VRBRAIN/drivers/i2c_stm32f4xx.o
                0x0800b6e0                i2cWriteBuffer
 .text.i2cWrite
                0x0800b790       0x14 obj/VRBRAIN/drivers/i2c_stm32f4xx.o
                0x0800b790                i2cWrite
 .text.i2cRead  0x0800b7a4       0xb0 obj/VRBRAIN/drivers/i2c_stm32f4xx.o
                0x0800b7a4                i2cRead
 .text.i2cGetErrorCounter
                0x0800b854        0xc obj/VRBRAIN/drivers/i2c_stm32f4xx.o
                0x0800b854                i2cGetErrorCounter
 .text.I2C1_ER_IRQHandler
                0x0800b860       0x9c obj/VRBRAIN/drivers/i2c_stm32f4xx.o
                0x0800b860                I2C1_ER_IRQHandler
 .text.I2C1_EV_IRQHandler
                0x0800b8fc      0x2e8 obj/VRBRAIN/drivers/i2c_stm32f4xx.o
                0x0800b8fc                I2C1_EV_IRQHandler
 .text.uartTotalBytesWaiting
                0x0800bbe4        0xc obj/VRBRAIN/drivers/uart_stm32f4xx.o
                0x0800bbe4                uartTotalBytesWaiting
 .text.isUartTransmitBufferEmpty
                0x0800bbf0        0xc obj/VRBRAIN/drivers/uart_stm32f4xx.o
                0x0800bbf0                isUartTransmitBufferEmpty
 .text.uartRead
                0x0800bbfc       0x1a obj/VRBRAIN/drivers/uart_stm32f4xx.o
                0x0800bbfc                uartRead
 .text.uartWrite
                0x0800bc16       0x22 obj/VRBRAIN/drivers/uart_stm32f4xx.o
                0x0800bc16                uartWrite
 .text.uartPause
                0x0800bc38       0x14 obj/VRBRAIN/drivers/uart_stm32f4xx.o
                0x0800bc38                uartPause
 .text.uartUnPause
                0x0800bc4c       0x14 obj/VRBRAIN/drivers/uart_stm32f4xx.o
                0x0800bc4c                uartUnPause
 .text.serialUSART1
                0x0800bc60       0xbc obj/VRBRAIN/drivers/uart_stm32f4xx.o
                0x0800bc60                serialUSART1
 .text.serialUSART2
                0x0800bd1c       0xc4 obj/VRBRAIN/drivers/uart_stm32f4xx.o
                0x0800bd1c                serialUSART2
 .text.serialUSART3
                0x0800bde0       0xc4 obj/VRBRAIN/drivers/uart_stm32f4xx.o
                0x0800bde0                serialUSART3
 .text.serialUSART6
                0x0800bea4       0xc4 obj/VRBRAIN/drivers/uart_stm32f4xx.o
                0x0800bea4                serialUSART6
 .text.uartOpen
                0x0800bf68      0x118 obj/VRBRAIN/drivers/uart_stm32f4xx.o
                0x0800bf68                uartOpen
 .text.uartSetBaudRate
                0x0800c080       0x1a obj/VRBRAIN/drivers/uart_stm32f4xx.o
                0x0800c080                uartSetBaudRate
 .text.uartSetMode
                0x0800c09a       0x1c obj/VRBRAIN/drivers/uart_stm32f4xx.o
                0x0800c09a                uartSetMode
 .text.usartIrqHandler
                0x0800c0b6       0x88 obj/VRBRAIN/drivers/uart_stm32f4xx.o
                0x0800c0b6                usartIrqHandler
 *fill*         0x0800c13e        0x2 
 .text.USART1_IRQHandler
                0x0800c140        0xc obj/VRBRAIN/drivers/uart_stm32f4xx.o
                0x0800c140                USART1_IRQHandler
 .text.USART2_IRQHandler
                0x0800c14c        0xc obj/VRBRAIN/drivers/uart_stm32f4xx.o
                0x0800c14c                USART2_IRQHandler
 .text.USART3_IRQHandler
                0x0800c158        0xc obj/VRBRAIN/drivers/uart_stm32f4xx.o
                0x0800c158                USART3_IRQHandler
 .text.USART6_IRQHandler
                0x0800c164        0xc obj/VRBRAIN/drivers/uart_stm32f4xx.o
                0x0800c164                USART6_IRQHandler
 .text.usbSetBaudRate
                0x0800c170        0x2 obj/VRBRAIN/drivers/usb_stm32f4xx.o
                0x0800c170                usbSetBaudRate
 .text.usbSetMode
                0x0800c172        0x2 obj/VRBRAIN/drivers/usb_stm32f4xx.o
                0x0800c172                usbSetMode
 .text.isUsbTransmitBufferEmpty
                0x0800c174        0x4 obj/VRBRAIN/drivers/usb_stm32f4xx.o
                0x0800c174                isUsbTransmitBufferEmpty
 .text.usbAvailable
                0x0800c178        0xe obj/VRBRAIN/drivers/usb_stm32f4xx.o
                0x0800c178                usbAvailable
 .text.usbRead  0x0800c186       0x16 obj/VRBRAIN/drivers/usb_stm32f4xx.o
                0x0800c186                usbRead
 .text.usbPrint
                0x0800c19c       0x20 obj/VRBRAIN/drivers/usb_stm32f4xx.o
                0x0800c19c                usbPrint
 .text.usbPrintf
                0x0800c1bc        0x6 obj/VRBRAIN/drivers/usb_stm32f4xx.o
 *fill*         0x0800c1c2        0x2 
 .text.usbInit  0x0800c1c4       0x4c obj/VRBRAIN/drivers/usb_stm32f4xx.o
                0x0800c1c4                usbInit
 .text.NMI_Handler
                0x0800c210        0x2 obj/VRBRAIN/drivers/vcp_stm32f4xx/stm32f4xx_it.o
                0x0800c210                NMI_Handler
 .text.MemManage_Handler
                0x0800c212        0x2 obj/VRBRAIN/drivers/vcp_stm32f4xx/stm32f4xx_it.o
                0x0800c212                MemManage_Handler
 .text.BusFault_Handler
                0x0800c214        0x2 obj/VRBRAIN/drivers/vcp_stm32f4xx/stm32f4xx_it.o
                0x0800c214                BusFault_Handler
 .text.UsageFault_Handler
                0x0800c216        0x2 obj/VRBRAIN/drivers/vcp_stm32f4xx/stm32f4xx_it.o
                0x0800c216                UsageFault_Handler
 .text.SVC_Handler
                0x0800c218        0x2 obj/VRBRAIN/drivers/vcp_stm32f4xx/stm32f4xx_it.o
                0x0800c218                SVC_Handler
 .text.DebugMon_Handler
                0x0800c21a        0x2 obj/VRBRAIN/drivers/vcp_stm32f4xx/stm32f4xx_it.o
                0x0800c21a                DebugMon_Handler
 .text.PendSV_Handler
                0x0800c21c        0x2 obj/VRBRAIN/drivers/vcp_stm32f4xx/stm32f4xx_it.o
                0x0800c21c                PendSV_Handler
 *fill*         0x0800c21e        0x2 
 .text.OTG_FS_WKUP_IRQHandler
                0x0800c220       0x30 obj/VRBRAIN/drivers/vcp_stm32f4xx/stm32f4xx_it.o
                0x0800c220                OTG_FS_WKUP_IRQHandler
 .text.OTG_FS_IRQHandler
                0x0800c250        0xc obj/VRBRAIN/drivers/vcp_stm32f4xx/stm32f4xx_it.o
                0x0800c250                OTG_FS_IRQHandler
 .text.USB_OTG_BSP_Init
                0x0800c25c       0xa8 obj/VRBRAIN/drivers/vcp_stm32f4xx/usb_bsp.o
                0x0800c25c                USB_OTG_BSP_Init
 .text.USB_OTG_BSP_EnableInterrupt
                0x0800c304       0x2c obj/VRBRAIN/drivers/vcp_stm32f4xx/usb_bsp.o
                0x0800c304                USB_OTG_BSP_EnableInterrupt
 .text.USB_OTG_BSP_uDelay
                0x0800c330       0x14 obj/VRBRAIN/drivers/vcp_stm32f4xx/usb_bsp.o
                0x0800c330                USB_OTG_BSP_uDelay
 .text.USB_OTG_BSP_mDelay
                0x0800c344        0xa obj/VRBRAIN/drivers/vcp_stm32f4xx/usb_bsp.o
                0x0800c344                USB_OTG_BSP_mDelay
 .text.VCP_Init
                0x0800c34e        0x4 obj/VRBRAIN/drivers/vcp_stm32f4xx/usbd_cdc_vcp.o
 .text.VCP_DeInit
                0x0800c352        0x4 obj/VRBRAIN/drivers/vcp_stm32f4xx/usbd_cdc_vcp.o
 *fill*         0x0800c356        0x2 
 .text.VCP_DataTx
                0x0800c358       0x30 obj/VRBRAIN/drivers/vcp_stm32f4xx/usbd_cdc_vcp.o
 .text.VCP_DataRx
                0x0800c388       0x40 obj/VRBRAIN/drivers/vcp_stm32f4xx/usbd_cdc_vcp.o
 .text.VCP_Ctrl
                0x0800c3c8       0x2c obj/VRBRAIN/drivers/vcp_stm32f4xx/usbd_cdc_vcp.o
 .text.VCP_send_buffer
                0x0800c3f4        0x4 obj/VRBRAIN/drivers/vcp_stm32f4xx/usbd_cdc_vcp.o
                0x0800c3f4                VCP_send_buffer
 .text.VCP_DataRX_IsCharReady
                0x0800c3f8       0x18 obj/VRBRAIN/drivers/vcp_stm32f4xx/usbd_cdc_vcp.o
                0x0800c3f8                VCP_DataRX_IsCharReady
 .text.VCP_get_char
                0x0800c410       0x34 obj/VRBRAIN/drivers/vcp_stm32f4xx/usbd_cdc_vcp.o
                0x0800c410                VCP_get_char
 .text.USBD_USR_DeviceDescriptor
                0x0800c444        0xc obj/VRBRAIN/drivers/vcp_stm32f4xx/usbd_desc.o
                0x0800c444                USBD_USR_DeviceDescriptor
 .text.USBD_USR_LangIDStrDescriptor
                0x0800c450        0xc obj/VRBRAIN/drivers/vcp_stm32f4xx/usbd_desc.o
                0x0800c450                USBD_USR_LangIDStrDescriptor
 .text.USBD_USR_ManufacturerStrDescriptor
                0x0800c45c       0x1c obj/VRBRAIN/drivers/vcp_stm32f4xx/usbd_desc.o
                0x0800c45c                USBD_USR_ManufacturerStrDescriptor
 .text.USBD_USR_ProductStrDescriptor
                0x0800c478       0x24 obj/VRBRAIN/drivers/vcp_stm32f4xx/usbd_desc.o
                0x0800c478                USBD_USR_ProductStrDescriptor
 .text.USBD_USR_SerialStrDescriptor
                0x0800c49c       0x24 obj/VRBRAIN/drivers/vcp_stm32f4xx/usbd_desc.o
                0x0800c49c                USBD_USR_SerialStrDescriptor
 .text.USBD_USR_ConfigStrDescriptor
                0x0800c4c0       0x1c obj/VRBRAIN/drivers/vcp_stm32f4xx/usbd_desc.o
                0x0800c4c0                USBD_USR_ConfigStrDescriptor
 .text.USBD_USR_InterfaceStrDescriptor
                0x0800c4dc       0x1c obj/VRBRAIN/drivers/vcp_stm32f4xx/usbd_desc.o
                0x0800c4dc                USBD_USR_InterfaceStrDescriptor
 .text.USBD_USR_Init
                0x0800c4f8        0x2 obj/VRBRAIN/drivers/vcp_stm32f4xx/usbd_usr.o
                0x0800c4f8                USBD_USR_Init
 .text.USBD_USR_DeviceReset
                0x0800c4fa        0x2 obj/VRBRAIN/drivers/vcp_stm32f4xx/usbd_usr.o
                0x0800c4fa                USBD_USR_DeviceReset
 .text.USBD_USR_DeviceConfigured
                0x0800c4fc        0x2 obj/VRBRAIN/drivers/vcp_stm32f4xx/usbd_usr.o
                0x0800c4fc                USBD_USR_DeviceConfigured
 .text.USBD_USR_DeviceConnected
                0x0800c4fe        0x2 obj/VRBRAIN/drivers/vcp_stm32f4xx/usbd_usr.o
                0x0800c4fe                USBD_USR_DeviceConnected
 .text.USBD_USR_DeviceDisconnected
                0x0800c500        0x2 obj/VRBRAIN/drivers/vcp_stm32f4xx/usbd_usr.o
                0x0800c500                USBD_USR_DeviceDisconnected
 .text.USBD_USR_DeviceSuspended
                0x0800c502        0x2 obj/VRBRAIN/drivers/vcp_stm32f4xx/usbd_usr.o
                0x0800c502                USBD_USR_DeviceSuspended
 .text.USBD_USR_DeviceResumed
                0x0800c504        0x2 obj/VRBRAIN/drivers/vcp_stm32f4xx/usbd_usr.o
                0x0800c504                USBD_USR_DeviceResumed
 *fill*         0x0800c506        0x2 
 .text.cosf     0x0800c508       0x78 c:/gccarm/bin/../lib/gcc/arm-none-eabi/4.8.4/../../../../arm-none-eabi/lib/armv7e-m/fpu\libm.a(lib_a-sf_cos.o)
                0x0800c508                cosf
 .text.lrintf   0x0800c580       0x94 c:/gccarm/bin/../lib/gcc/arm-none-eabi/4.8.4/../../../../arm-none-eabi/lib/armv7e-m/fpu\libm.a(lib_a-sf_lrint.o)
                0x0800c580                lrintf
 .text.sinf     0x0800c614       0x7c c:/gccarm/bin/../lib/gcc/arm-none-eabi/4.8.4/../../../../arm-none-eabi/lib/armv7e-m/fpu\libm.a(lib_a-sf_sin.o)
                0x0800c614                sinf
 .text.acosf    0x0800c690       0xbc c:/gccarm/bin/../lib/gcc/arm-none-eabi/4.8.4/../../../../arm-none-eabi/lib/armv7e-m/fpu\libm.a(lib_a-wf_acos.o)
                0x0800c690                acosf
 .text.atan2f   0x0800c74c        0x4 c:/gccarm/bin/../lib/gcc/arm-none-eabi/4.8.4/../../../../arm-none-eabi/lib/armv7e-m/fpu\libm.a(lib_a-wf_atan2.o)
                0x0800c74c                atan2f
 .text.powf     0x0800c750      0x348 c:/gccarm/bin/../lib/gcc/arm-none-eabi/4.8.4/../../../../arm-none-eabi/lib/armv7e-m/fpu\libm.a(lib_a-wf_pow.o)
                0x0800c750                powf
 .text.sqrtf    0x0800ca98       0xb8 c:/gccarm/bin/../lib/gcc/arm-none-eabi/4.8.4/../../../../arm-none-eabi/lib/armv7e-m/fpu\libm.a(lib_a-wf_sqrt.o)
                0x0800ca98                sqrtf
 .text.__ieee754_acosf
                0x0800cb50      0x24c c:/gccarm/bin/../lib/gcc/arm-none-eabi/4.8.4/../../../../arm-none-eabi/lib/armv7e-m/fpu\libm.a(lib_a-ef_acos.o)
                0x0800cb50                __ieee754_acosf
 .text.__ieee754_atan2f
                0x0800cd9c      0x164 c:/gccarm/bin/../lib/gcc/arm-none-eabi/4.8.4/../../../../arm-none-eabi/lib/armv7e-m/fpu\libm.a(lib_a-ef_atan2.o)
                0x0800cd9c                __ieee754_atan2f
 .text.__ieee754_powf
                0x0800cf00      0x5c8 c:/gccarm/bin/../lib/gcc/arm-none-eabi/4.8.4/../../../../arm-none-eabi/lib/armv7e-m/fpu\libm.a(lib_a-ef_pow.o)
                0x0800cf00                __ieee754_powf
 .text.__ieee754_rem_pio2f
                0x0800d4c8      0x28c c:/gccarm/bin/../lib/gcc/arm-none-eabi/4.8.4/../../../../arm-none-eabi/lib/armv7e-m/fpu\libm.a(lib_a-ef_rem_pio2.o)
                0x0800d4c8                __ieee754_rem_pio2f
 .text.__ieee754_sqrtf
                0x0800d754       0xa4 c:/gccarm/bin/../lib/gcc/arm-none-eabi/4.8.4/../../../../arm-none-eabi/lib/armv7e-m/fpu\libm.a(lib_a-ef_sqrt.o)
                0x0800d754                __ieee754_sqrtf
 .text.__kernel_cosf
                0x0800d7f8      0x104 c:/gccarm/bin/../lib/gcc/arm-none-eabi/4.8.4/../../../../arm-none-eabi/lib/armv7e-m/fpu\libm.a(lib_a-kf_cos.o)
                0x0800d7f8                __kernel_cosf
 .text.__kernel_rem_pio2f
                0x0800d8fc      0x5cc c:/gccarm/bin/../lib/gcc/arm-none-eabi/4.8.4/../../../../arm-none-eabi/lib/armv7e-m/fpu\libm.a(lib_a-kf_rem_pio2.o)
                0x0800d8fc                __kernel_rem_pio2f
 .text.__kernel_sinf
                0x0800dec8       0x90 c:/gccarm/bin/../lib/gcc/arm-none-eabi/4.8.4/../../../../arm-none-eabi/lib/armv7e-m/fpu\libm.a(lib_a-kf_sin.o)
                0x0800dec8                __kernel_sinf
 .text.matherr  0x0800df58        0x4 c:/gccarm/bin/../lib/gcc/arm-none-eabi/4.8.4/../../../../arm-none-eabi/lib/armv7e-m/fpu\libm.a(lib_a-s_matherr.o)
                0x0800df58                matherr
 *fill*         0x0800df5c        0x4 
 .text.nan      0x0800df60       0x10 c:/gccarm/bin/../lib/gcc/arm-none-eabi/4.8.4/../../../../arm-none-eabi/lib/armv7e-m/fpu\libm.a(lib_a-s_nan.o)
                0x0800df60                nan
 .text.rint     0x0800df70      0x120 c:/gccarm/bin/../lib/gcc/arm-none-eabi/4.8.4/../../../../arm-none-eabi/lib/armv7e-m/fpu\libm.a(lib_a-s_rint.o)
                0x0800df70                rint
 .text.atanf    0x0800e090      0x1b0 c:/gccarm/bin/../lib/gcc/arm-none-eabi/4.8.4/../../../../arm-none-eabi/lib/armv7e-m/fpu\libm.a(lib_a-sf_atan.o)
                0x0800e090                atanf
 .text.fabsf    0x0800e240       0x10 c:/gccarm/bin/../lib/gcc/arm-none-eabi/4.8.4/../../../../arm-none-eabi/lib/armv7e-m/fpu\libm.a(lib_a-sf_fabs.o)
                0x0800e240                fabsf
 .text.finitef  0x0800e250       0x14 c:/gccarm/bin/../lib/gcc/arm-none-eabi/4.8.4/../../../../arm-none-eabi/lib/armv7e-m/fpu\libm.a(lib_a-sf_finite.o)
                0x0800e250                finitef
 .text.floorf   0x0800e264       0xa0 c:/gccarm/bin/../lib/gcc/arm-none-eabi/4.8.4/../../../../arm-none-eabi/lib/armv7e-m/fpu\libm.a(lib_a-sf_floor.o)
                0x0800e264                floorf
 .text.__fpclassifyf
                0x0800e304       0x38 c:/gccarm/bin/../lib/gcc/arm-none-eabi/4.8.4/../../../../arm-none-eabi/lib/armv7e-m/fpu\libm.a(lib_a-sf_fpclassify.o)
                0x0800e304                __fpclassifyf
 .text.nanf     0x0800e33c        0xc c:/gccarm/bin/../lib/gcc/arm-none-eabi/4.8.4/../../../../arm-none-eabi/lib/armv7e-m/fpu\libm.a(lib_a-sf_nan.o)
                0x0800e33c                nanf
 .text.scalbnf  0x0800e348       0xd8 c:/gccarm/bin/../lib/gcc/arm-none-eabi/4.8.4/../../../../arm-none-eabi/lib/armv7e-m/fpu\libm.a(lib_a-sf_scalbn.o)
                0x0800e348                scalbnf
 .text.copysignf
                0x0800e420       0x18 c:/gccarm/bin/../lib/gcc/arm-none-eabi/4.8.4/../../../../arm-none-eabi/lib/armv7e-m/fpu\libm.a(lib_a-sf_copysign.o)
                0x0800e420                copysignf
 .text.atoi     0x0800e438        0x8 c:/gccarm/bin/../lib/gcc/arm-none-eabi/4.8.4/../../../../arm-none-eabi/lib/armv7e-m/fpu\libc_s.a(lib_a-atoi.o)
                0x0800e438                atoi
 .text.bsearch  0x0800e440       0x42 c:/gccarm/bin/../lib/gcc/arm-none-eabi/4.8.4/../../../../arm-none-eabi/lib/armv7e-m/fpu\libc_s.a(lib_a-bsearch.o)
                0x0800e440                bsearch
 *fill*         0x0800e482        0x2 
 .text.__errno  0x0800e484        0xc c:/gccarm/bin/../lib/gcc/arm-none-eabi/4.8.4/../../../../arm-none-eabi/lib/armv7e-m/fpu\libc_s.a(lib_a-errno.o)
                0x0800e484                __errno
 .text.memcpy   0x0800e490       0x12 c:/gccarm/bin/../lib/gcc/arm-none-eabi/4.8.4/../../../../arm-none-eabi/lib/armv7e-m/fpu\libc_s.a(lib_a-memcpy-stub.o)
                0x0800e490                memcpy
 .text.memset   0x0800e4a2       0x10 c:/gccarm/bin/../lib/gcc/arm-none-eabi/4.8.4/../../../../arm-none-eabi/lib/armv7e-m/fpu\libc_s.a(lib_a-memset.o)
                0x0800e4a2                memset
 .text.strcat   0x0800e4b2       0x1a c:/gccarm/bin/../lib/gcc/arm-none-eabi/4.8.4/../../../../arm-none-eabi/lib/armv7e-m/fpu\libc_s.a(lib_a-strcat.o)
                0x0800e4b2                strcat
 .text.strchr   0x0800e4cc       0x1a c:/gccarm/bin/../lib/gcc/arm-none-eabi/4.8.4/../../../../arm-none-eabi/lib/armv7e-m/fpu\libc_s.a(lib_a-strchr.o)
                0x0800e4cc                strchr
 .text.strlen   0x0800e4e6       0x10 c:/gccarm/bin/../lib/gcc/arm-none-eabi/4.8.4/../../../../arm-none-eabi/lib/armv7e-m/fpu\libc_s.a(lib_a-strlen.o)
                0x0800e4e6                strlen
 *fill*         0x0800e4f6        0x2 
 .text.strncasecmp
                0x0800e4f8       0x44 c:/gccarm/bin/../lib/gcc/arm-none-eabi/4.8.4/../../../../arm-none-eabi/lib/armv7e-m/fpu\libc_s.a(lib_a-strncasecmp.o)
                0x0800e4f8                strncasecmp
 .text.strncpy  0x0800e53c       0x24 c:/gccarm/bin/../lib/gcc/arm-none-eabi/4.8.4/../../../../arm-none-eabi/lib/armv7e-m/fpu\libc_s.a(lib_a-strncpy.o)
                0x0800e53c                strncpy
 .text.strstr   0x0800e560       0x32 c:/gccarm/bin/../lib/gcc/arm-none-eabi/4.8.4/../../../../arm-none-eabi/lib/armv7e-m/fpu\libc_s.a(lib_a-strstr.o)
                0x0800e560                strstr
 *fill*         0x0800e592        0x2 
 .text.strtok   0x0800e594       0x64 c:/gccarm/bin/../lib/gcc/arm-none-eabi/4.8.4/../../../../arm-none-eabi/lib/armv7e-m/fpu\libc_s.a(lib_a-strtok.o)
                0x0800e594                strtok
 .text.__strtok_r
                0x0800e5f8       0x56 c:/gccarm/bin/../lib/gcc/arm-none-eabi/4.8.4/../../../../arm-none-eabi/lib/armv7e-m/fpu\libc_s.a(lib_a-strtok_r.o)
                0x0800e5f8                __strtok_r
 *fill*         0x0800e64e        0x2 
 .text._strtol_r
                0x0800e650      0x104 c:/gccarm/bin/../lib/gcc/arm-none-eabi/4.8.4/../../../../arm-none-eabi/lib/armv7e-m/fpu\libc_s.a(lib_a-strtol.o)
                0x0800e650                _strtol_r
 .text.strtol   0x0800e754       0x1c c:/gccarm/bin/../lib/gcc/arm-none-eabi/4.8.4/../../../../arm-none-eabi/lib/armv7e-m/fpu\libc_s.a(lib_a-strtol.o)
                0x0800e754                strtol
 .text.malloc   0x0800e770       0x10 c:/gccarm/bin/../lib/gcc/arm-none-eabi/4.8.4/../../../../arm-none-eabi/lib/armv7e-m/fpu\libc_s.a(lib_a-malloc.o)
                0x0800e770                malloc
 .text._malloc_r
                0x0800e780       0xa8 c:/gccarm/bin/../lib/gcc/arm-none-eabi/4.8.4/../../../../arm-none-eabi/lib/armv7e-m/fpu\libc_s.a(lib_a-nano-mallocr.o)
                0x0800e780                _malloc_r
 .text._sbrk_r  0x0800e828       0x20 c:/gccarm/bin/../lib/gcc/arm-none-eabi/4.8.4/../../../../arm-none-eabi/lib/armv7e-m/fpu\libc_s.a(lib_a-sbrkr.o)
                0x0800e828                _sbrk_r
 .text._sbrk    0x0800e848       0x34 c:/gccarm/bin/../lib/gcc/arm-none-eabi/4.8.4/../../../../arm-none-eabi/lib/armv7e-m/fpu\libnosys.a(sbrk.o)
                0x0800e848                _sbrk
 .text          0x0800e87c      0x370 c:/gccarm/bin/../lib/gcc/arm-none-eabi/4.8.4/armv7e-m/fpu\libgcc.a(_arm_addsubdf3.o)
                0x0800e87c                __aeabi_drsub
                0x0800e884                __aeabi_dsub
                0x0800e884                __subdf3
                0x0800e888                __aeabi_dadd
                0x0800e888                __adddf3
                0x0800eb00                __floatunsidf
                0x0800eb00                __aeabi_ui2d
                0x0800eb20                __floatsidf
                0x0800eb20                __aeabi_i2d
                0x0800eb44                __aeabi_f2d
                0x0800eb44                __extendsfdf2
                0x0800eb80                __floatundidf
                0x0800eb80                __aeabi_ul2d
                0x0800eb90                __floatdidf
                0x0800eb90                __aeabi_l2d
 .text          0x0800ebec      0x424 c:/gccarm/bin/../lib/gcc/arm-none-eabi/4.8.4/armv7e-m/fpu\libgcc.a(_arm_muldivdf3.o)
                0x0800ebec                __aeabi_dmul
                0x0800ebec                __muldf3
                0x0800ee40                __divdf3
                0x0800ee40                __aeabi_ddiv
 .text          0x0800f010      0x110 c:/gccarm/bin/../lib/gcc/arm-none-eabi/4.8.4/armv7e-m/fpu\libgcc.a(_arm_cmpdf2.o)
                0x0800f010                __gtdf2
                0x0800f010                __gedf2
                0x0800f018                __ltdf2
                0x0800f018                __ledf2
                0x0800f020                __nedf2
                0x0800f020                __eqdf2
                0x0800f020                __cmpdf2
                0x0800f09c                __aeabi_cdrcmple
                0x0800f0ac                __aeabi_cdcmpeq
                0x0800f0ac                __aeabi_cdcmple
                0x0800f0bc                __aeabi_dcmpeq
                0x0800f0d0                __aeabi_dcmplt
                0x0800f0e4                __aeabi_dcmple
                0x0800f0f8                __aeabi_dcmpge
                0x0800f10c                __aeabi_dcmpgt
 .text          0x0800f120       0xa0 c:/gccarm/bin/../lib/gcc/arm-none-eabi/4.8.4/armv7e-m/fpu\libgcc.a(_arm_truncdfsf2.o)
                0x0800f120                __truncdfsf2
                0x0800f120                __aeabi_d2f
 *(.init)
 *(.fini)
 *crtbegin.o(.ctors)
 *crtbegin?.o(.ctors)
 *(EXCLUDE_FILE(*crtend.o *crtend?.o) .ctors)
 *(SORT(.ctors.*))
 *(.ctors)
 *crtbegin.o(.dtors)
 *crtbegin?.o(.dtors)
 *(EXCLUDE_FILE(*crtend.o *crtend?.o) .dtors)
 *(SORT(.dtors.*))
 *(.dtors)
 *(.rodata*)
 .rodata.featureNames
                0x0800f1c0       0x44 obj/VRBRAIN/cli.o
 .rodata.mixerNames
                0x0800f204       0x5c obj/VRBRAIN/cli.o
 .rodata.cmdTable
                0x0800f260       0xc0 obj/VRBRAIN/cli.o
                0x0800f260                cmdTable
 .rodata.accNames
                0x0800f320       0x20 obj/VRBRAIN/cli.o
 .rodata.str1.1
                0x0800f340     0x1021 obj/VRBRAIN/cli.o
                               0x1093 (size before relaxing)
 *fill*         0x08010361        0x3 
 .rodata.sensorNames
                0x08010364       0x20 obj/VRBRAIN/cli.o
 .rodata.hwNames
                0x08010384       0x10 obj/VRBRAIN/cli.o
 .rodata.valueTable
                0x08010394      0xac8 obj/VRBRAIN/cli.o
                0x08010394                valueTable
 .rodata        0x08010e5c        0x8 obj/VRBRAIN/config.o
 .rodata.rcChannelLetters
                0x08010e64        0x9 obj/VRBRAIN/config.o
                0x08010e64                rcChannelLetters
 .rodata.str1.1
                0x08010e6d        0x9 obj/VRBRAIN/config.o
 *fill*         0x08010e76        0x2 
 .rodata.ubloxConfigList
                0x08010e78       0x18 obj/VRBRAIN/gps.o
 .rodata.ubloxInit
                0x08010e90       0x87 obj/VRBRAIN/gps.o
 .rodata.str1.1
                0x08010f17       0xfb obj/VRBRAIN/gps.o
                                 0xfc (size before relaxing)
 .rodata.ubloxSbasMode
                0x08011012       0x1e obj/VRBRAIN/gps.o
 .rodata.ubloxSbasDisabled
                0x08011030        0xa obj/VRBRAIN/gps.o
 *fill*         0x0801103a        0x2 
 .rodata.gpsInitData
                0x0801103c       0x50 obj/VRBRAIN/gps.o
 .rodata.servoMixerSingle
                0x0801108c       0x38 obj/VRBRAIN/mixer.o
 .rodata.mixerOctoFlatP
                0x080110c4       0x80 obj/VRBRAIN/mixer.o
 .rodata.mixerOctoFlatX
                0x08011144       0x80 obj/VRBRAIN/mixer.o
 .rodata.mixerTrustVector
                0x080111c4       0x20 obj/VRBRAIN/mixer.o
 .rodata.mixerTri
                0x080111e4       0x30 obj/VRBRAIN/mixer.o
 .rodata.mixerBi
                0x08011214       0x20 obj/VRBRAIN/mixer.o
 .rodata.servoMixerDual
                0x08011234        0xe obj/VRBRAIN/mixer.o
 *fill*         0x08011242        0x2 
 .rodata.mixerDualcopter
                0x08011244       0x20 obj/VRBRAIN/mixer.o
 .rodata.mixers
                0x08011264       0xc8 obj/VRBRAIN/mixer.o
                0x08011264                mixers
 .rodata.mixerHex6H
                0x0801132c       0x60 obj/VRBRAIN/mixer.o
 .rodata.mixerOctoX8
                0x0801138c       0x80 obj/VRBRAIN/mixer.o
 .rodata.servoMixerAirplane
                0x0801140c       0x1c obj/VRBRAIN/mixer.o
 .rodata.mixerVtail4
                0x08011428       0x40 obj/VRBRAIN/mixer.o
 .rodata.servoMixerFlyingWing
                0x08011468       0x1c obj/VRBRAIN/mixer.o
 .rodata.mixerHex6P
                0x08011484       0x60 obj/VRBRAIN/mixer.o
 .rodata.mixerQuadP
                0x080114e4       0x40 obj/VRBRAIN/mixer.o
 .rodata.mixerQuadX
                0x08011524       0x40 obj/VRBRAIN/mixer.o
 .rodata.mixerHex6X
                0x08011564       0x60 obj/VRBRAIN/mixer.o
 .rodata.servoMixerBI
                0x080115c4       0x1c obj/VRBRAIN/mixer.o
 .rodata.mixerY4
                0x080115e0       0x40 obj/VRBRAIN/mixer.o
 .rodata.mixerY6
                0x08011620       0x60 obj/VRBRAIN/mixer.o
 .rodata.mixerAtail4
                0x08011680       0x40 obj/VRBRAIN/mixer.o
 .rodata.servoMixerTri
                0x080116c0        0x7 obj/VRBRAIN/mixer.o
 *fill*         0x080116c7        0x1 
 .rodata.servoMixers
                0x080116c8       0xc8 obj/VRBRAIN/mixer.o
                0x080116c8                servoMixers
 .rodata.pidnames
                0x08011790       0x30 obj/VRBRAIN/serial.o
 .rodata.str1.1
                0x080117c0       0xd3 obj/VRBRAIN/serial.o
 *fill*         0x08011893        0x1 
 .rodata.boxes  0x08011894      0x12c obj/VRBRAIN/serial.o
 .rodata.airNoPWM
                0x080119c0       0x1e obj/VRBRAIN/drivers/pwm.o
 *fill*         0x080119de        0x2 
 .rodata.hardwareMaps
                0x080119e0       0x10 obj/VRBRAIN/drivers/pwm.o
 .rodata.multiPWM
                0x080119f0       0x1e obj/VRBRAIN/drivers/pwm.o
 .rodata.airPWM
                0x08011a0e       0x1e obj/VRBRAIN/drivers/pwm.o
 .rodata.multiNoPWM
                0x08011a2c       0x1e obj/VRBRAIN/drivers/pwm.o
 *fill*         0x08011a4a        0x2 
 .rodata.timerHardware
                0x08011a4c       0xe0 obj/VRBRAIN/drivers/timer.o
                0x08011a4c                timerHardware
 .rodata.timers
                0x08011b2c       0x14 obj/VRBRAIN/drivers/timer.o
 .rodata.channels
                0x08011b40        0x8 obj/VRBRAIN/drivers/timer.o
 .rodata        0x08011b48       0x18 obj/VRBRAIN/drivers/gpio_stm32f4xx.o
 .rodata.uartVTable
                0x08011b60       0x18 obj/VRBRAIN/drivers/uart_stm32f4xx.o
                0x08011b60                uartVTable
 .rodata.usbVTable
                0x08011b78       0x18 obj/VRBRAIN/drivers/usb_stm32f4xx.o
                0x08011b78                usbVTable
 .rodata.str1.1
                0x08011b90       0x88 obj/VRBRAIN/drivers/vcp_stm32f4xx/usbd_desc.o
 .rodata.TWO23  0x08011c18        0x8 c:/gccarm/bin/../lib/gcc/arm-none-eabi/4.8.4/../../../../arm-none-eabi/lib/armv7e-m/fpu\libm.a(lib_a-sf_lrint.o)
 .rodata.str1.4
                0x08011c20        0x6 c:/gccarm/bin/../lib/gcc/arm-none-eabi/4.8.4/../../../../arm-none-eabi/lib/armv7e-m/fpu\libm.a(lib_a-wf_acos.o)
                                  0xc (size before relaxing)
 *fill*         0x08011c26        0x2 
 .rodata.str1.4
                0x08011c28        0x5 c:/gccarm/bin/../lib/gcc/arm-none-eabi/4.8.4/../../../../arm-none-eabi/lib/armv7e-m/fpu\libm.a(lib_a-wf_pow.o)
                                  0x8 (size before relaxing)
 *fill*         0x08011c2d        0x3 
 .rodata.str1.4
                0x08011c30        0x8 c:/gccarm/bin/../lib/gcc/arm-none-eabi/4.8.4/../../../../arm-none-eabi/lib/armv7e-m/fpu\libm.a(lib_a-wf_sqrt.o)
 .rodata.dp_h   0x08011c38        0x8 c:/gccarm/bin/../lib/gcc/arm-none-eabi/4.8.4/../../../../arm-none-eabi/lib/armv7e-m/fpu\libm.a(lib_a-ef_pow.o)
 .rodata.dp_l   0x08011c40        0x8 c:/gccarm/bin/../lib/gcc/arm-none-eabi/4.8.4/../../../../arm-none-eabi/lib/armv7e-m/fpu\libm.a(lib_a-ef_pow.o)
 .rodata.bp     0x08011c48        0x8 c:/gccarm/bin/../lib/gcc/arm-none-eabi/4.8.4/../../../../arm-none-eabi/lib/armv7e-m/fpu\libm.a(lib_a-ef_pow.o)
 .rodata.str1.4
                0x00000000        0x4 c:/gccarm/bin/../lib/gcc/arm-none-eabi/4.8.4/../../../../arm-none-eabi/lib/armv7e-m/fpu\libm.a(lib_a-ef_pow.o)
 .rodata.npio2_hw
                0x08011c50       0x80 c:/gccarm/bin/../lib/gcc/arm-none-eabi/4.8.4/../../../../arm-none-eabi/lib/armv7e-m/fpu\libm.a(lib_a-ef_rem_pio2.o)
 .rodata.two_over_pi
                0x08011cd0      0x318 c:/gccarm/bin/../lib/gcc/arm-none-eabi/4.8.4/../../../../arm-none-eabi/lib/armv7e-m/fpu\libm.a(lib_a-ef_rem_pio2.o)
 .rodata.init_jk
                0x08011fe8        0xc c:/gccarm/bin/../lib/gcc/arm-none-eabi/4.8.4/../../../../arm-none-eabi/lib/armv7e-m/fpu\libm.a(lib_a-kf_rem_pio2.o)
 .rodata.PIo2   0x08011ff4       0x2c c:/gccarm/bin/../lib/gcc/arm-none-eabi/4.8.4/../../../../arm-none-eabi/lib/armv7e-m/fpu\libm.a(lib_a-kf_rem_pio2.o)
 .rodata.TWO52  0x08012020       0x10 c:/gccarm/bin/../lib/gcc/arm-none-eabi/4.8.4/../../../../arm-none-eabi/lib/armv7e-m/fpu\libm.a(lib_a-s_rint.o)
 .rodata.atanlo
                0x08012030       0x10 c:/gccarm/bin/../lib/gcc/arm-none-eabi/4.8.4/../../../../arm-none-eabi/lib/armv7e-m/fpu\libm.a(lib_a-sf_atan.o)
 .rodata.atanhi
                0x08012040       0x10 c:/gccarm/bin/../lib/gcc/arm-none-eabi/4.8.4/../../../../arm-none-eabi/lib/armv7e-m/fpu\libm.a(lib_a-sf_atan.o)
 .rodata._ctype_
                0x08012050      0x101 c:/gccarm/bin/../lib/gcc/arm-none-eabi/4.8.4/../../../../arm-none-eabi/lib/armv7e-m/fpu\libc_s.a(lib_a-ctype_.o)
                0x08012050                _ctype_
 .rodata.str1.1
                0x00000000       0x88 c:/gccarm/bin/../lib/gcc/arm-none-eabi/4.8.4/../../../../arm-none-eabi/lib/armv7e-m/fpu\libc_s.a(lib_a-impure.o)
                                  0x2 (size before relaxing)
 *(.eh_fram e*)

.glue_7         0x08012154        0x0
 .glue_7        0x00000000        0x0 linker stubs

.glue_7t        0x08012154        0x0
 .glue_7t       0x00000000        0x0 linker stubs

.vfp11_veneer   0x08012154        0x0
 .vfp11_veneer  0x00000000        0x0 linker stubs

.v4_bx          0x08012154        0x0
 .v4_bx         0x00000000        0x0 linker stubs

.iplt           0x08012154        0x0
 .iplt          0x00000000        0x0 obj/VRBRAIN/buzzer.o

.rel.dyn        0x08012154        0x0
 .rel.iplt      0x00000000        0x0 obj/VRBRAIN/buzzer.o

.ARM.extab
 *(.ARM.extab* .gnu.linkonce.armextab.*)
                0x08012154                __exidx_start = .

.ARM.exidx
 *(.ARM.exidx* .gnu.linkonce.armexidx.*)
                0x08012154                __exidx_end = .
                0x08012154                __etext = .
                0x08012151                _sidata = __etext

.data           0x20000000      0x1f8 load address 0x08012151
                0x20000000                __data_start__ = .
                0x20000000                _sdata = __data_start__
 *(vtable)
 *(.data*)
 .data.ubloxSbasInit
                0x20000000       0x10 obj/VRBRAIN/gps.o
 .data.GPS_scaleLonDown
                0x20000010        0x4 obj/VRBRAIN/gps.o
 .data.sonarAlt
                0x20000014        0x4 obj/VRBRAIN/imu.o
                0x20000014                sonarAlt
 .data.EstN.10716
                0x20000018        0xc obj/VRBRAIN/imu.o
 .data.batteryCellCount
                0x20000024        0x1 obj/VRBRAIN/mw.o
                0x20000024                batteryCellCount
 .data.GPSNavReset.10806
                0x20000025        0x1 obj/VRBRAIN/mw.o
 *fill*         0x20000026        0x2 
 .data.pid_controller
                0x20000028        0x4 obj/VRBRAIN/mw.o
                0x20000028                pid_controller
 .data.servo    0x2000002c       0x10 obj/VRBRAIN/mixer.o
                0x2000002c                servo
 .data.acc_1G   0x2000003c        0x2 obj/VRBRAIN/sensors.o
                0x2000003c                acc_1G
 *fill*         0x2000003e        0x2 
 .data.currentPortState
                0x20000040        0x4 obj/VRBRAIN/serial.o
 .data.standardBoardAlignment
                0x20000044        0x1 obj/VRBRAIN/utils.o
 .data.AHBPrescTable
                0x20000045       0x10 obj/VRBRAIN/system_stm32f4xx.o
                0x20000045                AHBPrescTable
 *fill*         0x20000055        0x3 
 .data.SystemCoreClock
                0x20000058        0x4 obj/VRBRAIN/system_stm32f4xx.o
                0x20000058                SystemCoreClock
 .data.USBD_DCD_INT_fops
                0x2000005c        0x4 obj/VRBRAIN/usbd_core.o
                0x2000005c                USBD_DCD_INT_fops
 .data.USBD_DCD_INT_cb
                0x20000060       0x2c obj/VRBRAIN/usbd_core.o
                0x20000060                USBD_DCD_INT_cb
 .data.APBAHBPrescTable
                0x2000008c       0x10 obj/VRBRAIN/stm32f4xx_rcc.o
 .data.cdcCmd   0x2000009c        0x4 obj/VRBRAIN/usbd_cdc_core.o
 .data.usbd_cdc_CfgDesc
                0x200000a0       0x43 obj/VRBRAIN/usbd_cdc_core.o
                0x200000a0                usbd_cdc_CfgDesc
 *fill*         0x200000e3        0x1 
 .data.USBD_CDC_cb
                0x200000e4       0x2c obj/VRBRAIN/usbd_cdc_core.o
                0x200000e4                USBD_CDC_cb
 .data.failsafeThreshold
                0x20000110        0x2 obj/VRBRAIN/drivers/pwm.o
 *fill*         0x20000112        0x2 
 .data.magGain  0x20000114        0xc obj/VRBRAIN/sensors/i2c_hmc5883l.o
 .data.VCP_fops
                0x20000120       0x14 obj/VRBRAIN/drivers/vcp_stm32f4xx/usbd_cdc_vcp.o
                0x20000120                VCP_fops
 .data.linecoding
                0x20000134        0x8 obj/VRBRAIN/drivers/vcp_stm32f4xx/usbd_cdc_vcp.o
                0x20000134                linecoding
 .data.USR_desc
                0x2000013c       0x1c obj/VRBRAIN/drivers/vcp_stm32f4xx/usbd_desc.o
                0x2000013c                USR_desc
 .data.USBD_LangIDDesc
                0x20000158        0x4 obj/VRBRAIN/drivers/vcp_stm32f4xx/usbd_desc.o
                0x20000158                USBD_LangIDDesc
 .data.USBD_DeviceDesc
                0x2000015c       0x12 obj/VRBRAIN/drivers/vcp_stm32f4xx/usbd_desc.o
                0x2000015c                USBD_DeviceDesc
 *fill*         0x2000016e        0x2 
 .data.USR_cb   0x20000170       0x1c obj/VRBRAIN/drivers/vcp_stm32f4xx/usbd_usr.o
                0x20000170                USR_cb
 .data.__fdlib_version
                0x2000018c        0x1 c:/gccarm/bin/../lib/gcc/arm-none-eabi/4.8.4/../../../../arm-none-eabi/lib/armv7e-m/fpu\libm.a(lib_a-s_lib_ver.o)
                0x2000018c                __fdlib_version
 *fill*         0x2000018d        0x3 
 .data.__ctype_ptr__
                0x20000190        0x4 c:/gccarm/bin/../lib/gcc/arm-none-eabi/4.8.4/../../../../arm-none-eabi/lib/armv7e-m/fpu\libc_s.a(lib_a-ctype_.o)
                0x20000190                __ctype_ptr__
 .data.impure_data
                0x20000194       0x60 c:/gccarm/bin/../lib/gcc/arm-none-eabi/4.8.4/../../../../arm-none-eabi/lib/armv7e-m/fpu\libc_s.a(lib_a-impure.o)
 .data._impure_ptr
                0x200001f4        0x4 c:/gccarm/bin/../lib/gcc/arm-none-eabi/4.8.4/../../../../arm-none-eabi/lib/armv7e-m/fpu\libc_s.a(lib_a-impure.o)
                0x200001f4                _impure_ptr
                0x200001f8                . = ALIGN (0x4)
                0x200001f8                PROVIDE (__preinit_array_start, .)
 *(.preinit_array)
                0x200001f8                PROVIDE (__preinit_array_end, .)
                0x200001f8                . = ALIGN (0x4)
                0x200001f8                PROVIDE (__init_array_start, .)
 *(SORT(.init_array.*))
 *(.init_array)
                0x200001f8                PROVIDE (__init_array_end, .)
                0x200001f8                . = ALIGN (0x4)
                0x200001f8                PROVIDE (__fini_array_start, .)
 *(SORT(.fini_array.*))
 *(.fini_array)
                0x200001f8                PROVIDE (__fini_array_end, .)
 *(.jcr*)
                0x200001f8                . = ALIGN (0x4)
                0x200001f8                __data_end__ = .
                0x200001f8                _edata = __data_end__

.igot.plt       0x200001f8        0x0 load address 0x0801234c
 .igot.plt      0x00000000        0x0 obj/VRBRAIN/buzzer.o

.bss            0x200001f8     0x2cdc load address 0x0801234c
                0x200001f8                . = ALIGN (0x4)
                0x200001f8                __bss_start__ = .
                0x200001f8                _sbss = __bss_start__
 *(.bss*)
 .bss.cliMode   0x200001f8        0x1 obj/VRBRAIN/cli.o
                0x200001f8                cliMode
 .bss.cliBuffer
                0x200001f9       0x30 obj/VRBRAIN/cli.o
 *fill*         0x20000229        0x3 
 .bss.bufferIndex
                0x2000022c        0x4 obj/VRBRAIN/cli.o
 .bss.enabledSensors
                0x20000230        0x4 obj/VRBRAIN/config.o
 .bss.GPS_filter
                0x20000234       0x28 obj/VRBRAIN/gps.o
 .bss._msg_id   0x2000025c        0x1 obj/VRBRAIN/gps.o
 .bss._step     0x2000025d        0x1 obj/VRBRAIN/gps.o
 .bss.rate_error
                0x2000025e        0x4 obj/VRBRAIN/gps.o
 *fill*         0x20000262        0x2 
 .bss.GPS_filtered
                0x20000264        0x8 obj/VRBRAIN/gps.o
 .bss.crosstrack_error
                0x2000026c        0x2 obj/VRBRAIN/gps.o
 *fill*         0x2000026e        0x2 
 .bss.last.10881
                0x20000270        0x8 obj/VRBRAIN/gps.o
 .bss.param.10964
                0x20000278        0x1 obj/VRBRAIN/gps.o
 *fill*         0x20000279        0x3 
 .bss.posholdPID
                0x2000027c       0x28 obj/VRBRAIN/gps.o
 .bss._payload_counter
                0x200002a4        0x2 obj/VRBRAIN/gps.o
 *fill*         0x200002a6        0x2 
 .bss.posholdPID_PARAM
                0x200002a8       0x10 obj/VRBRAIN/gps.o
 .bss._ck_a     0x200002b8        0x1 obj/VRBRAIN/gps.o
 .bss._ck_b     0x200002b9        0x1 obj/VRBRAIN/gps.o
 *fill*         0x200002ba        0x2 
 .bss.gps_msg.10970
                0x200002bc       0x10 obj/VRBRAIN/gps.o
 .bss.nav_loopTimer.10828
                0x200002cc        0x4 obj/VRBRAIN/gps.o
 .bss._payload_length
                0x200002d0        0x2 obj/VRBRAIN/gps.o
 .bss.nav_takeoff_bearing
                0x200002d2        0x2 obj/VRBRAIN/gps.o
 .bss.GPS_WP    0x200002d4        0x8 obj/VRBRAIN/gps.o
 .bss.checksum_param.10968
                0x200002dc        0x1 obj/VRBRAIN/gps.o
 .bss.init.10882
                0x200002dd        0x1 obj/VRBRAIN/gps.o
 .bss.speed_old.10880
                0x200002de        0x4 obj/VRBRAIN/gps.o
 .bss.fraction3
                0x200002e2        0x4 obj/VRBRAIN/gps.o
 .bss.offset.10965
                0x200002e6        0x1 obj/VRBRAIN/gps.o
 *fill*         0x200002e7        0x1 
 .bss.dTnav     0x200002e8        0x4 obj/VRBRAIN/gps.o
 .bss.GPS_degree
                0x200002ec        0x8 obj/VRBRAIN/gps.o
 .bss.poshold_ratePID
                0x200002f4       0x28 obj/VRBRAIN/gps.o
 .bss.actual_speed
                0x2000031c        0x4 obj/VRBRAIN/gps.o
 .bss.navPID    0x20000320       0x28 obj/VRBRAIN/gps.o
 .bss.target_bearing
                0x20000348        0x4 obj/VRBRAIN/gps.o
 .bss.GPS_filter_sum
                0x2000034c        0x8 obj/VRBRAIN/gps.o
 .bss.parity.10966