Archive member included because of file (symbol)

c:/gccarm/bin/../lib/gcc/arm-none-eabi/4.8.4/../../../../arm-none-eabi/lib/armv7e-m/fpu\libm.a(lib_a-sf_cos.o)
                              obj/VRBRAIN/align.o (cosf)
c:/gccarm/bin/../lib/gcc/arm-none-eabi/4.8.4/../../../../arm-none-eabi/lib/armv7e-m/fpu\libm.a(lib_a-sf_lrint.o)
                              obj/VRBRAIN/align.o (lrintf)
c:/gccarm/bin/../lib/gcc/arm-none-eabi/4.8.4/../../../../arm-none-eabi/lib/armv7e-m/fpu\libm.a(lib_a-sf_sin.o)
                              obj/VRBRAIN/align.o (sinf)
c:/gccarm/bin/../lib/gcc/arm-none-eabi/4.8.4/../../../../arm-none-eabi/lib/armv7e-m/fpu\libm.a(lib_a-wf_acos.o)
                              obj/VRBRAIN/imu.o (acosf)
c:/gccarm/bin/../lib/gcc/arm-none-eabi/4.8.4/../../../../arm-none-eabi/lib/armv7e-m/fpu\libm.a(lib_a-wf_atan2.o)
                              obj/VRBRAIN/gps.o (atan2f)
c:/gccarm/bin/../lib/gcc/arm-none-eabi/4.8.4/../../../../arm-none-eabi/lib/armv7e-m/fpu\libm.a(lib_a-wf_pow.o)
                              obj/VRBRAIN/imu.o (powf)
c:/gccarm/bin/../lib/gcc/arm-none-eabi/4.8.4/../../../../arm-none-eabi/lib/armv7e-m/fpu\libm.a(lib_a-wf_sqrt.o)
                              obj/VRBRAIN/gps.o (sqrtf)
c:/gccarm/bin/../lib/gcc/arm-none-eabi/4.8.4/../../../../arm-none-eabi/lib/armv7e-m/fpu\libm.a(lib_a-ef_acos.o)
                              c:/gccarm/bin/../lib/gcc/arm-none-eabi/4.8.4/../../../../arm-none-eabi/lib/armv7e-m/fpu\libm.a(lib_a-wf_acos.o) (__ieee754_acosf)
c:/gccarm/bin/../lib/gcc/arm-none-eabi/4.8.4/../../../../arm-none-eabi/lib/armv7e-m/fpu\libm.a(lib_a-ef_atan2.o)
                              c:/gccarm/bin/../lib/gcc/arm-none-eabi/4.8.4/../../../../arm-none-eabi/lib/armv7e-m/fpu\libm.a(lib_a-wf_atan2.o) (__ieee754_atan2f)
c:/gccarm/bin/../lib/gcc/arm-none-eabi/4.8.4/../../../../arm-none-eabi/lib/armv7e-m/fpu\libm.a(lib_a-ef_pow.o)
                              c:/gccarm/bin/../lib/gcc/arm-none-eabi/4.8.4/../../../../arm-none-eabi/lib/armv7e-m/fpu\libm.a(lib_a-wf_pow.o) (__ieee754_powf)
c:/gccarm/bin/../lib/gcc/arm-none-eabi/4.8.4/../../../../arm-none-eabi/lib/armv7e-m/fpu\libm.a(lib_a-ef_rem_pio2.o)
                              c:/gccarm/bin/../lib/gcc/arm-none-eabi/4.8.4/../../../../arm-none-eabi/lib/armv7e-m/fpu\libm.a(lib_a-sf_cos.o) (__ieee754_rem_pio2f)
c:/gccarm/bin/../lib/gcc/arm-none-eabi/4.8.4/../../../../arm-none-eabi/lib/armv7e-m/fpu\libm.a(lib_a-ef_sqrt.o)
                              c:/gccarm/bin/../lib/gcc/arm-none-eabi/4.8.4/../../../../arm-none-eabi/lib/armv7e-m/fpu\libm.a(lib_a-wf_sqrt.o) (__ieee754_sqrtf)
c:/gccarm/bin/../lib/gcc/arm-none-eabi/4.8.4/../../../../arm-none-eabi/lib/armv7e-m/fpu\libm.a(lib_a-kf_cos.o)
                              c:/gccarm/bin/../lib/gcc/arm-none-eabi/4.8.4/../../../../arm-none-eabi/lib/armv7e-m/fpu\libm.a(lib_a-sf_cos.o) (__kernel_cosf)
c:/gccarm/bin/../lib/gcc/arm-none-eabi/4.8.4/../../../../arm-none-eabi/lib/armv7e-m/fpu\libm.a(lib_a-kf_rem_pio2.o)
                              c:/gccarm/bin/../lib/gcc/arm-none-eabi/4.8.4/../../../../arm-none-eabi/lib/armv7e-m/fpu\libm.a(lib_a-ef_rem_pio2.o) (__kernel_rem_pio2f)
c:/gccarm/bin/../lib/gcc/arm-none-eabi/4.8.4/../../../../arm-none-eabi/lib/armv7e-m/fpu\libm.a(lib_a-kf_sin.o)
                              c:/gccarm/bin/../lib/gcc/arm-none-eabi/4.8.4/../../../../arm-none-eabi/lib/armv7e-m/fpu\libm.a(lib_a-sf_cos.o) (__kernel_sinf)
c:/gccarm/bin/../lib/gcc/arm-none-eabi/4.8.4/../../../../arm-none-eabi/lib/armv7e-m/fpu\libm.a(lib_a-s_lib_ver.o)
                              c:/gccarm/bin/../lib/gcc/arm-none-eabi/4.8.4/../../../../arm-none-eabi/lib/armv7e-m/fpu\libm.a(lib_a-wf_acos.o) (__fdlib_version)
c:/gccarm/bin/../lib/gcc/arm-none-eabi/4.8.4/../../../../arm-none-eabi/lib/armv7e-m/fpu\libm.a(lib_a-s_matherr.o)
                              c:/gccarm/bin/../lib/gcc/arm-none-eabi/4.8.4/../../../../arm-none-eabi/lib/armv7e-m/fpu\libm.a(lib_a-wf_acos.o) (matherr)
c:/gccarm/bin/../lib/gcc/arm-none-eabi/4.8.4/../../../../arm-none-eabi/lib/armv7e-m/fpu\libm.a(lib_a-s_nan.o)
                              c:/gccarm/bin/../lib/gcc/arm-none-eabi/4.8.4/../../../../arm-none-eabi/lib/armv7e-m/fpu\libm.a(lib_a-wf_acos.o) (nan)
c:/gccarm/bin/../lib/gcc/arm-none-eabi/4.8.4/../../../../arm-none-eabi/lib/armv7e-m/fpu\libm.a(lib_a-s_rint.o)
                              c:/gccarm/bin/../lib/gcc/arm-none-eabi/4.8.4/../../../../arm-none-eabi/lib/armv7e-m/fpu\libm.a(lib_a-wf_pow.o) (rint)
c:/gccarm/bin/../lib/gcc/arm-none-eabi/4.8.4/../../../../arm-none-eabi/lib/armv7e-m/fpu\libm.a(lib_a-sf_atan.o)
                              c:/gccarm/bin/../lib/gcc/arm-none-eabi/4.8.4/../../../../arm-none-eabi/lib/armv7e-m/fpu\libm.a(lib_a-ef_atan2.o) (atanf)
c:/gccarm/bin/../lib/gcc/arm-none-eabi/4.8.4/../../../../arm-none-eabi/lib/armv7e-m/fpu\libm.a(lib_a-sf_fabs.o)
                              c:/gccarm/bin/../lib/gcc/arm-none-eabi/4.8.4/../../../../arm-none-eabi/lib/armv7e-m/fpu\libm.a(lib_a-wf_acos.o) (fabsf)
[...]
Memory Configuration

Name             Origin             Length             Attributes
rom              0x08000000         0x00100000         xr
ram              0x20000000         0x00020000         xrw
ram1             0x10000000         0x00010000         xrw
*default*        0x00000000         0xffffffff

Linker script and memory map

LOAD obj/VRBRAIN/align.o
LOAD obj/VRBRAIN/buzzer.o
LOAD obj/VRBRAIN/cli.o
LOAD obj/VRBRAIN/config.o
LOAD obj/VRBRAIN/gps.o
LOAD obj/VRBRAIN/imu.o
LOAD obj/VRBRAIN/main.o
LOAD obj/VRBRAIN/mw.o
LOAD obj/VRBRAIN/mixer.o
LOAD obj/VRBRAIN/msp.o
LOAD obj/VRBRAIN/printf.o
LOAD obj/VRBRAIN/rxmsp.o
LOAD obj/VRBRAIN/rxsbus.o
LOAD obj/VRBRAIN/rxspektrum.o
LOAD obj/VRBRAIN/rxsumd.o
LOAD obj/VRBRAIN/sensors.o
LOAD obj/VRBRAIN/telemetry_common.o
LOAD obj/VRBRAIN/telemetry_frsky.o
LOAD obj/VRBRAIN/telemetry_hott.o
LOAD obj/VRBRAIN/utils_math.o
LOAD obj/VRBRAIN/system_stm32f4xx.o
LOAD obj/VRBRAIN/usbd_core.o
LOAD obj/VRBRAIN/usbd_ioreq.o
LOAD obj/VRBRAIN/usbd_req.o
LOAD obj/VRBRAIN/misc.o
LOAD obj/VRBRAIN/stm32f4xx_dma.o
LOAD obj/VRBRAIN/stm32f4xx_exti.o
LOAD obj/VRBRAIN/stm32f4xx_flash.o
LOAD obj/VRBRAIN/stm32f4xx_gpio.o
LOAD obj/VRBRAIN/stm32f4xx_i2c.o
LOAD obj/VRBRAIN/stm32f4xx_rcc.o
LOAD obj/VRBRAIN/stm32f4xx_spi.o
LOAD obj/VRBRAIN/stm32f4xx_tim.o
LOAD obj/VRBRAIN/stm32f4xx_usart.o
LOAD obj/VRBRAIN/usb_core.o
LOAD obj/VRBRAIN/usb_dcd.o
LOAD obj/VRBRAIN/usb_dcd_int.o
LOAD obj/VRBRAIN/usbd_cdc_core.o
LOAD obj/VRBRAIN/lib/cmsis_boot/startup/startup_stm32f4xx.o
LOAD obj/VRBRAIN/drivers/spi1.o
LOAD obj/VRBRAIN/drivers/spi2.o
LOAD obj/VRBRAIN/drivers/crc.o
LOAD obj/VRBRAIN/drivers/pwm.o
LOAD obj/VRBRAIN/drivers/serial.o
LOAD obj/VRBRAIN/drivers/softserial.o
LOAD obj/VRBRAIN/drivers/timer.o
LOAD obj/VRBRAIN/sensors/i2c_hmc5883l.o
LOAD obj/VRBRAIN/sensors/spi_mpu6000.o
LOAD obj/VRBRAIN/sensors/spi_ms5611.o
LOAD obj/VRBRAIN/drivers/adc_stm32f4xx.o
LOAD obj/VRBRAIN/drivers/gpio_stm32f4xx.o
LOAD obj/VRBRAIN/drivers/i2c_stm32f4xx.o
LOAD obj/VRBRAIN/drivers/uart_stm32f4xx.o
LOAD obj/VRBRAIN/drivers/usb_stm32f4xx.o
LOAD obj/VRBRAIN/drivers/vcp_stm32f4xx/stm32f4xx_it.o
LOAD obj/VRBRAIN/drivers/vcp_stm32f4xx/usb_bsp.o
LOAD obj/VRBRAIN/drivers/vcp_stm32f4xx/usbd_cdc_vcp.o
LOAD obj/VRBRAIN/drivers/vcp_stm32f4xx/usbd_desc.o
LOAD obj/VRBRAIN/drivers/vcp_stm32f4xx/usbd_usr.o
LOAD c:/gccarm/bin/../lib/gcc/arm-none-eabi/4.8.4/../../../../arm-none-eabi/lib/armv7e-m/fpu\libm.a
LOAD c:/gccarm/bin/../lib/gcc/arm-none-eabi/4.8.4/../../../../arm-none-eabi/lib/armv7e-m/fpu\libc_s.a
LOAD c:/gccarm/bin/../lib/gcc/arm-none-eabi/4.8.4/../../../../arm-none-eabi/lib/armv7e-m/fpu\libnosys.a
START GROUP
LOAD c:/gccarm/bin/../lib/gcc/arm-none-eabi/4.8.4/armv7e-m/fpu\libgcc.a
LOAD c:/gccarm/bin/../lib/gcc/arm-none-eabi/4.8.4/../../../../arm-none-eabi/lib/armv7e-m/fpu\libc_s.a
END GROUP
START GROUP
LOAD c:/gccarm/bin/../lib/gcc/arm-none-eabi/4.8.4/armv7e-m/fpu\libgcc.a
LOAD c:/gccarm/bin/../lib/gcc/arm-none-eabi/4.8.4/../../../../arm-none-eabi/lib/armv7e-m/fpu\libc_s.a
END GROUP
                0x20020000                _eram = 0x20020000

.text           0x08000000    0x11491
 *(.isr_vector)
 .isr_vector    0x08000000      0x188 obj/VRBRAIN/lib/cmsis_boot/startup/startup_stm32f4xx.o
                0x08000000                g_pfnVectors
 *(.text*)
 .text.boardAlignmentInit
                0x08000188      0x11c obj/VRBRAIN/align.o
                0x08000188                boardAlignmentInit
 .text.alignBoard
                0x080002a4       0x94 obj/VRBRAIN/align.o
                0x080002a4                alignBoard
 .text.alignSensors
                0x08000338       0x7c obj/VRBRAIN/align.o
                0x08000338                alignSensors
 .text.i2a      0x080003b4       0x28 obj/VRBRAIN/cli.o
 .text._atof    0x080003dc      0x110 obj/VRBRAIN/cli.o
 .text.cliPrint
                0x080004ec       0x1c obj/VRBRAIN/cli.o
 .text.cliVersion
                0x08000508        0xc obj/VRBRAIN/cli.o
 .text.cliHelp  0x08000514       0x2c obj/VRBRAIN/cli.o
 .text.cliStatus
                0x08000540       0xf4 obj/VRBRAIN/cli.o
 .text.cliCompare
                0x08000634       0x1a obj/VRBRAIN/cli.o
 *fill*         0x0800064e        0x2 
 .text.cliSave  0x08000650       0x30 obj/VRBRAIN/cli.o
 .text.cliMap   0x08000680       0xa4 obj/VRBRAIN/cli.o
 .text.cliGpsPassthrough
                0x08000724       0x20 obj/VRBRAIN/cli.o
 .text.cliFeature
                0x08000744       0xe8 obj/VRBRAIN/cli.o
 .text.cliExit  0x0800082c       0x38 obj/VRBRAIN/cli.o
 .text.cliDefaults
                0x08000864       0x2c obj/VRBRAIN/cli.o
 .text.cliMixer
                0x08000890       0xa0 obj/VRBRAIN/cli.o
 .text.cliProfile
                0x08000930       0x4c obj/VRBRAIN/cli.o
 .text.cliMotor
                0x0800097c       0xa8 obj/VRBRAIN/cli.o
 .text.cliAux   0x08000a24       0x64 obj/VRBRAIN/cli.o
 .text.itoa     0x08000a88       0x24 obj/VRBRAIN/cli.o
                0x08000a88                itoa
 .text.ftoa     0x08000aac       0xd8 obj/VRBRAIN/cli.o
 .text.cliPrintVar
                0x08000b84       0xa4 obj/VRBRAIN/cli.o
 .text.cliSet   0x08000c28      0x168 obj/VRBRAIN/cli.o
 .text.cliDump  0x08000d90      0x1d0 obj/VRBRAIN/cli.o
 .text.cliCMix  0x08000f60      0x264 obj/VRBRAIN/cli.o
 .text.cliProcess
                0x080011c4      0x1dc obj/VRBRAIN/cli.o
                0x080011c4                cliProcess
 .text.validEEPROM
                0x080013a0       0x48 obj/VRBRAIN/config.o
 .text.parseRcChannels
                0x080013e8       0x30 obj/VRBRAIN/config.o
                0x080013e8                parseRcChannels
 .text.configRead
                0x08001418       0x4c obj/VRBRAIN/config.o
                0x08001418                configRead
 .text.activateConfig
                0x08001464       0xd0 obj/VRBRAIN/config.o
                0x08001464                activateConfig
 .text.loadAndActivateConfig
                0x08001534        0xe obj/VRBRAIN/config.o
                0x08001534                loadAndActivateConfig
 *fill*         0x08001542        0x2 
 .text.writeEEPROM
                0x08001544       0xd0 obj/VRBRAIN/config.o
                0x08001544                writeEEPROM
 .text.writeConfig
                0x08001614       0x1a obj/VRBRAIN/config.o
                0x08001614                writeConfig
 *fill*         0x0800162e        0x2 
 .text.sensors  0x08001630       0x14 obj/VRBRAIN/config.o
                0x08001630                sensors
 .text.sensorsSet
                0x08001644       0x10 obj/VRBRAIN/config.o
                0x08001644                sensorsSet
 .text.sensorsClear
                0x08001654       0x10 obj/VRBRAIN/config.o
                0x08001654                sensorsClear
 .text.sensorsMask
                0x08001664        0xc obj/VRBRAIN/config.o
                0x08001664                sensorsMask
 .text.feature  0x08001670       0x14 obj/VRBRAIN/config.o
                0x08001670                feature
 .text.featureSet
                0x08001684       0x10 obj/VRBRAIN/config.o
                0x08001684                featureSet
 .text.checkFirstTime
                0x08001694      0x344 obj/VRBRAIN/config.o
                0x08001694                checkFirstTime
 .text.featureClear
                0x080019d8       0x10 obj/VRBRAIN/config.o
                0x080019d8                featureClear
 .text.featureMask
                0x080019e8        0xc obj/VRBRAIN/config.o
                0x080019e8                featureMask
 .text.gpsSetState
                0x080019f4       0x18 obj/VRBRAIN/gps.o
 .text.GPS_calc_longitude_scaling
                0x08001a0c       0x40 obj/VRBRAIN/gps.o
 .text.GPS_distance_cm_bearing.isra.3
                0x08001a4c       0x88 obj/VRBRAIN/gps.o
 .text.get_I.isra.4
                0x08001ad4       0x5a obj/VRBRAIN/gps.o
 *fill*         0x08001b2e        0x2 
 .text.grab_fields.constprop.8
                0x08001b30       0x44 obj/VRBRAIN/gps.o
 .text.gpsInitHardware
                0x08001b74       0xc8 obj/VRBRAIN/gps.o
                0x08001b74                gpsInitHardware
 .text.GPS_reset_home_position
                0x08001c3c       0x48 obj/VRBRAIN/gps.o
                0x08001c3c                GPS_reset_home_position
 .text.GPS_reset_nav
                0x08001c84       0x58 obj/VRBRAIN/gps.o
                0x08001c84                GPS_reset_nav
 .text.gpsSetPIDs
                0x08001cdc       0xcc obj/VRBRAIN/gps.o
                0x08001cdc                gpsSetPIDs
 .text.gpsInit  0x08001da8       0x70 obj/VRBRAIN/gps.o
                0x08001da8                gpsInit
 .text.gpsSetPassthrough
                0x08001e18       0x74 obj/VRBRAIN/gps.o
                0x08001e18                gpsSetPassthrough
 .text.GPS_set_next_wp
                0x08001e8c       0x94 obj/VRBRAIN/gps.o
                0x08001e8c                GPS_set_next_wp
 .text.wrap_18000
                0x08001f20       0x24 obj/VRBRAIN/gps.o
                0x08001f20                wrap_18000
 .text.GPS_coord_to_degrees
                0x08001f44       0xa8 obj/VRBRAIN/gps.o
                0x08001f44                GPS_coord_to_degrees
 .text.gpsThread
                0x08001fec      0xbf4 obj/VRBRAIN/gps.o
                0x08001fec                gpsThread
 .text.calculateHeading
                0x08002be0       0xb8 obj/VRBRAIN/imu.o
 .text.imuInit  0x08002c98      0x110 obj/VRBRAIN/imu.o
                0x08002c98                imuInit
 .text.normalizeV
                0x08002da8       0x52 obj/VRBRAIN/imu.o
                0x08002da8                normalizeV
 .text.rotateV  0x08002dfa       0xd4 obj/VRBRAIN/imu.o
                0x08002dfa                rotateV
 *fill*         0x08002ece        0x2 
 .text.acc_calc
                0x08002ed0      0x1a4 obj/VRBRAIN/imu.o
                0x08002ed0                acc_calc
 .text.computeIMU
                0x08003074      0x350 obj/VRBRAIN/imu.o
                0x08003074                computeIMU
 .text.accSum_reset
                0x080033c4       0x20 obj/VRBRAIN/imu.o
                0x080033c4                accSum_reset
 .text.getEstimatedAltitude
                0x080033e4      0x42c obj/VRBRAIN/imu.o
                0x080033e4                getEstimatedAltitude
 .text.startup.main
                0x08003810      0x26c obj/VRBRAIN/main.o
                0x08003810                main
 .text.HardFault_Handler
                0x08003a7c       0x14 obj/VRBRAIN/main.o
                0x08003a7c                HardFault_Handler
 .text.mwDisarm
                0x08003a90       0x10 obj/VRBRAIN/mw.o
 .text.pidMultiWii
                0x08003aa0      0x260 obj/VRBRAIN/mw.o
 .text.pidRewrite
                0x08003d00      0x160 obj/VRBRAIN/mw.o
 .text.blinkLED
                0x08003e60       0x4c obj/VRBRAIN/mw.o
                0x08003e60                blinkLED
 .text.mwArm    0x08003eac       0x40 obj/VRBRAIN/mw.o
 .text.annexCode
                0x08003eec      0x370 obj/VRBRAIN/mw.o
                0x08003eec                annexCode
 .text.pwmReadRawRC
                0x0800425c       0x10 obj/VRBRAIN/mw.o
                0x0800425c                pwmReadRawRC
 .text.computeRC
                0x0800426c       0xb4 obj/VRBRAIN/mw.o
                0x0800426c                computeRC
 .text.setPIDController
                0x08004320       0x1c obj/VRBRAIN/mw.o
                0x08004320                setPIDController
 .text.loop     0x0800433c      0xa2c obj/VRBRAIN/mw.o
                0x0800433c                loop
 .text.servoMiddle
                0x08004d68       0x28 obj/VRBRAIN/mixer.o
                0x08004d68                servoMiddle
 .text.mixerResetMotors
                0x08004d90       0x30 obj/VRBRAIN/mixer.o
                0x08004d90                mixerResetMotors
 .text.mixerInit
                0x08004dc0      0x10c obj/VRBRAIN/mixer.o
                0x08004dc0                mixerInit
 .text.mixerLoadMix
                0x08004ecc       0x50 obj/VRBRAIN/mixer.o
                0x08004ecc                mixerLoadMix
 .text.writeServos
                0x08004f1c       0xc0 obj/VRBRAIN/mixer.o
                0x08004f1c                writeServos
 .text.writeMotors
                0x08004fdc       0x28 obj/VRBRAIN/mixer.o
                0x08004fdc                writeMotors
 .text.mixTable
                0x08005004      0x63c obj/VRBRAIN/mixer.o
                0x08005004                mixTable
 .text.serialize32
                0x08005640       0x64 obj/VRBRAIN/msp.o
                0x08005640                serialize32
 .text.serialize16
                0x080056a4       0x40 obj/VRBRAIN/msp.o
                0x080056a4                serialize16
 .text.serialize8
                0x080056e4       0x20 obj/VRBRAIN/msp.o
                0x080056e4                serialize8
 .text.read8    0x08005704       0x18 obj/VRBRAIN/msp.o
                0x08005704                read8
 .text.read16   0x0800571c       0x14 obj/VRBRAIN/msp.o
                0x0800571c                read16
 .text.read32   0x08005730       0x12 obj/VRBRAIN/msp.o
                0x08005730                read32
 *fill*         0x08005742        0x2 
 .text.headSerialResponse
                0x08005744       0x40 obj/VRBRAIN/msp.o
                0x08005744                headSerialResponse
 .text.headSerialReply
                0x08005784        0x8 obj/VRBRAIN/msp.o
                0x08005784                headSerialReply
 .text.headSerialError
                0x0800578c        0x8 obj/VRBRAIN/msp.o
                0x0800578c                headSerialError
 .text.tailSerialReply
                0x08005794        0xc obj/VRBRAIN/msp.o
                0x08005794                tailSerialReply
 .text.s_struct
                0x080057a0       0x20 obj/VRBRAIN/msp.o
                0x080057a0                s_struct
 .text.serializeNames
                0x080057c0       0x12 obj/VRBRAIN/msp.o
                0x080057c0                serializeNames
 *fill*         0x080057d2        0x2 
 .text.serializeBoxNamesReply
                0x080057d4       0x6c obj/VRBRAIN/msp.o
                0x080057d4                serializeBoxNamesReply
 .text.mspInit  0x08005840      0x124 obj/VRBRAIN/msp.o
                0x08005840                mspInit
 .text.serialComImpl
                0x08005964      0xa78 obj/VRBRAIN/msp.o
                0x08005964                serialComImpl
 .text.serialCom
                0x080063dc       0x34 obj/VRBRAIN/msp.o
                0x080063dc                serialCom
 .text.uli2a    0x08006410       0x50 obj/VRBRAIN/printf.o
 .text.ui2a     0x08006460       0x50 obj/VRBRAIN/printf.o
 .text.putchw   0x080064b0       0x48 obj/VRBRAIN/printf.o
 .text.tfp_format
                0x080064f8      0x18a obj/VRBRAIN/printf.o
                0x080064f8                tfp_format
 *fill*         0x08006682        0x2 
 .text.init_printf
                0x08006684       0x14 obj/VRBRAIN/printf.o
                0x08006684                init_printf
 .text.tfp_printf
                0x08006698       0x2c obj/VRBRAIN/printf.o
                0x08006698                tfp_printf
 .text.mspReadRawRC
                0x080066c4        0xc obj/VRBRAIN/rxmsp.o
 .text.mspFrameRecieve
                0x080066d0        0xc obj/VRBRAIN/rxmsp.o
                0x080066d0                mspFrameRecieve
 .text.mspFrameComplete
                0x080066dc       0x1c obj/VRBRAIN/rxmsp.o
                0x080066dc                mspFrameComplete
 .text.mspRxInit
                0x080066f8        0xc obj/VRBRAIN/rxmsp.o
                0x080066f8                mspRxInit
 .text.sbusReadRawRC
                0x08006704       0x20 obj/VRBRAIN/rxsbus.o
 .text.sbusDataReceive
                0x08006724       0x58 obj/VRBRAIN/rxsbus.o
 .text.sbusInit
                0x0800677c       0x5c obj/VRBRAIN/rxsbus.o
                0x0800677c                sbusInit
 .text.sbusFrameComplete
                0x080067d8       0xb8 obj/VRBRAIN/rxsbus.o
                0x080067d8                sbusFrameComplete
 .text.spektrumParser
                0x08006890       0x68 obj/VRBRAIN/rxspektrum.o
 .text.spektrumRead
                0x080068f8       0x90 obj/VRBRAIN/rxspektrum.o
                0x080068f8                spektrumRead
 .text.spektrumFrameComplete
                0x08006988        0xc obj/VRBRAIN/rxspektrum.o
                0x08006988                spektrumFrameComplete
 .text.spektrumInit
                0x08006994       0x6c obj/VRBRAIN/rxspektrum.o
                0x08006994                spektrumInit
 .text.sumdReadRawRC
                0x08006a00       0x1c obj/VRBRAIN/rxsumd.o
 .text.sumdDataReceive
                0x08006a1c       0x74 obj/VRBRAIN/rxsumd.o
 .text.sumdInit
                0x08006a90       0x34 obj/VRBRAIN/rxsumd.o
                0x08006a90                sumdInit
 .text.sumdFrameComplete
                0x08006ac4       0x6c obj/VRBRAIN/rxsumd.o
                0x08006ac4                sumdFrameComplete
 .text.sensorsAutodetect
                0x08006b30       0x94 obj/VRBRAIN/sensors.o
                0x08006b30                sensorsAutodetect
 .text.ACC_Common
                0x08006bc4      0x1c8 obj/VRBRAIN/sensors.o
                0x08006bc4                ACC_Common
 .text.ACC_getADC
                0x08006d8c       0x1c obj/VRBRAIN/sensors.o
                0x08006d8c                ACC_getADC
 .text.Baro_Common
                0x08006da8       0x44 obj/VRBRAIN/sensors.o
                0x08006da8                Baro_Common
 .text.Baro_update
                0x08006dec       0x70 obj/VRBRAIN/sensors.o
                0x08006dec                Baro_update
 .text.GYRO_Common
                0x08006e5c      0x16c obj/VRBRAIN/sensors.o
                0x08006e5c                GYRO_Common
 .text.Gyro_getADC
                0x08006fc8       0x1c obj/VRBRAIN/sensors.o
                0x08006fc8                Gyro_getADC
 .text.Mag_getADC
                0x08006fe4      0x128 obj/VRBRAIN/sensors.o
                0x08006fe4                Mag_getADC
 .text.initTelemetry
                0x0800710c       0x20 obj/VRBRAIN/telemetry_common.o
                0x0800710c                initTelemetry
 .text.checkTelemetryState
                0x0800712c        0x2 obj/VRBRAIN/telemetry_common.o
                0x0800712c                checkTelemetryState
 .text.handleTelemetry
                0x0800712e        0x2 obj/VRBRAIN/telemetry_common.o
                0x0800712e                handleTelemetry
 .text.constrain
                0x08007130       0x10 obj/VRBRAIN/utils_math.o
                0x08007130                constrain
 .text.applyDeadband
                0x08007140       0x1e obj/VRBRAIN/utils_math.o
                0x08007140                applyDeadband
 *fill*         0x0800715e        0x2 
 .text.SysTick_Handler
                0x08007160       0x10 obj/VRBRAIN/system_stm32f4xx.o
                0x08007160                SysTick_Handler
 .text.micros   0x08007170       0x34 obj/VRBRAIN/system_stm32f4xx.o
                0x08007170                micros
 .text.millis   0x080071a4        0xc obj/VRBRAIN/system_stm32f4xx.o
                0x080071a4                millis
 .text.delayMicroseconds
                0x080071b0       0x16 obj/VRBRAIN/system_stm32f4xx.o
                0x080071b0                delayMicroseconds
 .text.delay    0x080071c6       0x14 obj/VRBRAIN/system_stm32f4xx.o
                0x080071c6                delay
 *fill*         0x080071da        0x2 
 .text.failureMode
                0x080071dc       0x38 obj/VRBRAIN/system_stm32f4xx.o
                0x080071dc                failureMode
 .text.systemReset
                0x08007214       0x20 obj/VRBRAIN/system_stm32f4xx.o
                0x08007214                systemReset
 .text.systemUnPause
                0x08007234        0x6 obj/VRBRAIN/system_stm32f4xx.o
                0x08007234                systemUnPause
 .text.systemPause
                0x0800723a        0x6 obj/VRBRAIN/system_stm32f4xx.o
                0x0800723a                systemPause
 .text.SystemCoreClockUpdate
                0x08007240       0x74 obj/VRBRAIN/system_stm32f4xx.o
                0x08007240                SystemCoreClockUpdate
 .text.SystemInit
                0x080072b4      0x16c obj/VRBRAIN/system_stm32f4xx.o
                0x080072b4                SystemInit
 .text.USBD_Resume
                0x08007420       0x16 obj/VRBRAIN/usbd_core.o
 .text.USBD_Suspend
                0x08007436       0x14 obj/VRBRAIN/usbd_core.o
 .text.USBD_SOF
                0x0800744a       0x10 obj/VRBRAIN/usbd_core.o
 .text.USBD_IsoINIncomplete
                0x0800745a        0xe obj/VRBRAIN/usbd_core.o
 .text.USBD_IsoOUTIncomplete
                0x08007468        0xe obj/VRBRAIN/usbd_core.o
 .text.USBD_Reset
                0x08007476       0x2e obj/VRBRAIN/usbd_core.o
 .text.USBD_SetupStage
                0x080074a4       0x4a obj/VRBRAIN/usbd_core.o
 .text.USBD_DataInStage
                0x080074ee       0x98 obj/VRBRAIN/usbd_core.o
 .text.USBD_DataOutStage
                0x08007586       0x74 obj/VRBRAIN/usbd_core.o
 .text.USBD_Init
                0x080075fa       0x38 obj/VRBRAIN/usbd_core.o
                0x080075fa                USBD_Init
 .text.USBD_SetCfg
                0x08007632       0x18 obj/VRBRAIN/usbd_core.o
                0x08007632                USBD_SetCfg
 .text.USBD_ClrCfg
                0x0800764a        0xe obj/VRBRAIN/usbd_core.o
                0x0800764a                USBD_ClrCfg
 .text.USBD_CtlSendData
                0x08007658       0x22 obj/VRBRAIN/usbd_ioreq.o
                0x08007658                USBD_CtlSendData
 .text.USBD_CtlContinueSendData
                0x0800767a       0x12 obj/VRBRAIN/usbd_ioreq.o
                0x0800767a                USBD_CtlContinueSendData
 .text.USBD_CtlPrepareRx
                0x0800768c       0x22 obj/VRBRAIN/usbd_ioreq.o
                0x0800768c                USBD_CtlPrepareRx
 .text.USBD_CtlContinueRx
                0x080076ae       0x12 obj/VRBRAIN/usbd_ioreq.o
                0x080076ae                USBD_CtlContinueRx
 .text.USBD_CtlSendStatus
                0x080076c0       0x1e obj/VRBRAIN/usbd_ioreq.o
                0x080076c0                USBD_CtlSendStatus
 .text.USBD_CtlReceiveStatus
                0x080076de       0x1e obj/VRBRAIN/usbd_ioreq.o
                0x080076de                USBD_CtlReceiveStatus
 .text.USBD_ParseSetupRequest
                0x080076fc       0x44 obj/VRBRAIN/usbd_req.o
                0x080076fc                USBD_ParseSetupRequest
 .text.USBD_CtlError
                0x08007740       0x28 obj/VRBRAIN/usbd_req.o
                0x08007740                USBD_CtlError
 .text.USBD_StdDevReq
                0x08007768      0x254 obj/VRBRAIN/usbd_req.o
                0x08007768                USBD_StdDevReq
 .text.USBD_StdItfReq
                0x080079bc       0x30 obj/VRBRAIN/usbd_req.o
                0x080079bc                USBD_StdItfReq
 .text.USBD_StdEPReq
                0x080079ec       0xc0 obj/VRBRAIN/usbd_req.o
                0x080079ec                USBD_StdEPReq
 .text.USBD_GetString
                0x08007aac       0x3c obj/VRBRAIN/usbd_req.o
                0x08007aac                USBD_GetString
 .text.NVIC_PriorityGroupConfig
                0x08007ae8       0x14 obj/VRBRAIN/misc.o
                0x08007ae8                NVIC_PriorityGroupConfig
 .text.NVIC_Init
                0x08007afc       0x6c obj/VRBRAIN/misc.o
                0x08007afc                NVIC_Init
 .text.EXTI_ClearITPendingBit
                0x08007b68        0xc obj/VRBRAIN/stm32f4xx_exti.o
                0x08007b68                EXTI_ClearITPendingBit
 .text.FLASH_Unlock
                0x08007b74       0x1c obj/VRBRAIN/stm32f4xx_flash.o
                0x08007b74                FLASH_Unlock
 .text.FLASH_Lock
                0x08007b90       0x10 obj/VRBRAIN/stm32f4xx_flash.o
                0x08007b90                FLASH_Lock
 .text.FLASH_ClearFlag
                0x08007ba0        0xc obj/VRBRAIN/stm32f4xx_flash.o
                0x08007ba0                FLASH_ClearFlag
 .text.FLASH_GetStatus
                0x08007bac       0x34 obj/VRBRAIN/stm32f4xx_flash.o
                0x08007bac                FLASH_GetStatus
 .text.FLASH_WaitForLastOperation
                0x08007be0       0x22 obj/VRBRAIN/stm32f4xx_flash.o
                0x08007be0                FLASH_WaitForLastOperation
 *fill*         0x08007c02        0x2 
 .text.FLASH_EraseSector
                0x08007c04       0x6c obj/VRBRAIN/stm32f4xx_flash.o
                0x08007c04                FLASH_EraseSector
 .text.FLASH_ProgramWord
                0x08007c70       0x3c obj/VRBRAIN/stm32f4xx_flash.o
                0x08007c70                FLASH_ProgramWord
 .text.GPIO_Init
                0x08007cac       0x80 obj/VRBRAIN/stm32f4xx_gpio.o
                0x08007cac                GPIO_Init
 .text.GPIO_StructInit
                0x08007d2c       0x12 obj/VRBRAIN/stm32f4xx_gpio.o
                0x08007d2c                GPIO_StructInit
 .text.GPIO_SetBits
                0x08007d3e        0x4 obj/VRBRAIN/stm32f4xx_gpio.o
                0x08007d3e                GPIO_SetBits
 .text.GPIO_ResetBits
                0x08007d42        0x4 obj/VRBRAIN/stm32f4xx_gpio.o
                0x08007d42                GPIO_ResetBits
 .text.GPIO_PinAFConfig
                0x08007d46       0x24 obj/VRBRAIN/stm32f4xx_gpio.o
                0x08007d46                GPIO_PinAFConfig
 *fill*         0x08007d6a        0x2 
 .text.I2C_DeInit
                0x08007d6c       0x5c obj/VRBRAIN/stm32f4xx_i2c.o
                0x08007d6c                I2C_DeInit
 .text.I2C_Init
                0x08007dc8       0xdc obj/VRBRAIN/stm32f4xx_i2c.o
                0x08007dc8                I2C_Init
 .text.I2C_StructInit
                0x08007ea4       0x1c obj/VRBRAIN/stm32f4xx_i2c.o
                0x08007ea4                I2C_StructInit
 .text.I2C_Cmd  0x08007ec0       0x18 obj/VRBRAIN/stm32f4xx_i2c.o
                0x08007ec0                I2C_Cmd
 .text.I2C_GenerateSTART
                0x08007ed8       0x18 obj/VRBRAIN/stm32f4xx_i2c.o
                0x08007ed8                I2C_GenerateSTART
 .text.I2C_GenerateSTOP
                0x08007ef0       0x18 obj/VRBRAIN/stm32f4xx_i2c.o
                0x08007ef0                I2C_GenerateSTOP
 .text.I2C_Send7bitAddress
                0x08007f08       0x10 obj/VRBRAIN/stm32f4xx_i2c.o
                0x08007f08                I2C_Send7bitAddress
 .text.I2C_AcknowledgeConfig
                0x08007f18       0x18 obj/VRBRAIN/stm32f4xx_i2c.o
                0x08007f18                I2C_AcknowledgeConfig
 .text.I2C_ITConfig
                0x08007f30       0x12 obj/VRBRAIN/stm32f4xx_i2c.o
                0x08007f30                I2C_ITConfig
 *fill*         0x08007f42        0x2 
 .text.RCC_HSEConfig
                0x08007f44       0x10 obj/VRBRAIN/stm32f4xx_rcc.o
                0x08007f44                RCC_HSEConfig
 .text.RCC_GetClocksFreq
                0x08007f54       0x88 obj/VRBRAIN/stm32f4xx_rcc.o
                0x08007f54                RCC_GetClocksFreq
 .text.RCC_AHB1PeriphClockCmd
                0x08007fdc       0x18 obj/VRBRAIN/stm32f4xx_rcc.o
                0x08007fdc                RCC_AHB1PeriphClockCmd
 .text.RCC_AHB2PeriphClockCmd
                0x08007ff4       0x18 obj/VRBRAIN/stm32f4xx_rcc.o
                0x08007ff4                RCC_AHB2PeriphClockCmd
 .text.RCC_APB1PeriphClockCmd
                0x0800800c       0x18 obj/VRBRAIN/stm32f4xx_rcc.o
                0x0800800c                RCC_APB1PeriphClockCmd
 .text.RCC_APB2PeriphClockCmd
                0x08008024       0x18 obj/VRBRAIN/stm32f4xx_rcc.o
                0x08008024                RCC_APB2PeriphClockCmd
 .text.RCC_APB1PeriphResetCmd
                0x0800803c       0x18 obj/VRBRAIN/stm32f4xx_rcc.o
                0x0800803c                RCC_APB1PeriphResetCmd
 .text.RCC_APB2PeriphResetCmd
                0x08008054       0x18 obj/VRBRAIN/stm32f4xx_rcc.o
                0x08008054                RCC_APB2PeriphResetCmd
 .text.RCC_GetFlagStatus
                0x0800806c       0x28 obj/VRBRAIN/stm32f4xx_rcc.o
                0x0800806c                RCC_GetFlagStatus
 .text.RCC_WaitForHSEStartUp
                0x08008094       0x30 obj/VRBRAIN/stm32f4xx_rcc.o
                0x08008094                RCC_WaitForHSEStartUp
 .text.RCC_ClearFlag
                0x080080c4       0x10 obj/VRBRAIN/stm32f4xx_rcc.o
                0x080080c4                RCC_ClearFlag
 .text.SPI_I2S_DeInit
                0x080080d4       0x64 obj/VRBRAIN/stm32f4xx_spi.o
                0x080080d4                SPI_I2S_DeInit
 .text.SPI_Init
                0x08008138       0x3e obj/VRBRAIN/stm32f4xx_spi.o
                0x08008138                SPI_Init
 .text.SPI_Cmd  0x08008176       0x18 obj/VRBRAIN/stm32f4xx_spi.o
                0x08008176                SPI_Cmd
 .text.SPI_I2S_ReceiveData
                0x0800818e        0x6 obj/VRBRAIN/stm32f4xx_spi.o
                0x0800818e                SPI_I2S_ReceiveData
 .text.SPI_I2S_SendData
                0x08008194        0x4 obj/VRBRAIN/stm32f4xx_spi.o
                0x08008194                SPI_I2S_SendData
 .text.SPI_CalculateCRC
                0x08008198       0x18 obj/VRBRAIN/stm32f4xx_spi.o
                0x08008198                SPI_CalculateCRC
 .text.SPI_I2S_GetFlagStatus
                0x080081b0        0xc obj/VRBRAIN/stm32f4xx_spi.o
                0x080081b0                SPI_I2S_GetFlagStatus
 .text.TI1_Config
                0x080081bc       0x32 obj/VRBRAIN/stm32f4xx_tim.o
 .text.TI2_Config
                0x080081ee       0x3a obj/VRBRAIN/stm32f4xx_tim.o
 .text.TIM_TimeBaseInit
                0x08008228       0x7c obj/VRBRAIN/stm32f4xx_tim.o
                0x08008228                TIM_TimeBaseInit
 .text.TIM_TimeBaseStructInit
                0x080082a4       0x12 obj/VRBRAIN/stm32f4xx_tim.o
                0x080082a4                TIM_TimeBaseStructInit
 .text.TIM_Cmd  0x080082b6       0x18 obj/VRBRAIN/stm32f4xx_tim.o
                0x080082b6                TIM_Cmd
 *fill*         0x080082ce        0x2 
 .text.TIM_OC1Init
                0x080082d0       0x70 obj/VRBRAIN/stm32f4xx_tim.o
                0x080082d0                TIM_OC1Init
 .text.TIM_OC2Init
                0x08008340       0x88 obj/VRBRAIN/stm32f4xx_tim.o
                0x08008340                TIM_OC2Init
 .text.TIM_OC3Init
                0x080083c8       0x84 obj/VRBRAIN/stm32f4xx_tim.o
                0x080083c8                TIM_OC3Init
 .text.TIM_OC4Init
                0x0800844c       0x68 obj/VRBRAIN/stm32f4xx_tim.o
                0x0800844c                TIM_OC4Init
 .text.TIM_OC1PreloadConfig
                0x080084b4       0x10 obj/VRBRAIN/stm32f4xx_tim.o
                0x080084b4                TIM_OC1PreloadConfig
 .text.TIM_OC2PreloadConfig
                0x080084c4       0x14 obj/VRBRAIN/stm32f4xx_tim.o
                0x080084c4                TIM_OC2PreloadConfig
 .text.TIM_OC3PreloadConfig
                0x080084d8       0x10 obj/VRBRAIN/stm32f4xx_tim.o
                0x080084d8                TIM_OC3PreloadConfig
 .text.TIM_OC4PreloadConfig
                0x080084e8       0x14 obj/VRBRAIN/stm32f4xx_tim.o
                0x080084e8                TIM_OC4PreloadConfig
 .text.TIM_ICStructInit
                0x080084fc       0x10 obj/VRBRAIN/stm32f4xx_tim.o
                0x080084fc                TIM_ICStructInit
 .text.TIM_GetCapture1
                0x0800850c        0x4 obj/VRBRAIN/stm32f4xx_tim.o
                0x0800850c                TIM_GetCapture1
 .text.TIM_GetCapture2
                0x08008510        0x4 obj/VRBRAIN/stm32f4xx_tim.o
                0x08008510                TIM_GetCapture2
 .text.TIM_GetCapture3
                0x08008514        0x4 obj/VRBRAIN/stm32f4xx_tim.o
                0x08008514                TIM_GetCapture3
 .text.TIM_GetCapture4
                0x08008518        0x4 obj/VRBRAIN/stm32f4xx_tim.o
                0x08008518                TIM_GetCapture4
 .text.TIM_SetIC1Prescaler
                0x0800851c       0x16 obj/VRBRAIN/stm32f4xx_tim.o
                0x0800851c                TIM_SetIC1Prescaler
 .text.TIM_SetIC2Prescaler
                0x08008532       0x1a obj/VRBRAIN/stm32f4xx_tim.o
                0x08008532                TIM_SetIC2Prescaler
 .text.TIM_SetIC3Prescaler
                0x0800854c       0x16 obj/VRBRAIN/stm32f4xx_tim.o
                0x0800854c                TIM_SetIC3Prescaler
 .text.TIM_SetIC4Prescaler
                0x08008562       0x1a obj/VRBRAIN/stm32f4xx_tim.o
                0x08008562                TIM_SetIC4Prescaler
 .text.TIM_ICInit
                0x0800857c       0xb8 obj/VRBRAIN/stm32f4xx_tim.o
                0x0800857c                TIM_ICInit
 .text.TIM_CtrlPWMOutputs
                0x08008634       0x1c obj/VRBRAIN/stm32f4xx_tim.o
                0x08008634                TIM_CtrlPWMOutputs
 .text.TIM_ITConfig
                0x08008650       0x12 obj/VRBRAIN/stm32f4xx_tim.o
                0x08008650                TIM_ITConfig
 .text.TIM_GetITStatus
                0x08008662       0x16 obj/VRBRAIN/stm32f4xx_tim.o
                0x08008662                TIM_GetITStatus
 .text.TIM_ClearITPendingBit
                0x08008678        0x8 obj/VRBRAIN/stm32f4xx_tim.o
                0x08008678                TIM_ClearITPendingBit
 .text.USART_Init
                0x08008680       0xb0 obj/VRBRAIN/stm32f4xx_usart.o
                0x08008680                USART_Init
 .text.USART_Cmd
                0x08008730       0x18 obj/VRBRAIN/stm32f4xx_usart.o
                0x08008730                USART_Cmd
 .text.USART_SendData
                0x08008748        0x8 obj/VRBRAIN/stm32f4xx_usart.o
                0x08008748                USART_SendData
 .text.USART_ITConfig
                0x08008750       0x30 obj/VRBRAIN/stm32f4xx_usart.o
                0x08008750                USART_ITConfig
 .text.USART_GetFlagStatus
                0x08008780        0xc obj/VRBRAIN/stm32f4xx_usart.o
                0x08008780                USART_GetFlagStatus
 .text.USART_ClearITPendingBit
                0x0800878c        0xe obj/VRBRAIN/stm32f4xx_usart.o
                0x0800878c                USART_ClearITPendingBit
 *fill*         0x0800879a        0x2 
 .text.USB_OTG_CoreReset.isra.1
                0x0800879c       0x4c obj/VRBRAIN/usb_core.o
 .text.USB_OTG_WritePacket
                0x080087e8       0x26 obj/VRBRAIN/usb_core.o
                0x080087e8                USB_OTG_WritePacket
 .text.USB_OTG_ReadPacket
                0x0800880e       0x22 obj/VRBRAIN/usb_core.o
                0x0800880e                USB_OTG_ReadPacket
 .text.USB_OTG_SelectCore
                0x08008830       0xd0 obj/VRBRAIN/usb_core.o
                0x08008830                USB_OTG_SelectCore
 .text.USB_OTG_CoreInit
                0x08008900       0xe4 obj/VRBRAIN/usb_core.o
                0x08008900                USB_OTG_CoreInit
 .text.USB_OTG_EnableGlobalInt
                0x080089e4        0xe obj/VRBRAIN/usb_core.o
                0x080089e4                USB_OTG_EnableGlobalInt
 .text.USB_OTG_DisableGlobalInt
                0x080089f2        0xe obj/VRBRAIN/usb_core.o
                0x080089f2                USB_OTG_DisableGlobalInt
 .text.USB_OTG_FlushTxFifo
                0x08008a00       0x40 obj/VRBRAIN/usb_core.o
                0x08008a00                USB_OTG_FlushTxFifo
 .text.USB_OTG_FlushRxFifo
                0x08008a40       0x38 obj/VRBRAIN/usb_core.o
                0x08008a40                USB_OTG_FlushRxFifo
 .text.USB_OTG_SetCurrentMode
                0x08008a78       0x2a obj/VRBRAIN/usb_core.o
                0x08008a78                USB_OTG_SetCurrentMode
 .text.USB_OTG_IsDeviceMode
                0x08008aa2        0xe obj/VRBRAIN/usb_core.o
                0x08008aa2                USB_OTG_IsDeviceMode
 .text.USB_OTG_ReadCoreItr
                0x08008ab0        0xa obj/VRBRAIN/usb_core.o
                0x08008ab0                USB_OTG_ReadCoreItr
 .text.USB_OTG_InitDevSpeed
                0x08008aba        0xc obj/VRBRAIN/usb_core.o
                0x08008aba                USB_OTG_InitDevSpeed
 *fill*         0x08008ac6        0x2 
 .text.USB_OTG_EnableDevInt
                0x08008ac8       0x38 obj/VRBRAIN/usb_core.o
                0x08008ac8                USB_OTG_EnableDevInt
 .text.USB_OTG_CoreInitDev
                0x08008b00       0xec obj/VRBRAIN/usb_core.o
                0x08008b00                USB_OTG_CoreInitDev
 .text.USB_OTG_GetDeviceSpeed
                0x08008bec       0x20 obj/VRBRAIN/usb_core.o
                0x08008bec                USB_OTG_GetDeviceSpeed
 .text.USB_OTG_EP0Activate
                0x08008c0c       0x2a obj/VRBRAIN/usb_core.o
                0x08008c0c                USB_OTG_EP0Activate
 .text.USB_OTG_EPActivate
                0x08008c36       0x58 obj/VRBRAIN/usb_core.o
                0x08008c36                USB_OTG_EPActivate
 .text.USB_OTG_EPDeactivate
                0x08008c8e       0x3e obj/VRBRAIN/usb_core.o
                0x08008c8e                USB_OTG_EPDeactivate
 .text.USB_OTG_EPStartXfer
                0x08008ccc      0x104 obj/VRBRAIN/usb_core.o
                0x08008ccc                USB_OTG_EPStartXfer
 .text.USB_OTG_EP0StartXfer
                0x08008dd0       0xf8 obj/VRBRAIN/usb_core.o
                0x08008dd0                USB_OTG_EP0StartXfer
 .text.USB_OTG_EPSetStall
                0x08008ec8       0x2e obj/VRBRAIN/usb_core.o
                0x08008ec8                USB_OTG_EPSetStall
 .text.USB_OTG_EPClearStall
                0x08008ef6       0x2a obj/VRBRAIN/usb_core.o
                0x08008ef6                USB_OTG_EPClearStall
 .text.USB_OTG_ReadDevAllOutEp_itr
                0x08008f20        0xc obj/VRBRAIN/usb_core.o
                0x08008f20                USB_OTG_ReadDevAllOutEp_itr
 .text.USB_OTG_ReadDevOutEP_itr
                0x08008f2c       0x10 obj/VRBRAIN/usb_core.o
                0x08008f2c                USB_OTG_ReadDevOutEP_itr
 .text.USB_OTG_ReadDevAllInEPItr
                0x08008f3c        0xc obj/VRBRAIN/usb_core.o
                0x08008f3c                USB_OTG_ReadDevAllInEPItr
 .text.USB_OTG_EP0_OutStart
                0x08008f48       0x3e obj/VRBRAIN/usb_core.o
                0x08008f48                USB_OTG_EP0_OutStart
 .text.USB_OTG_UngateClock
                0x08008f86       0x20 obj/VRBRAIN/usb_core.o
                0x08008f86                USB_OTG_UngateClock
 .text.DCD_Init
                0x08008fa6       0x9c obj/VRBRAIN/usb_dcd.o
                0x08008fa6                DCD_Init
 .text.DCD_EP_Open
                0x08009042       0x42 obj/VRBRAIN/usb_dcd.o
                0x08009042                DCD_EP_Open
 .text.DCD_EP_Close
                0x08009084       0x30 obj/VRBRAIN/usb_dcd.o
                0x08009084                DCD_EP_Close
 .text.DCD_EP_PrepareRx
                0x080090b4       0x34 obj/VRBRAIN/usb_dcd.o
                0x080090b4                DCD_EP_PrepareRx
 .text.DCD_EP_Tx
                0x080090e8       0x30 obj/VRBRAIN/usb_dcd.o
                0x080090e8                DCD_EP_Tx
 .text.DCD_EP_Stall
                0x08009118       0x34 obj/VRBRAIN/usb_dcd.o
                0x08009118                DCD_EP_Stall
 .text.DCD_EP_ClrStall
                0x0800914c       0x34 obj/VRBRAIN/usb_dcd.o
                0x0800914c                DCD_EP_ClrStall
 .text.DCD_EP_SetAddress
                0x08009180       0x10 obj/VRBRAIN/usb_dcd.o
                0x08009180                DCD_EP_SetAddress
 .text.USBD_OTG_ISR_Handler
                0x08009190      0x42c obj/VRBRAIN/usb_dcd_int.o
                0x08009190                USBD_OTG_ISR_Handler
 .text.usbd_cdc_EP0_RxReady
                0x080095bc       0x30 obj/VRBRAIN/usbd_cdc_core.o
 .text.USBD_cdc_GetCfgDesc
                0x080095ec        0xc obj/VRBRAIN/usbd_cdc_core.o
 .text.usbd_cdc_SOF
                0x080095f8       0x98 obj/VRBRAIN/usbd_cdc_core.o
 .text.usbd_cdc_DataOut
                0x08009690       0x38 obj/VRBRAIN/usbd_cdc_core.o
 .text.usbd_cdc_Setup
                0x080096c8       0xb8 obj/VRBRAIN/usbd_cdc_core.o
 .text.usbd_cdc_DeInit
                0x08009780       0x28 obj/VRBRAIN/usbd_cdc_core.o
 .text.usbd_cdc_Init
                0x080097a8       0x64 obj/VRBRAIN/usbd_cdc_core.o
 .text.usbd_cdc_DataIn
                0x0800980c       0x58 obj/VRBRAIN/usbd_cdc_core.o
 .text.Default_Handler
                0x08009864        0x2 obj/VRBRAIN/lib/cmsis_boot/startup/startup_stm32f4xx.o
                0x08009864                RTC_Alarm_IRQHandler
                0x08009864                HASH_RNG_IRQHandler
                0x08009864                EXTI2_IRQHandler
                0x08009864                DMA2_Stream5_IRQHandler
                0x08009864                DMA1_Stream5_IRQHandler
                0x08009864                PVD_IRQHandler
                0x08009864                SDIO_IRQHandler
                0x08009864                TAMP_STAMP_IRQHandler
                0x08009864                CAN2_RX1_IRQHandler
                0x08009864                EXTI3_IRQHandler
                0x08009864                TIM8_TRG_COM_TIM14_IRQHandler
                0x08009864                TIM1_UP_TIM10_IRQHandler
                0x08009864                TIM8_UP_TIM13_IRQHandler
                0x08009864                I2C3_ER_IRQHandler
                0x08009864                EXTI0_IRQHandler
                0x08009864                DMA1_Stream2_IRQHandler
                0x08009864                CAN1_RX0_IRQHandler
                0x08009864                FPU_IRQHandler
                0x08009864                OTG_HS_WKUP_IRQHandler
                0x08009864                CAN2_SCE_IRQHandler
                0x08009864                DMA2_Stream2_IRQHandler
                0x08009864                SPI1_IRQHandler
                0x08009864                TIM6_DAC_IRQHandler
                0x08009864                TIM1_BRK_TIM9_IRQHandler
                0x08009864                DCMI_IRQHandler
                0x08009864                CAN2_RX0_IRQHandler
                0x08009864                DMA2_Stream3_IRQHandler
                0x08009864                USART6_IRQHandler
                0x08009864                CRYP_IRQHandler
                0x08009864                CAN1_RX1_IRQHandler
                0x08009864                UART5_IRQHandler
                0x08009864                DMA2_Stream0_IRQHandler
                0x08009864                TIM4_IRQHandler
                0x08009864                I2C1_EV_IRQHandler
                0x08009864                DMA1_Stream6_IRQHandler
                0x08009864                DMA1_Stream1_IRQHandler
                0x08009864                UART4_IRQHandler
                0x08009864                RCC_IRQHandler
                0x08009864                TIM8_BRK_TIM12_IRQHandler
                0x08009864                EXTI15_10_IRQHandler
                0x08009864                ADC_IRQHandler
                0x08009864                DMA1_Stream7_IRQHandler
                0x08009864                TIM7_IRQHandler
                0x08009864                CAN2_TX_IRQHandler
                0x08009864                TIM5_IRQHandler
                0x08009864                DMA2_Stream7_IRQHandler
                0x08009864                I2C3_EV_IRQHandler
                0x08009864                EXTI9_5_IRQHandler
                0x08009864                RTC_WKUP_IRQHandler
                0x08009864                ETH_WKUP_IRQHandler
                0x08009864                SPI2_IRQHandler
                0x08009864                OTG_HS_EP1_IN_IRQHandler
                0x08009864                DMA1_Stream0_IRQHandler
                0x08009864                CAN1_TX_IRQHandler
                0x08009864                EXTI4_IRQHandler
                0x08009864                FSMC_IRQHandler
                0x08009864                ETH_IRQHandler
                0x08009864                OTG_HS_EP1_OUT_IRQHandler
                0x08009864                WWDG_IRQHandler
                0x08009864                TIM1_TRG_COM_TIM11_IRQHandler
                0x08009864                OTG_HS_IRQHandler
                0x08009864                EXTI1_IRQHandler
                0x08009864                DMA2_Stream1_IRQHandler
                0x08009864                CAN1_SCE_IRQHandler
                0x08009864                FLASH_IRQHandler
                0x08009864                DMA2_Stream4_IRQHandler
                0x08009864                SPI3_IRQHandler
                0x08009864                DMA1_Stream4_IRQHandler
                0x08009864                I2C1_ER_IRQHandler
                0x08009864                DMA2_Stream6_IRQHandler
                0x08009864                DMA1_Stream3_IRQHandler
 *fill*         0x08009866        0x2 
 .text.Default_Reset_Handler
                0x08009868       0x4c obj/VRBRAIN/lib/cmsis_boot/startup/startup_stm32f4xx.o
                0x08009868                Default_Reset_Handler
                0x08009868                Reset_Handler
 .text.spiInit  0x080098b4       0xf8 obj/VRBRAIN/drivers/spi1.o
                0x080098b4                spiInit
 .text.setSPIdivisor
                0x080099ac       0xa4 obj/VRBRAIN/drivers/spi1.o
                0x080099ac                setSPIdivisor
 .text.spiTimeoutUserCallback
                0x08009a50       0x14 obj/VRBRAIN/drivers/spi1.o
                0x08009a50                spiTimeoutUserCallback
 .text.spiTransferByte
                0x08009a64       0x50 obj/VRBRAIN/drivers/spi1.o
                0x08009a64                spiTransferByte
 .text.spiGetErrorCounter
                0x08009ab4        0xc obj/VRBRAIN/drivers/spi1.o
                0x08009ab4                spiGetErrorCounter
 .text.spiResetErrorCounter
                0x08009ac0        0xc obj/VRBRAIN/drivers/spi1.o
                0x08009ac0                spiResetErrorCounter
 .text.spiInit2
                0x08009acc      0x180 obj/VRBRAIN/drivers/spi2.o
                0x08009acc                spiInit2
 .text.spiTimeoutUserCallback2
                0x08009c4c       0x14 obj/VRBRAIN/drivers/spi2.o
                0x08009c4c                spiTimeoutUserCallback2
 .text.spiTransferByte2
                0x08009c60       0x50 obj/VRBRAIN/drivers/spi2.o
                0x08009c60                spiTransferByte2
 .text.spiTransfer2
                0x08009cb0       0x78 obj/VRBRAIN/drivers/spi2.o
                0x08009cb0                spiTransfer2
 .text.spiResetErrorCounter2
                0x08009d28        0xc obj/VRBRAIN/drivers/spi2.o
                0x08009d28                spiResetErrorCounter2
 .text.pwmWriteBrushed
                0x08009d34       0x20 obj/VRBRAIN/drivers/pwm.o
 .text.pwmWriteStandard
                0x08009d54       0x10 obj/VRBRAIN/drivers/pwm.o
 .text.failsafeCheck
                0x08009d64       0x48 obj/VRBRAIN/drivers/pwm.o
 .text.ppmCallback
                0x08009dac       0x54 obj/VRBRAIN/drivers/pwm.o
 .text.pwmOutConfig
                0x08009e00      0x13c obj/VRBRAIN/drivers/pwm.o
 .text.pwmWriteMotor
                0x08009f3c       0x1c obj/VRBRAIN/drivers/pwm.o
                0x08009f3c                pwmWriteMotor
 .text.pwmWriteServo
                0x08009f58       0x1c obj/VRBRAIN/drivers/pwm.o
                0x08009f58                pwmWriteServo
 .text.pwmRead  0x08009f74        0xc obj/VRBRAIN/drivers/pwm.o
                0x08009f74                pwmRead
 .text.pwmICConfig
                0x08009f80       0x32 obj/VRBRAIN/drivers/pwm.o
                0x08009f80                pwmICConfig
 *fill*         0x08009fb2        0x2 
 .text.pwmCallback
                0x08009fb4       0x64 obj/VRBRAIN/drivers/pwm.o
 .text.pwmInConfig
                0x0800a018       0x74 obj/VRBRAIN/drivers/pwm.o
 .text.pwmInit  0x0800a08c      0x1e8 obj/VRBRAIN/drivers/pwm.o
                0x0800a08c                pwmInit
 .text.serialWrite
                0x0800a274        0xa obj/VRBRAIN/drivers/serial.o
                0x0800a274                serialWrite
 .text.serialPrint
                0x0800a27e       0x16 obj/VRBRAIN/drivers/serial.o
                0x0800a27e                serialPrint
 .text.serialTotalBytesWaiting
                0x0800a294        0xa obj/VRBRAIN/drivers/serial.o
                0x0800a294                serialTotalBytesWaiting
 .text.serialRead
                0x0800a29e        0xa obj/VRBRAIN/drivers/serial.o
                0x0800a29e                serialRead
 .text.serialSetBaudRate
                0x0800a2a8        0xa obj/VRBRAIN/drivers/serial.o
                0x0800a2a8                serialSetBaudRate
 .text.isSerialTransmitBufferEmpty
                0x0800a2b2        0xa obj/VRBRAIN/drivers/serial.o
                0x0800a2b2                isSerialTransmitBufferEmpty
 .text.lookupTimerConfigIndex
                0x0800a2bc       0x38 obj/VRBRAIN/drivers/timer.o
 .text.timCCxHandler
                0x0800a2f4       0xd8 obj/VRBRAIN/drivers/timer.o
 .text.configureTimerChannelCallback
                0x0800a3cc       0x24 obj/VRBRAIN/drivers/timer.o
                0x0800a3cc                configureTimerChannelCallback
 .text.configureTimerInputCaptureCompareChannel
                0x0800a3f0       0x2c obj/VRBRAIN/drivers/timer.o
                0x0800a3f0                configureTimerInputCaptureCompareChannel
 .text.configureTimerCaptureCompareInterrupt
                0x0800a41c       0x1e obj/VRBRAIN/drivers/timer.o
                0x0800a41c                configureTimerCaptureCompareInterrupt
 .text.timerNVICConfigure
                0x0800a43a       0x22 obj/VRBRAIN/drivers/timer.o
                0x0800a43a                timerNVICConfigure
 .text.configTimeBase
                0x0800a45c       0x6c obj/VRBRAIN/drivers/timer.o
                0x0800a45c                configTimeBase
 .text.timerConfigure
                0x0800a4c8       0x1c obj/VRBRAIN/drivers/timer.o
                0x0800a4c8                timerConfigure
 .text.TIM1_CC_IRQHandler
                0x0800a4e4        0xc obj/VRBRAIN/drivers/timer.o
                0x0800a4e4                TIM1_CC_IRQHandler
 .text.TIM2_IRQHandler
                0x0800a4f0        0x8 obj/VRBRAIN/drivers/timer.o
                0x0800a4f0                TIM2_IRQHandler
 .text.TIM3_IRQHandler
                0x0800a4f8        0xc obj/VRBRAIN/drivers/timer.o
                0x0800a4f8                TIM3_IRQHandler
 .text.TIM8_CC_IRQHandler
                0x0800a504        0xc obj/VRBRAIN/drivers/timer.o
                0x0800a504                TIM8_CC_IRQHandler
 .text.hmc5883lRead
                0x0800a510       0xa8 obj/VRBRAIN/sensors/i2c_hmc5883l.o
                0x0800a510                hmc5883lRead
 .text.hmc5883lInit
                0x0800a5b8      0x198 obj/VRBRAIN/sensors/i2c_hmc5883l.o
                0x0800a5b8                hmc5883lInit
 .text.hmc5883lDetect
                0x0800a750       0x3c obj/VRBRAIN/sensors/i2c_hmc5883l.o
                0x0800a750                hmc5883lDetect
 .text.mpu6000GyroInit
                0x0800a78c        0xc obj/VRBRAIN/sensors/spi_mpu6000.o
                0x0800a78c                mpu6000GyroInit
 .text.mpu6000AccInit
                0x0800a798       0x18 obj/VRBRAIN/sensors/spi_mpu6000.o
                0x0800a798                mpu6000AccInit
 .text.mpu6000GyroRead
                0x0800a7b0       0x8c obj/VRBRAIN/sensors/spi_mpu6000.o
                0x0800a7b0                mpu6000GyroRead
 .text.mpu6000AccRead
                0x0800a83c       0x78 obj/VRBRAIN/sensors/spi_mpu6000.o
                0x0800a83c                mpu6000AccRead
 .text.mpu6000DetectSpi
                0x0800a8b4      0x1c8 obj/VRBRAIN/sensors/spi_mpu6000.o
                0x0800a8b4                mpu6000DetectSpi
 .text.calculatePressureAltitude
                0x0800aa7c      0x16c obj/VRBRAIN/sensors/spi_ms5611.o
                0x0800aa7c                calculatePressureAltitude
 .text.readPressure
                0x0800abe8       0x40 obj/VRBRAIN/sensors/spi_ms5611.o
                0x0800abe8                readPressure
 .text.requestTemperature
                0x0800ac28       0x24 obj/VRBRAIN/sensors/spi_ms5611.o
                0x0800ac28                requestTemperature
 .text.requestPressure
                0x0800ac4c       0x24 obj/VRBRAIN/sensors/spi_ms5611.o
                0x0800ac4c                requestPressure
 .text.calculateTemperature
                0x0800ac70       0x3c obj/VRBRAIN/sensors/spi_ms5611.o
                0x0800ac70                calculateTemperature
 .text.readTemperature
                0x0800acac       0x44 obj/VRBRAIN/sensors/spi_ms5611.o
                0x0800acac                readTemperature
 .text.ms5611DetectSpi
                0x0800acf0      0x1b4 obj/VRBRAIN/sensors/spi_ms5611.o
                0x0800acf0                ms5611DetectSpi
 .text.gpioInit
                0x0800aea4       0x52 obj/VRBRAIN/drivers/gpio_stm32f4xx.o
                0x0800aea4                gpioInit
 *fill*         0x0800aef6        0x2 
 .text.gpioStart
                0x0800aef8       0xac obj/VRBRAIN/drivers/gpio_stm32f4xx.o
                0x0800aef8                gpioStart
 .text.i2cInit  0x0800afa4      0x100 obj/VRBRAIN/drivers/i2c_stm32f4xx.o
                0x0800afa4                i2cInit
 .text.i2cHandleHardwareFailure
                0x0800b0a4       0x18 obj/VRBRAIN/drivers/i2c_stm32f4xx.o
 .text.i2cWriteBuffer
                0x0800b0bc       0xb0 obj/VRBRAIN/drivers/i2c_stm32f4xx.o
                0x0800b0bc                i2cWriteBuffer
 .text.i2cWrite
                0x0800b16c       0x14 obj/VRBRAIN/drivers/i2c_stm32f4xx.o
                0x0800b16c                i2cWrite
 .text.i2cRead  0x0800b180       0xb0 obj/VRBRAIN/drivers/i2c_stm32f4xx.o
                0x0800b180                i2cRead
 .text.i2cGetErrorCounter
                0x0800b230        0xc obj/VRBRAIN/drivers/i2c_stm32f4xx.o
                0x0800b230                i2cGetErrorCounter
 .text.I2C2_ER_IRQHandler
                0x0800b23c       0x9c obj/VRBRAIN/drivers/i2c_stm32f4xx.o
                0x0800b23c                I2C2_ER_IRQHandler
 .text.I2C2_EV_IRQHandler
                0x0800b2d8      0x2e8 obj/VRBRAIN/drivers/i2c_stm32f4xx.o
                0x0800b2d8                I2C2_EV_IRQHandler
 .text.uartTotalBytesWaiting
                0x0800b5c0        0xc obj/VRBRAIN/drivers/uart_stm32f4xx.o
                0x0800b5c0                uartTotalBytesWaiting
 .text.isUartTransmitBufferEmpty
                0x0800b5cc        0xc obj/VRBRAIN/drivers/uart_stm32f4xx.o
                0x0800b5cc                isUartTransmitBufferEmpty
 .text.uartRead
                0x0800b5d8       0x1a obj/VRBRAIN/drivers/uart_stm32f4xx.o
                0x0800b5d8                uartRead
 .text.uartWrite
                0x0800b5f2       0x22 obj/VRBRAIN/drivers/uart_stm32f4xx.o
                0x0800b5f2                uartWrite
 .text.uartPause
                0x0800b614       0x14 obj/VRBRAIN/drivers/uart_stm32f4xx.o
                0x0800b614                uartPause
 .text.uartUnPause
                0x0800b628       0x14 obj/VRBRAIN/drivers/uart_stm32f4xx.o
                0x0800b628                uartUnPause
 .text.serialUSART1
                0x0800b63c       0xc0 obj/VRBRAIN/drivers/uart_stm32f4xx.o
                0x0800b63c                serialUSART1
 .text.serialUSART2
                0x0800b6fc       0xc4 obj/VRBRAIN/drivers/uart_stm32f4xx.o
                0x0800b6fc                serialUSART2
 .text.serialUSART3
                0x0800b7c0       0xc4 obj/VRBRAIN/drivers/uart_stm32f4xx.o
                0x0800b7c0                serialUSART3
 .text.uartOpen
                0x0800b884      0x100 obj/VRBRAIN/drivers/uart_stm32f4xx.o
                0x0800b884                uartOpen
 .text.uartSetBaudRate
                0x0800b984       0x1a obj/VRBRAIN/drivers/uart_stm32f4xx.o
                0x0800b984                uartSetBaudRate
 .text.uartSetMode
                0x0800b99e       0x1c obj/VRBRAIN/drivers/uart_stm32f4xx.o
                0x0800b99e                uartSetMode
 .text.usartIrqHandler
                0x0800b9ba       0x88 obj/VRBRAIN/drivers/uart_stm32f4xx.o
                0x0800b9ba                usartIrqHandler
 *fill*         0x0800ba42        0x2 
 .text.USART1_IRQHandler
                0x0800ba44        0xc obj/VRBRAIN/drivers/uart_stm32f4xx.o
                0x0800ba44                USART1_IRQHandler
 .text.USART2_IRQHandler
                0x0800ba50        0xc obj/VRBRAIN/drivers/uart_stm32f4xx.o
                0x0800ba50                USART2_IRQHandler
 .text.USART3_IRQHandler
                0x0800ba5c        0xc obj/VRBRAIN/drivers/uart_stm32f4xx.o
                0x0800ba5c                USART3_IRQHandler
 .text.usbSetBaudRate
                0x0800ba68        0x2 obj/VRBRAIN/drivers/usb_stm32f4xx.o
                0x0800ba68                usbSetBaudRate
 .text.usbSetMode
                0x0800ba6a        0x2 obj/VRBRAIN/drivers/usb_stm32f4xx.o
                0x0800ba6a                usbSetMode
 .text.isUsbTransmitBufferEmpty
                0x0800ba6c        0x4 obj/VRBRAIN/drivers/usb_stm32f4xx.o
                0x0800ba6c                isUsbTransmitBufferEmpty
 .text.usbAvailable
                0x0800ba70        0xe obj/VRBRAIN/drivers/usb_stm32f4xx.o
                0x0800ba70                usbAvailable
 .text.usbRead  0x0800ba7e       0x16 obj/VRBRAIN/drivers/usb_stm32f4xx.o
                0x0800ba7e                usbRead
 .text.usbPrint
                0x0800ba94       0x20 obj/VRBRAIN/drivers/usb_stm32f4xx.o
                0x0800ba94                usbPrint
 .text.usbPrintf
                0x0800bab4        0x6 obj/VRBRAIN/drivers/usb_stm32f4xx.o
 *fill*         0x0800baba        0x2 
 .text.usbInit  0x0800babc       0x4c obj/VRBRAIN/drivers/usb_stm32f4xx.o
                0x0800babc                usbInit
 .text.NMI_Handler
                0x0800bb08        0x2 obj/VRBRAIN/drivers/vcp_stm32f4xx/stm32f4xx_it.o
                0x0800bb08                NMI_Handler
 .text.MemManage_Handler
                0x0800bb0a        0x2 obj/VRBRAIN/drivers/vcp_stm32f4xx/stm32f4xx_it.o
                0x0800bb0a                MemManage_Handler
 .text.BusFault_Handler
                0x0800bb0c        0x2 obj/VRBRAIN/drivers/vcp_stm32f4xx/stm32f4xx_it.o
                0x0800bb0c                BusFault_Handler
 .text.UsageFault_Handler
                0x0800bb0e        0x2 obj/VRBRAIN/drivers/vcp_stm32f4xx/stm32f4xx_it.o
                0x0800bb0e                UsageFault_Handler
 .text.SVC_Handler
                0x0800bb10        0x2 obj/VRBRAIN/drivers/vcp_stm32f4xx/stm32f4xx_it.o
                0x0800bb10                SVC_Handler
 .text.DebugMon_Handler
                0x0800bb12        0x2 obj/VRBRAIN/drivers/vcp_stm32f4xx/stm32f4xx_it.o
                0x0800bb12                DebugMon_Handler
 .text.PendSV_Handler
                0x0800bb14        0x2 obj/VRBRAIN/drivers/vcp_stm32f4xx/stm32f4xx_it.o
                0x0800bb14                PendSV_Handler
 *fill*         0x0800bb16        0x2 
 .text.OTG_FS_WKUP_IRQHandler
                0x0800bb18       0x30 obj/VRBRAIN/drivers/vcp_stm32f4xx/stm32f4xx_it.o
                0x0800bb18                OTG_FS_WKUP_IRQHandler
 .text.OTG_FS_IRQHandler
                0x0800bb48        0xc obj/VRBRAIN/drivers/vcp_stm32f4xx/stm32f4xx_it.o
                0x0800bb48                OTG_FS_IRQHandler
 .text.USB_OTG_BSP_Init
                0x0800bb54       0xa8 obj/VRBRAIN/drivers/vcp_stm32f4xx/usb_bsp.o
                0x0800bb54                USB_OTG_BSP_Init
 .text.USB_OTG_BSP_EnableInterrupt
                0x0800bbfc       0x2c obj/VRBRAIN/drivers/vcp_stm32f4xx/usb_bsp.o
                0x0800bbfc                USB_OTG_BSP_EnableInterrupt
 .text.USB_OTG_BSP_uDelay
                0x0800bc28       0x14 obj/VRBRAIN/drivers/vcp_stm32f4xx/usb_bsp.o
                0x0800bc28                USB_OTG_BSP_uDelay
 .text.USB_OTG_BSP_mDelay
                0x0800bc3c        0xa obj/VRBRAIN/drivers/vcp_stm32f4xx/usb_bsp.o
                0x0800bc3c                USB_OTG_BSP_mDelay
 .text.VCP_Init
                0x0800bc46        0x4 obj/VRBRAIN/drivers/vcp_stm32f4xx/usbd_cdc_vcp.o
 .text.VCP_DeInit
                0x0800bc4a        0x4 obj/VRBRAIN/drivers/vcp_stm32f4xx/usbd_cdc_vcp.o
 *fill*         0x0800bc4e        0x2 
 .text.VCP_DataTx
                0x0800bc50       0x30 obj/VRBRAIN/drivers/vcp_stm32f4xx/usbd_cdc_vcp.o
 .text.VCP_DataRx
                0x0800bc80       0x40 obj/VRBRAIN/drivers/vcp_stm32f4xx/usbd_cdc_vcp.o
 .text.VCP_Ctrl
                0x0800bcc0       0x2c obj/VRBRAIN/drivers/vcp_stm32f4xx/usbd_cdc_vcp.o
 .text.VCP_send_buffer
                0x0800bcec        0x4 obj/VRBRAIN/drivers/vcp_stm32f4xx/usbd_cdc_vcp.o
                0x0800bcec                VCP_send_buffer
 .text.VCP_DataRX_IsCharReady
                0x0800bcf0       0x18 obj/VRBRAIN/drivers/vcp_stm32f4xx/usbd_cdc_vcp.o
                0x0800bcf0                VCP_DataRX_IsCharReady
 .text.VCP_get_char
                0x0800bd08       0x34 obj/VRBRAIN/drivers/vcp_stm32f4xx/usbd_cdc_vcp.o
                0x0800bd08                VCP_get_char
 .text.USBD_USR_DeviceDescriptor
                0x0800bd3c        0xc obj/VRBRAIN/drivers/vcp_stm32f4xx/usbd_desc.o
                0x0800bd3c                USBD_USR_DeviceDescriptor
 .text.USBD_USR_LangIDStrDescriptor
                0x0800bd48        0xc obj/VRBRAIN/drivers/vcp_stm32f4xx/usbd_desc.o
                0x0800bd48                USBD_USR_LangIDStrDescriptor
 .text.USBD_USR_ManufacturerStrDescriptor
                0x0800bd54       0x1c obj/VRBRAIN/drivers/vcp_stm32f4xx/usbd_desc.o
                0x0800bd54                USBD_USR_ManufacturerStrDescriptor
 .text.USBD_USR_ProductStrDescriptor
                0x0800bd70       0x24 obj/VRBRAIN/drivers/vcp_stm32f4xx/usbd_desc.o
                0x0800bd70                USBD_USR_ProductStrDescriptor
 .text.USBD_USR_SerialStrDescriptor
                0x0800bd94       0x24 obj/VRBRAIN/drivers/vcp_stm32f4xx/usbd_desc.o
                0x0800bd94                USBD_USR_SerialStrDescriptor
 .text.USBD_USR_ConfigStrDescriptor
                0x0800bdb8       0x1c obj/VRBRAIN/drivers/vcp_stm32f4xx/usbd_desc.o
                0x0800bdb8                USBD_USR_ConfigStrDescriptor
 .text.USBD_USR_InterfaceStrDescriptor
                0x0800bdd4       0x1c obj/VRBRAIN/drivers/vcp_stm32f4xx/usbd_desc.o
                0x0800bdd4                USBD_USR_InterfaceStrDescriptor
 .text.USBD_USR_Init
                0x0800bdf0        0x2 obj/VRBRAIN/drivers/vcp_stm32f4xx/usbd_usr.o
                0x0800bdf0                USBD_USR_Init
 .text.USBD_USR_DeviceReset
                0x0800bdf2        0x2 obj/VRBRAIN/drivers/vcp_stm32f4xx/usbd_usr.o
                0x0800bdf2                USBD_USR_DeviceReset
 .text.USBD_USR_DeviceConfigured
                0x0800bdf4        0x2 obj/VRBRAIN/drivers/vcp_stm32f4xx/usbd_usr.o
                0x0800bdf4                USBD_USR_DeviceConfigured
 .text.USBD_USR_DeviceConnected
                0x0800bdf6        0x2 obj/VRBRAIN/drivers/vcp_stm32f4xx/usbd_usr.o
                0x0800bdf6                USBD_USR_DeviceConnected
 .text.USBD_USR_DeviceDisconnected
                0x0800bdf8        0x2 obj/VRBRAIN/drivers/vcp_stm32f4xx/usbd_usr.o
                0x0800bdf8                USBD_USR_DeviceDisconnected
 .text.USBD_USR_DeviceSuspended
                0x0800bdfa        0x2 obj/VRBRAIN/drivers/vcp_stm32f4xx/usbd_usr.o
                0x0800bdfa                USBD_USR_DeviceSuspended
 .text.USBD_USR_DeviceResumed
                0x0800bdfc        0x2 obj/VRBRAIN/drivers/vcp_stm32f4xx/usbd_usr.o
                0x0800bdfc                USBD_USR_DeviceResumed
 *fill*         0x0800bdfe        0x2 
 .text.cosf     0x0800be00       0x78 c:/gccarm/bin/../lib/gcc/arm-none-eabi/4.8.4/../../../../arm-none-eabi/lib/armv7e-m/fpu\libm.a(lib_a-sf_cos.o)
                0x0800be00                cosf
 .text.lrintf   0x0800be78       0x94 c:/gccarm/bin/../lib/gcc/arm-none-eabi/4.8.4/../../../../arm-none-eabi/lib/armv7e-m/fpu\libm.a(lib_a-sf_lrint.o)
                0x0800be78                lrintf
 .text.sinf     0x0800bf0c       0x7c c:/gccarm/bin/../lib/gcc/arm-none-eabi/4.8.4/../../../../arm-none-eabi/lib/armv7e-m/fpu\libm.a(lib_a-sf_sin.o)
                0x0800bf0c                sinf
 .text.acosf    0x0800bf88       0xbc c:/gccarm/bin/../lib/gcc/arm-none-eabi/4.8.4/../../../../arm-none-eabi/lib/armv7e-m/fpu\libm.a(lib_a-wf_acos.o)
                0x0800bf88                acosf
 .text.atan2f   0x0800c044        0x4 c:/gccarm/bin/../lib/gcc/arm-none-eabi/4.8.4/../../../../arm-none-eabi/lib/armv7e-m/fpu\libm.a(lib_a-wf_atan2.o)
                0x0800c044                atan2f
 .text.powf     0x0800c048      0x348 c:/gccarm/bin/../lib/gcc/arm-none-eabi/4.8.4/../../../../arm-none-eabi/lib/armv7e-m/fpu\libm.a(lib_a-wf_pow.o)
                0x0800c048                powf
 .text.sqrtf    0x0800c390       0xb8 c:/gccarm/bin/../lib/gcc/arm-none-eabi/4.8.4/../../../../arm-none-eabi/lib/armv7e-m/fpu\libm.a(lib_a-wf_sqrt.o)
                0x0800c390                sqrtf
 .text.__ieee754_acosf
                0x0800c448      0x24c c:/gccarm/bin/../lib/gcc/arm-none-eabi/4.8.4/../../../../arm-none-eabi/lib/armv7e-m/fpu\libm.a(lib_a-ef_acos.o)
                0x0800c448                __ieee754_acosf
 .text.__ieee754_atan2f
                0x0800c694      0x164 c:/gccarm/bin/../lib/gcc/arm-none-eabi/4.8.4/../../../../arm-none-eabi/lib/armv7e-m/fpu\libm.a(lib_a-ef_atan2.o)
                0x0800c694                __ieee754_atan2f
 .text.__ieee754_powf
                0x0800c7f8      0x5c8 c:/gccarm/bin/../lib/gcc/arm-none-eabi/4.8.4/../../../../arm-none-eabi/lib/armv7e-m/fpu\libm.a(lib_a-ef_pow.o)
                0x0800c7f8                __ieee754_powf
 .text.__ieee754_rem_pio2f
                0x0800cdc0      0x28c c:/gccarm/bin/../lib/gcc/arm-none-eabi/4.8.4/../../../../arm-none-eabi/lib/armv7e-m/fpu\libm.a(lib_a-ef_rem_pio2.o)
                0x0800cdc0                __ieee754_rem_pio2f
 .text.__ieee754_sqrtf
                0x0800d04c       0xa4 c:/gccarm/bin/../lib/gcc/arm-none-eabi/4.8.4/../../../../arm-none-eabi/lib/armv7e-m/fpu\libm.a(lib_a-ef_sqrt.o)
                0x0800d04c                __ieee754_sqrtf
 .text.__kernel_cosf
                0x0800d0f0      0x104 c:/gccarm/bin/../lib/gcc/arm-none-eabi/4.8.4/../../../../arm-none-eabi/lib/armv7e-m/fpu\libm.a(lib_a-kf_cos.o)
                0x0800d0f0                __kernel_cosf
 .text.__kernel_rem_pio2f
                0x0800d1f4      0x5cc c:/gccarm/bin/../lib/gcc/arm-none-eabi/4.8.4/../../../../arm-none-eabi/lib/armv7e-m/fpu\libm.a(lib_a-kf_rem_pio2.o)
                0x0800d1f4                __kernel_rem_pio2f
 .text.__kernel_sinf
                0x0800d7c0       0x90 c:/gccarm/bin/../lib/gcc/arm-none-eabi/4.8.4/../../../../arm-none-eabi/lib/armv7e-m/fpu\libm.a(lib_a-kf_sin.o)
                0x0800d7c0                __kernel_sinf
 .text.matherr  0x0800d850        0x4 c:/gccarm/bin/../lib/gcc/arm-none-eabi/4.8.4/../../../../arm-none-eabi/lib/armv7e-m/fpu\libm.a(lib_a-s_matherr.o)
                0x0800d850                matherr
 *fill*         0x0800d854        0x4 
 .text.nan      0x0800d858       0x10 c:/gccarm/bin/../lib/gcc/arm-none-eabi/4.8.4/../../../../arm-none-eabi/lib/armv7e-m/fpu\libm.a(lib_a-s_nan.o)
                0x0800d858                nan
 .text.rint     0x0800d868      0x120 c:/gccarm/bin/../lib/gcc/arm-none-eabi/4.8.4/../../../../arm-none-eabi/lib/armv7e-m/fpu\libm.a(lib_a-s_rint.o)
                0x0800d868                rint
 .text.atanf    0x0800d988      0x1b0 c:/gccarm/bin/../lib/gcc/arm-none-eabi/4.8.4/../../../../arm-none-eabi/lib/armv7e-m/fpu\libm.a(lib_a-sf_atan.o)
                0x0800d988                atanf
 .text.fabsf    0x0800db38       0x10 c:/gccarm/bin/../lib/gcc/arm-none-eabi/4.8.4/../../../../arm-none-eabi/lib/armv7e-m/fpu\libm.a(lib_a-sf_fabs.o)
                0x0800db38                fabsf
 .text.finitef  0x0800db48       0x14 c:/gccarm/bin/../lib/gcc/arm-none-eabi/4.8.4/../../../../arm-none-eabi/lib/armv7e-m/fpu\libm.a(lib_a-sf_finite.o)
                0x0800db48                finitef
 .text.floorf   0x0800db5c       0xa0 c:/gccarm/bin/../lib/gcc/arm-none-eabi/4.8.4/../../../../arm-none-eabi/lib/armv7e-m/fpu\libm.a(lib_a-sf_floor.o)
                0x0800db5c                floorf
 .text.__fpclassifyf
                0x0800dbfc       0x38 c:/gccarm/bin/../lib/gcc/arm-none-eabi/4.8.4/../../../../arm-none-eabi/lib/armv7e-m/fpu\libm.a(lib_a-sf_fpclassify.o)
                0x0800dbfc                __fpclassifyf
 .text.nanf     0x0800dc34        0xc c:/gccarm/bin/../lib/gcc/arm-none-eabi/4.8.4/../../../../arm-none-eabi/lib/armv7e-m/fpu\libm.a(lib_a-sf_nan.o)
                0x0800dc34                nanf
 .text.scalbnf  0x0800dc40       0xd8 c:/gccarm/bin/../lib/gcc/arm-none-eabi/4.8.4/../../../../arm-none-eabi/lib/armv7e-m/fpu\libm.a(lib_a-sf_scalbn.o)
                0x0800dc40                scalbnf
 .text.copysignf
                0x0800dd18       0x18 c:/gccarm/bin/../lib/gcc/arm-none-eabi/4.8.4/../../../../arm-none-eabi/lib/armv7e-m/fpu\libm.a(lib_a-sf_copysign.o)
                0x0800dd18                copysignf
 .text.atoi     0x0800dd30        0x8 c:/gccarm/bin/../lib/gcc/arm-none-eabi/4.8.4/../../../../arm-none-eabi/lib/armv7e-m/fpu\libc_s.a(lib_a-atoi.o)
                0x0800dd30                atoi
 .text.bsearch  0x0800dd38       0x42 c:/gccarm/bin/../lib/gcc/arm-none-eabi/4.8.4/../../../../arm-none-eabi/lib/armv7e-m/fpu\libc_s.a(lib_a-bsearch.o)
                0x0800dd38                bsearch
 *fill*         0x0800dd7a        0x2 
 .text.__errno  0x0800dd7c        0xc c:/gccarm/bin/../lib/gcc/arm-none-eabi/4.8.4/../../../../arm-none-eabi/lib/armv7e-m/fpu\libc_s.a(lib_a-errno.o)
                0x0800dd7c                __errno
 .text.memcpy   0x0800dd88       0x12 c:/gccarm/bin/../lib/gcc/arm-none-eabi/4.8.4/../../../../arm-none-eabi/lib/armv7e-m/fpu\libc_s.a(lib_a-memcpy-stub.o)
                0x0800dd88                memcpy
 .text.memset   0x0800dd9a       0x10 c:/gccarm/bin/../lib/gcc/arm-none-eabi/4.8.4/../../../../arm-none-eabi/lib/armv7e-m/fpu\libc_s.a(lib_a-memset.o)
                0x0800dd9a                memset
 .text.strcat   0x0800ddaa       0x1a c:/gccarm/bin/../lib/gcc/arm-none-eabi/4.8.4/../../../../arm-none-eabi/lib/armv7e-m/fpu\libc_s.a(lib_a-strcat.o)
                0x0800ddaa                strcat
 .text.strchr   0x0800ddc4       0x1a c:/gccarm/bin/../lib/gcc/arm-none-eabi/4.8.4/../../../../arm-none-eabi/lib/armv7e-m/fpu\libc_s.a(lib_a-strchr.o)
                0x0800ddc4                strchr
 .text.strlen   0x0800ddde       0x10 c:/gccarm/bin/../lib/gcc/arm-none-eabi/4.8.4/../../../../arm-none-eabi/lib/armv7e-m/fpu\libc_s.a(lib_a-strlen.o)
                0x0800ddde                strlen
 *fill*         0x0800ddee        0x2 
 .text.strncasecmp
                0x0800ddf0       0x44 c:/gccarm/bin/../lib/gcc/arm-none-eabi/4.8.4/../../../../arm-none-eabi/lib/armv7e-m/fpu\libc_s.a(lib_a-strncasecmp.o)
                0x0800ddf0                strncasecmp
 .text.strncpy  0x0800de34       0x24 c:/gccarm/bin/../lib/gcc/arm-none-eabi/4.8.4/../../../../arm-none-eabi/lib/armv7e-m/fpu\libc_s.a(lib_a-strncpy.o)
                0x0800de34                strncpy
 .text.strstr   0x0800de58       0x32 c:/gccarm/bin/../lib/gcc/arm-none-eabi/4.8.4/../../../../arm-none-eabi/lib/armv7e-m/fpu\libc_s.a(lib_a-strstr.o)
                0x0800de58                strstr
 *fill*         0x0800de8a        0x2 
 .text.strtok   0x0800de8c       0x64 c:/gccarm/bin/../lib/gcc/arm-none-eabi/4.8.4/../../../../arm-none-eabi/lib/armv7e-m/fpu\libc_s.a(lib_a-strtok.o)
                0x0800de8c                strtok
 .text.__strtok_r
                0x0800def0       0x56 c:/gccarm/bin/../lib/gcc/arm-none-eabi/4.8.4/../../../../arm-none-eabi/lib/armv7e-m/fpu\libc_s.a(lib_a-strtok_r.o)
                0x0800def0                __strtok_r
 *fill*         0x0800df46        0x2 
 .text._strtol_r
                0x0800df48      0x104 c:/gccarm/bin/../lib/gcc/arm-none-eabi/4.8.4/../../../../arm-none-eabi/lib/armv7e-m/fpu\libc_s.a(lib_a-strtol.o)
                0x0800df48                _strtol_r
 .text.strtol   0x0800e04c       0x1c c:/gccarm/bin/../lib/gcc/arm-none-eabi/4.8.4/../../../../arm-none-eabi/lib/armv7e-m/fpu\libc_s.a(lib_a-strtol.o)
                0x0800e04c                strtol
 .text.malloc   0x0800e068       0x10 c:/gccarm/bin/../lib/gcc/arm-none-eabi/4.8.4/../../../../arm-none-eabi/lib/armv7e-m/fpu\libc_s.a(lib_a-malloc.o)
                0x0800e068                malloc
 .text._malloc_r
                0x0800e078       0xa8 c:/gccarm/bin/../lib/gcc/arm-none-eabi/4.8.4/../../../../arm-none-eabi/lib/armv7e-m/fpu\libc_s.a(lib_a-nano-mallocr.o)
                0x0800e078                _malloc_r
 .text._sbrk_r  0x0800e120       0x20 c:/gccarm/bin/../lib/gcc/arm-none-eabi/4.8.4/../../../../arm-none-eabi/lib/armv7e-m/fpu\libc_s.a(lib_a-sbrkr.o)
                0x0800e120                _sbrk_r
 .text._sbrk    0x0800e140       0x34 c:/gccarm/bin/../lib/gcc/arm-none-eabi/4.8.4/../../../../arm-none-eabi/lib/armv7e-m/fpu\libnosys.a(sbrk.o)
                0x0800e140                _sbrk
 .text          0x0800e174      0x370 c:/gccarm/bin/../lib/gcc/arm-none-eabi/4.8.4/armv7e-m/fpu\libgcc.a(_arm_addsubdf3.o)
                0x0800e174                __aeabi_drsub
                0x0800e17c                __aeabi_dsub
                0x0800e17c                __subdf3
                0x0800e180                __aeabi_dadd
                0x0800e180                __adddf3
                0x0800e3f8                __floatunsidf
                0x0800e3f8                __aeabi_ui2d
                0x0800e418                __floatsidf
                0x0800e418                __aeabi_i2d
                0x0800e43c                __aeabi_f2d
                0x0800e43c                __extendsfdf2
                0x0800e478                __floatundidf
                0x0800e478                __aeabi_ul2d
                0x0800e488                __floatdidf
                0x0800e488                __aeabi_l2d
 .text          0x0800e4e4      0x424 c:/gccarm/bin/../lib/gcc/arm-none-eabi/4.8.4/armv7e-m/fpu\libgcc.a(_arm_muldivdf3.o)
                0x0800e4e4                __aeabi_dmul
                0x0800e4e4                __muldf3
                0x0800e738                __divdf3
                0x0800e738                __aeabi_ddiv
 .text          0x0800e908      0x110 c:/gccarm/bin/../lib/gcc/arm-none-eabi/4.8.4/armv7e-m/fpu\libgcc.a(_arm_cmpdf2.o)
                0x0800e908                __gtdf2
                0x0800e908                __gedf2
                0x0800e910                __ltdf2
                0x0800e910                __ledf2
                0x0800e918                __nedf2
                0x0800e918                __eqdf2
                0x0800e918                __cmpdf2
                0x0800e994                __aeabi_cdrcmple
                0x0800e9a4                __aeabi_cdcmpeq
                0x0800e9a4                __aeabi_cdcmple
                0x0800e9b4                __aeabi_dcmpeq
                0x0800e9c8                __aeabi_dcmplt
                0x0800e9dc                __aeabi_dcmple
                0x0800e9f0                __aeabi_dcmpge
                0x0800ea04                __aeabi_dcmpgt
 .text          0x0800ea18       0xa0 c:/gccarm/bin/../lib/gcc/arm-none-eabi/4.8.4/armv7e-m/fpu\libgcc.a(_arm_truncdfsf2.o)
                0x0800ea18                __truncdfsf2
                0x0800ea18                __aeabi_d2f
 *(.init)
 *(.fini)
 *crtbegin.o(.ctors)
 *crtbegin?.o(.ctors)
 *(EXCLUDE_FILE(*crtend.o *crtend?.o) .ctors)
 *(SORT(.ctors.*))
 *(.ctors)
 *crtbegin.o(.dtors)
 *crtbegin?.o(.dtors)
 *(EXCLUDE_FILE(*crtend.o *crtend?.o) .dtors)
 *(SORT(.dtors.*))
 *(.dtors)
 *(.rodata*)
 .rodata.featureNames
                0x0800eab8       0x40 obj/VRBRAIN/cli.o
 .rodata.mixerNames
                0x0800eaf8       0x5c obj/VRBRAIN/cli.o
 .rodata.cmdTable
                0x0800eb54       0xc0 obj/VRBRAIN/cli.o
                0x0800eb54                cmdTable
 .rodata.accNames
                0x0800ec14       0x20 obj/VRBRAIN/cli.o
 .rodata.str1.1
                0x0800ec34      0xf2d obj/VRBRAIN/cli.o
                                0xf9f (size before relaxing)
 *fill*         0x0800fb61        0x3 
 .rodata.sensorNames
                0x0800fb64       0x20 obj/VRBRAIN/cli.o
 .rodata.hwNames
                0x0800fb84       0x10 obj/VRBRAIN/cli.o
 .rodata.valueTable
                0x0800fb94      0x99c obj/VRBRAIN/cli.o
                0x0800fb94                valueTable
 .rodata        0x08010530        0x8 obj/VRBRAIN/config.o
 .rodata.rcChannelLetters
                0x08010538        0x9 obj/VRBRAIN/config.o
                0x08010538                rcChannelLetters
 .rodata.str1.1
                0x08010541        0x9 obj/VRBRAIN/config.o
 .rodata.str1.1
                0x0801054a       0xda obj/VRBRAIN/gps.o
                                 0xdb (size before relaxing)
 .rodata.ubloxInit
                0x08010624       0x8c obj/VRBRAIN/gps.o
 .rodata.gpsInitData
                0x080106b0       0x50 obj/VRBRAIN/gps.o
 .rodata.mixerOctoFlatX
                0x08010700       0x80 obj/VRBRAIN/mixer.o
 .rodata.mixerTri
                0x08010780       0x30 obj/VRBRAIN/mixer.o
 .rodata.mixerHex6H
                0x080107b0       0x60 obj/VRBRAIN/mixer.o
 .rodata.mixerY6
                0x08010810       0x60 obj/VRBRAIN/mixer.o
 .rodata.mixers
                0x08010870       0xb8 obj/VRBRAIN/mixer.o
                0x08010870                mixers
 .rodata.mixerQuadX
                0x08010928       0x40 obj/VRBRAIN/mixer.o
 .rodata.mixerHex6P
                0x08010968       0x60 obj/VRBRAIN/mixer.o
 .rodata.mixerY4
                0x080109c8       0x40 obj/VRBRAIN/mixer.o
 .rodata.mixerVtail4
                0x08010a08       0x40 obj/VRBRAIN/mixer.o
 .rodata.mixerDualcopter
                0x08010a48       0x20 obj/VRBRAIN/mixer.o
 .rodata.mixerQuadP
                0x08010a68       0x40 obj/VRBRAIN/mixer.o
 .rodata.mixerHex6X
                0x08010aa8       0x60 obj/VRBRAIN/mixer.o
 .rodata.mixerOctoX8
                0x08010b08       0x80 obj/VRBRAIN/mixer.o
 .rodata.mixerOctoFlatP
                0x08010b88       0x80 obj/VRBRAIN/mixer.o
 .rodata.mixerBi
                0x08010c08       0x20 obj/VRBRAIN/mixer.o
 .rodata.pidnames
                0x08010c28       0x30 obj/VRBRAIN/msp.o
 .rodata.str1.1
                0x08010c58       0xaf obj/VRBRAIN/msp.o
 *fill*         0x08010d07        0x1 
 .rodata.hardwareMaps
                0x08010d08       0x10 obj/VRBRAIN/drivers/pwm.o
 .rodata.airNoPWM
                0x08010d18       0x1e obj/VRBRAIN/drivers/pwm.o
 .rodata.airPWM
                0x08010d36       0x1e obj/VRBRAIN/drivers/pwm.o
 .rodata.multiPWM
                0x08010d54       0x1e obj/VRBRAIN/drivers/pwm.o
 .rodata.multiNoPWM
                0x08010d72       0x1e obj/VRBRAIN/drivers/pwm.o
 .rodata.timerHardware
                0x08010d90       0xe0 obj/VRBRAIN/drivers/timer.o
                0x08010d90                timerHardware
 .rodata.timers
                0x08010e70       0x10 obj/VRBRAIN/drivers/timer.o
 .rodata.channels
                0x08010e80        0x8 obj/VRBRAIN/drivers/timer.o
 .rodata        0x08010e88       0x18 obj/VRBRAIN/drivers/gpio_stm32f4xx.o
 .rodata.uartVTable
                0x08010ea0       0x18 obj/VRBRAIN/drivers/uart_stm32f4xx.o
                0x08010ea0                uartVTable
 .rodata.usbVTable
                0x08010eb8       0x18 obj/VRBRAIN/drivers/usb_stm32f4xx.o
                0x08010eb8                usbVTable
 .rodata.str1.1
                0x08010ed0       0x88 obj/VRBRAIN/drivers/vcp_stm32f4xx/usbd_desc.o
 .rodata.TWO23  0x08010f58        0x8 c:/gccarm/bin/../lib/gcc/arm-none-eabi/4.8.4/../../../../arm-none-eabi/lib/armv7e-m/fpu\libm.a(lib_a-sf_lrint.o)
 .rodata.str1.4
                0x08010f60        0x6 c:/gccarm/bin/../lib/gcc/arm-none-eabi/4.8.4/../../../../arm-none-eabi/lib/armv7e-m/fpu\libm.a(lib_a-wf_acos.o)
                                  0xc (size before relaxing)
 *fill*         0x08010f66        0x2 
 .rodata.str1.4
                0x08010f68        0x5 c:/gccarm/bin/../lib/gcc/arm-none-eabi/4.8.4/../../../../arm-none-eabi/lib/armv7e-m/fpu\libm.a(lib_a-wf_pow.o)
                                  0x8 (size before relaxing)
 *fill*         0x08010f6d        0x3 
 .rodata.str1.4
                0x08010f70        0x8 c:/gccarm/bin/../lib/gcc/arm-none-eabi/4.8.4/../../../../arm-none-eabi/lib/armv7e-m/fpu\libm.a(lib_a-wf_sqrt.o)
 .rodata.dp_h   0x08010f78        0x8 c:/gccarm/bin/../lib/gcc/arm-none-eabi/4.8.4/../../../../arm-none-eabi/lib/armv7e-m/fpu\libm.a(lib_a-ef_pow.o)
 .rodata.dp_l   0x08010f80        0x8 c:/gccarm/bin/../lib/gcc/arm-none-eabi/4.8.4/../../../../arm-none-eabi/lib/armv7e-m/fpu\libm.a(lib_a-ef_pow.o)
 .rodata.bp     0x08010f88        0x8 c:/gccarm/bin/../lib/gcc/arm-none-eabi/4.8.4/../../../../arm-none-eabi/lib/armv7e-m/fpu\libm.a(lib_a-ef_pow.o)
 .rodata.str1.4
                0x00000000        0x4 c:/gccarm/bin/../lib/gcc/arm-none-eabi/4.8.4/../../../../arm-none-eabi/lib/armv7e-m/fpu\libm.a(lib_a-ef_pow.o)
 .rodata.npio2_hw
                0x08010f90       0x80 c:/gccarm/bin/../lib/gcc/arm-none-eabi/4.8.4/../../../../arm-none-eabi/lib/armv7e-m/fpu\libm.a(lib_a-ef_rem_pio2.o)
 .rodata.two_over_pi
                0x08011010      0x318 c:/gccarm/bin/../lib/gcc/arm-none-eabi/4.8.4/../../../../arm-none-eabi/lib/armv7e-m/fpu\libm.a(lib_a-ef_rem_pio2.o)
 .rodata.init_jk
                0x08011328        0xc c:/gccarm/bin/../lib/gcc/arm-none-eabi/4.8.4/../../../../arm-none-eabi/lib/armv7e-m/fpu\libm.a(lib_a-kf_rem_pio2.o)
 .rodata.PIo2   0x08011334       0x2c c:/gccarm/bin/../lib/gcc/arm-none-eabi/4.8.4/../../../../arm-none-eabi/lib/armv7e-m/fpu\libm.a(lib_a-kf_rem_pio2.o)
 .rodata.TWO52  0x08011360       0x10 c:/gccarm/bin/../lib/gcc/arm-none-eabi/4.8.4/../../../../arm-none-eabi/lib/armv7e-m/fpu\libm.a(lib_a-s_rint.o)
 .rodata.atanlo
                0x08011370       0x10 c:/gccarm/bin/../lib/gcc/arm-none-eabi/4.8.4/../../../../arm-none-eabi/lib/armv7e-m/fpu\libm.a(lib_a-sf_atan.o)
 .rodata.atanhi
                0x08011380       0x10 c:/gccarm/bin/../lib/gcc/arm-none-eabi/4.8.4/../../../../arm-none-eabi/lib/armv7e-m/fpu\libm.a(lib_a-sf_atan.o)
 .rodata._ctype_
                0x08011390      0x101 c:/gccarm/bin/../lib/gcc/arm-none-eabi/4.8.4/../../../../arm-none-eabi/lib/armv7e-m/fpu\libc_s.a(lib_a-ctype_.o)
                0x08011390                _ctype_
 .rodata.str1.1
                0x00000000       0x88 c:/gccarm/bin/../lib/gcc/arm-none-eabi/4.8.4/../../../../arm-none-eabi/lib/armv7e-m/fpu\libc_s.a(lib_a-impure.o)
                                  0x2 (size before relaxing)
 *(.eh_fram e*)

.glue_7         0x08011494        0x0
 .glue_7        0x00000000        0x0 linker stubs

.glue_7t        0x08011494        0x0
 .glue_7t       0x00000000        0x0 linker stubs

.vfp11_veneer   0x08011494        0x0
 .vfp11_veneer  0x00000000        0x0 linker stubs

.v4_bx          0x08011494        0x0
 .v4_bx         0x00000000        0x0 linker stubs

.iplt           0x08011494        0x0
 .iplt          0x00000000        0x0 obj/VRBRAIN/align.o

.rel.dyn        0x08011494        0x0
 .rel.iplt      0x00000000        0x0 obj/VRBRAIN/align.o

.ARM.extab
 *(.ARM.extab* .gnu.linkonce.armextab.*)
                0x08011494                __exidx_start = .

.ARM.exidx
 *(.ARM.exidx* .gnu.linkonce.armexidx.*)
                0x08011494                __exidx_end = .
                0x08011494                __etext = .
                0x08011491                _sidata = __etext

.data           0x20000000      0x2ec load address 0x08011491
                0x20000000                __data_start__ = .
                0x20000000                _sdata = __data_start__
 *(vtable)
 *(.data*)
 .data.standardBoardAlignment
                0x20000000        0x1 obj/VRBRAIN/align.o
 *fill*         0x20000001        0x3 
 .data.GPS_scaleLonDown
                0x20000004        0x4 obj/VRBRAIN/gps.o
 .data.sonarAlt
                0x20000008        0x4 obj/VRBRAIN/imu.o
                0x20000008                sonarAlt
 .data.EstN.10642
                0x2000000c        0xc obj/VRBRAIN/imu.o
 .data.batteryCellCount
                0x20000018        0x1 obj/VRBRAIN/mw.o
                0x20000018                batteryCellCount
 .data.GPSNavReset.10725
                0x20000019        0x1 obj/VRBRAIN/mw.o
 *fill*         0x2000001a        0x2 
 .data.pid_controller
                0x2000001c        0x4 obj/VRBRAIN/mw.o
                0x2000001c                pid_controller
 .data.servo    0x20000020       0x10 obj/VRBRAIN/mixer.o
                0x20000020                servo
 .data.boxes    0x20000030      0x108 obj/VRBRAIN/msp.o
                0x20000030                boxes
 .data.acc_1G   0x20000138        0x2 obj/VRBRAIN/sensors.o
                0x20000138                acc_1G
 .data.AHBPrescTable
                0x2000013a       0x10 obj/VRBRAIN/system_stm32f4xx.o
                0x2000013a                AHBPrescTable
 *fill*         0x2000014a        0x2 
 .data.SystemCoreClock
                0x2000014c        0x4 obj/VRBRAIN/system_stm32f4xx.o
                0x2000014c                SystemCoreClock
 .data.USBD_DCD_INT_fops
                0x20000150        0x4 obj/VRBRAIN/usbd_core.o
                0x20000150                USBD_DCD_INT_fops
 .data.USBD_DCD_INT_cb
                0x20000154       0x2c obj/VRBRAIN/usbd_core.o
                0x20000154                USBD_DCD_INT_cb
 .data.APBAHBPrescTable
                0x20000180       0x10 obj/VRBRAIN/stm32f4xx_rcc.o
 .data.cdcCmd   0x20000190        0x4 obj/VRBRAIN/usbd_cdc_core.o
 .data.usbd_cdc_CfgDesc
                0x20000194       0x43 obj/VRBRAIN/usbd_cdc_core.o
                0x20000194                usbd_cdc_CfgDesc
 *fill*         0x200001d7        0x1 
 .data.USBD_CDC_cb
                0x200001d8       0x2c obj/VRBRAIN/usbd_cdc_core.o
                0x200001d8                USBD_CDC_cb
 .data.failsafeThreshold
                0x20000204        0x2 obj/VRBRAIN/drivers/pwm.o
 *fill*         0x20000206        0x2 
 .data.magGain  0x20000208        0xc obj/VRBRAIN/sensors/i2c_hmc5883l.o
 .data.VCP_fops
                0x20000214       0x14 obj/VRBRAIN/drivers/vcp_stm32f4xx/usbd_cdc_vcp.o
                0x20000214                VCP_fops
 .data.linecoding
                0x20000228        0x8 obj/VRBRAIN/drivers/vcp_stm32f4xx/usbd_cdc_vcp.o
                0x20000228                linecoding
 .data.USR_desc
                0x20000230       0x1c obj/VRBRAIN/drivers/vcp_stm32f4xx/usbd_desc.o
                0x20000230                USR_desc
 .data.USBD_LangIDDesc
                0x2000024c        0x4 obj/VRBRAIN/drivers/vcp_stm32f4xx/usbd_desc.o
                0x2000024c                USBD_LangIDDesc
 .data.USBD_DeviceDesc
                0x20000250       0x12 obj/VRBRAIN/drivers/vcp_stm32f4xx/usbd_desc.o
                0x20000250                USBD_DeviceDesc
 *fill*         0x20000262        0x2 
 .data.USR_cb   0x20000264       0x1c obj/VRBRAIN/drivers/vcp_stm32f4xx/usbd_usr.o
                0x20000264                USR_cb
 .data.__fdlib_version
                0x20000280        0x1 c:/gccarm/bin/../lib/gcc/arm-none-eabi/4.8.4/../../../../arm-none-eabi/lib/armv7e-m/fpu\libm.a(lib_a-s_lib_ver.o)
                0x20000280                __fdlib_version
 *fill*         0x20000281        0x3 
 .data.__ctype_ptr__
                0x20000284        0x4 c:/gccarm/bin/../lib/gcc/arm-none-eabi/4.8.4/../../../../arm-none-eabi/lib/armv7e-m/fpu\libc_s.a(lib_a-ctype_.o)
                0x20000284                __ctype_ptr__
 .data.impure_data
                0x20000288       0x60 c:/gccarm/bin/../lib/gcc/arm-none-eabi/4.8.4/../../../../arm-none-eabi/lib/armv7e-m/fpu\libc_s.a(lib_a-impure.o)
 .data._impure_ptr
                0x200002e8        0x4 c:/gccarm/bin/../lib/gcc/arm-none-eabi/4.8.4/../../../../arm-none-eabi/lib/armv7e-m/fpu\libc_s.a(lib_a-impure.o)
                0x200002e8                _impure_ptr
                0x200002ec                . = ALIGN (0x4)
                0x200002ec                PROVIDE (__preinit_array_start, .)
 *(.preinit_array)
                0x200002ec                PROVIDE (__preinit_array_end, .)
                0x200002ec                . = ALIGN (0x4)
                0x200002ec                PROVIDE (__init_array_start, .)
 *(SORT(.init_array.*))
 *(.init_array)
                0x200002ec                PROVIDE (__init_array_end, .)
                0x200002ec                . = ALIGN (0x4)
                0x200002ec                PROVIDE (__fini_array_start, .)
 *(SORT(.fini_array.*))
 *(.fini_array)
                0x200002ec                PROVIDE (__fini_array_end, .)
 *(.jcr*)
                0x200002ec                . = ALIGN (0x4)
                0x200002ec                __data_end__ = .
                0x200002ec                _edata = __data_end__

.igot.plt       0x200002ec        0x0 load address 0x08011780
 .igot.plt      0x00000000        0x0 obj/VRBRAIN/align.o

.bss            0x200002ec     0x2768 load address 0x08011780
                0x200002ec                . = ALIGN (0x4)
                0x200002ec                __bss_start__ = .
                0x200002ec                _sbss = __bss_start__
 *(.bss*)
 .bss.boardRotation
                0x200002ec       0x24 obj/VRBRAIN/align.o
 .bss.cliMode   0x20000310        0x1 obj/VRBRAIN/cli.o
                0x20000310                cliMode
 .bss.cliBuffer
                0x20000311       0x30 obj/VRBRAIN/cli.o
 *fill*         0x20000341        0x3 
 .bss.bufferIndex
                0x20000344        0x4 obj/VRBRAIN/cli.o
 .bss.enabledSensors
                0x20000348        0x4 obj/VRBRAIN/config.o
 .bss.param.10845
                0x2000034c        0x1 obj/VRBRAIN/gps.o
 .bss._msg_id   0x2000034d        0x1 obj/VRBRAIN/gps.o
 *fill*         0x2000034e        0x2 
 .bss.poshold_ratePID
                0x20000350       0x28 obj/VRBRAIN/gps.o
 .bss.checksum_param.10849
                0x20000378        0x1 obj/VRBRAIN/gps.o
 *fill*         0x20000379        0x1 
 .bss.rate_error
                0x2000037a        0x4 obj/VRBRAIN/gps.o
 *fill*         0x2000037e        0x2 
 .bss.GPS_filtered
                0x20000380        0x8 obj/VRBRAIN/gps.o
 .bss.GPS_filter
                0x20000388       0x28 obj/VRBRAIN/gps.o
 .bss.crosstrack_error
                0x200003b0        0x2 obj/VRBRAIN/gps.o
 .bss.offset.10846
                0x200003b2        0x1 obj/VRBRAIN/gps.o
 *fill*         0x200003b3        0x1 
 .bss.speed_old.10766
                0x200003b4        0x4 obj/VRBRAIN/gps.o
 .bss.navPID_PARAM
                0x200003b8       0x10 obj/VRBRAIN/gps.o
 .bss.posholdPID
                0x200003c8       0x28 obj/VRBRAIN/gps.o
 .bss._payload_counter
                0x200003f0        0x2 obj/VRBRAIN/gps.o
 *fill*         0x200003f2        0x2 
 .bss.posholdPID_PARAM
                0x200003f4       0x10 obj/VRBRAIN/gps.o
 .bss.parity.10847
                0x20000404        0x1 obj/VRBRAIN/gps.o
 .bss.string.10848
                0x20000405        0xf obj/VRBRAIN/gps.o
 .bss._new_position
                0x20000414        0x1 obj/VRBRAIN/gps.o
 .bss._ck_a     0x20000415        0x1 obj/VRBRAIN/gps.o
 .bss._payload_length
                0x20000416        0x2 obj/VRBRAIN/gps.o
 .bss._ck_b     0x20000418        0x1 obj/VRBRAIN/gps.o
 *fill*         0x20000419        0x1 
 .bss.nav_takeoff_bearing
                0x2000041a        0x2 obj/VRBRAIN/gps.o
 .bss.nav_bearing
                0x2000041c        0x4 obj/VRBRAIN/gps.o
 .bss.GPS_WP    0x20000420        0x8 obj/VRBRAIN/gps.o
 .bss.frame.10850
                0x20000428        0x1 obj/VRBRAIN/gps.o
 *fill*         0x20000429        0x3 
 .bss.nav_loopTimer.10714
                0x2000042c        0x4 obj/VRBRAIN/gps.o
 .bss.fraction3
                0x20000430        0x4 obj/VRBRAIN/gps.o
 .bss.poshold_ratePID_PARAM
                0x20000434       0x10 obj/VRBRAIN/gps.o
 .bss.target_bearing
                0x20000444        0x4 obj/VRBRAIN/gps.o
 .bss.GPS_degree
                0x20000448        0x8 obj/VRBRAIN/gps.o
 .bss.actual_speed
                0x20000450        0x4 obj/VRBRAIN/gps.o
 .bss._step     0x20000454        0x1 obj/VRBRAIN/gps.o
 *fill*         0x20000455        0x3 
 .bss.navPID    0x20000458       0x28 obj/VRBRAIN/gps.o
 .bss.GPS_filter_sum
                0x20000480        0x8 obj/VRBRAIN/gps.o
 .bss.wp_distance
                0x20000488        0x4 obj/VRBRAIN/gps.o
 .bss.original_target_bearing
                0x2000048c        0x4 obj/VRBRAIN/gps.o
 .bss._class    0x20000490        0x1 obj/VRBRAIN/gps.o
 .bss.init.10768
                0x20000491        0x1 obj/VRBRAIN/gps.o
 .bss._new_speed
                0x20000492        0x1 obj/VRBRAIN/gps.o
 *fill*         0x20000493        0x1 
 .bss.last.10767
                0x20000494        0x8 obj/VRBRAIN/gps.o
 .bss.GPS_read  0x2000049c        0x8 obj/VRBRAIN/gps.o
 .bss.next_fix  0x200004a4        0x1 obj/VRBRAIN/gps.o
 *fill*         0x200004a5        0x3 
 .bss.dTnav     0x200004a8        0x4 obj/VRBRAIN/gps.o
 .bss.waypoint_speed_gov
                0x200004ac        0x2 obj/VRBRAIN/gps.o
 *fill*         0x200004ae        0x2 
 .bss.error     0x200004b0        0x8 obj/VRBRAIN/gps.o
 .bss.GPS_filter_index
                0x200004b8        0x1 obj/VRBRAIN/gps.o
 *fill*         0x200004b9        0x3 
 .bss._buffer   0x200004bc       0xc8 obj/VRBRAIN/gps.o
 .bss.accLPF.10643
                0x20000584        0xc obj/VRBRAIN/imu.o
 .bss.baroTemperature
                0x20000590        0x4 obj/VRBRAIN/imu.o
                0x20000590                baroTemperature